[0.010s][info][gc] Using G1
[0.011s][info][gc,init] Version: 17+35-2724 (release)
[0.011s][info][gc,init] CPUs: 8 total, 8 available
[0.011s][info][gc,init] Memory: 8192M
[0.011s][info][gc,init] Large Page Support: Disabled
[0.011s][info][gc,init] NUMA Support: Disabled
[0.011s][info][gc,init] Compressed Oops: Enabled (Zero based)
[0.011s][info][gc,init] Heap Region Size: 1M
[0.011s][info][gc,init] Heap Min Capacity: 52M
[0.011s][info][gc,init] Heap Initial Capacity: 52M
[0.011s][info][gc,init] Heap Max Capacity: 204M
[0.011s][info][gc,init] Pre-touch: Disabled
[0.011s][info][gc,init] Parallel Workers: 8
[0.011s][info][gc,init] Concurrent Workers: 2
[0.011s][info][gc,init] Concurrent Refinement Workers: 8
[0.011s][info][gc,init] Periodic GC: Disabled
[0.012s][info][gc,metaspace] CDS archive(s) mapped at: [0x0000000800000000-0x0000000800bd0000-0x0000000800bd0000), size 12386304, SharedBaseAddress: 0x0000000800000000, ArchiveRelocationMode: 0.
[0.012s][info][gc,metaspace] Compressed class space mapped at: 0x0000000800c00000-0x0000000840c00000, reserved size: 1073741824
[0.012s][info][gc,metaspace] Narrow klass base: 0x0000000800000000, Narrow klass shift: 0, Narrow klass range: 0x100000000
[0.351s][info][gc,start    ] GC(0) Pause Young (Normal) (G1 Evacuation Pause)
[0.352s][info][gc,task     ] GC(0) Using 2 workers of 8 for evacuation
[0.365s][info][gc,phases   ] GC(0)   Pre Evacuate Collection Set: 0.0ms
[0.365s][info][gc,phases   ] GC(0)   Merge Heap Roots: 0.0ms
[0.365s][info][gc,phases   ] GC(0)   Evacuate Collection Set: 12.7ms
[0.365s][info][gc,phases   ] GC(0)   Post Evacuate Collection Set: 0.2ms
[0.365s][info][gc,phases   ] GC(0)   Other: 0.3ms
[0.365s][info][gc,heap     ] GC(0) Eden regions: 23->0(10)
[0.365s][info][gc,heap     ] GC(0) Survivor regions: 0->3(3)
[0.365s][info][gc,heap     ] GC(0) Old regions: 0->10
[0.365s][info][gc,heap     ] GC(0) Archive regions: 2->2
[0.365s][info][gc,heap     ] GC(0) Humongous regions: 0->0
[0.365s][info][gc,metaspace] GC(0) Metaspace: 778K(1024K)->778K(1024K) NonClass: 710K(832K)->710K(832K) Class: 67K(192K)->67K(192K)
[0.365s][info][gc          ] GC(0) Pause Young (Normal) (G1 Evacuation Pause) 23M->13M(54M) 13.491ms
[0.365s][info][gc,cpu      ] GC(0) User=0.02s Sys=0.00s Real=0.01s
[0.402s][info][gc,start    ] GC(1) Pause Young (Normal) (G1 Evacuation Pause)
[0.402s][info][gc,task     ] GC(1) Using 2 workers of 8 for evacuation
[0.410s][info][gc,phases   ] GC(1)   Pre Evacuate Collection Set: 0.0ms
[0.410s][info][gc,phases   ] GC(1)   Merge Heap Roots: 0.1ms
[0.410s][info][gc,phases   ] GC(1)   Evacuate Collection Set: 7.7ms
[0.410s][info][gc,phases   ] GC(1)   Post Evacuate Collection Set: 0.2ms
[0.410s][info][gc,phases   ] GC(1)   Other: 0.1ms
[0.410s][info][gc,heap     ] GC(1) Eden regions: 10->0(8)
[0.410s][info][gc,heap     ] GC(1) Survivor regions: 3->2(2)
[0.410s][info][gc,heap     ] GC(1) Old regions: 10->16
[0.410s][info][gc,heap     ] GC(1) Archive regions: 2->2
[0.410s][info][gc,heap     ] GC(1) Humongous regions: 0->0
[0.410s][info][gc,metaspace] GC(1) Metaspace: 778K(1024K)->778K(1024K) NonClass: 711K(832K)->711K(832K) Class: 67K(192K)->67K(192K)
[0.410s][info][gc          ] GC(1) Pause Young (Normal) (G1 Evacuation Pause) 23M->18M(54M) 8.295ms
[0.410s][info][gc,cpu      ] GC(1) User=0.01s Sys=0.00s Real=0.01s
[0.433s][info][gc,start    ] GC(2) Pause Young (Normal) (G1 Evacuation Pause)
[0.433s][info][gc,task     ] GC(2) Using 2 workers of 8 for evacuation
[0.441s][info][gc,phases   ] GC(2)   Pre Evacuate Collection Set: 0.0ms
[0.441s][info][gc,phases   ] GC(2)   Merge Heap Roots: 0.1ms
[0.441s][info][gc,phases   ] GC(2)   Evacuate Collection Set: 6.8ms
[0.441s][info][gc,phases   ] GC(2)   Post Evacuate Collection Set: 0.2ms
[0.441s][info][gc,phases   ] GC(2)   Other: 0.1ms
[0.441s][info][gc,heap     ] GC(2) Eden regions: 8->0(8)
[0.441s][info][gc,heap     ] GC(2) Survivor regions: 2->2(2)
[0.441s][info][gc,heap     ] GC(2) Old regions: 16->20
[0.441s][info][gc,heap     ] GC(2) Archive regions: 2->2
[0.441s][info][gc,heap     ] GC(2) Humongous regions: 0->0
[0.441s][info][gc,metaspace] GC(2) Metaspace: 780K(1024K)->780K(1024K) NonClass: 712K(832K)->712K(832K) Class: 67K(192K)->67K(192K)
[0.441s][info][gc          ] GC(2) Pause Young (Normal) (G1 Evacuation Pause) 26M->22M(54M) 7.446ms
[0.441s][info][gc,cpu      ] GC(2) User=0.02s Sys=0.01s Real=0.01s
[0.451s][info][gc,start    ] GC(3) Pause Young (Concurrent Start) (G1 Humongous Allocation)
[0.451s][info][gc,task     ] GC(3) Using 2 workers of 8 for evacuation
[0.455s][info][gc,phases   ] GC(3)   Pre Evacuate Collection Set: 0.0ms
[0.455s][info][gc,phases   ] GC(3)   Merge Heap Roots: 0.1ms
[0.455s][info][gc,phases   ] GC(3)   Evacuate Collection Set: 3.9ms
[0.455s][info][gc,phases   ] GC(3)   Post Evacuate Collection Set: 0.1ms
[0.455s][info][gc,phases   ] GC(3)   Other: 0.2ms
[0.455s][info][gc,heap     ] GC(3) Eden regions: 2->0(7)
[0.455s][info][gc,heap     ] GC(3) Survivor regions: 2->2(2)
[0.455s][info][gc,heap     ] GC(3) Old regions: 20->23
[0.455s][info][gc,heap     ] GC(3) Archive regions: 2->2
[0.455s][info][gc,heap     ] GC(3) Humongous regions: 1->1
[0.455s][info][gc,metaspace] GC(3) Metaspace: 780K(1024K)->780K(1024K) NonClass: 712K(832K)->712K(832K) Class: 67K(192K)->67K(192K)
[0.455s][info][gc          ] GC(3) Pause Young (Concurrent Start) (G1 Humongous Allocation) 25M->25M(54M) 4.495ms
[0.455s][info][gc,cpu      ] GC(3) User=0.01s Sys=0.00s Real=0.00s
[0.456s][info][gc          ] GC(4) Concurrent Mark Cycle
[0.456s][info][gc,marking  ] GC(4) Concurrent Clear Claimed Marks
[0.456s][info][gc,marking  ] GC(4) Concurrent Clear Claimed Marks 0.011ms
[0.456s][info][gc,marking  ] GC(4) Concurrent Scan Root Regions
[0.456s][info][gc,marking  ] GC(4) Concurrent Scan Root Regions 0.490ms
[0.456s][info][gc,marking  ] GC(4) Concurrent Mark
[0.456s][info][gc,marking  ] GC(4) Concurrent Mark From Roots
[0.456s][info][gc,task     ] GC(4) Using 2 workers of 2 for marking
[0.465s][info][gc,marking  ] GC(4) Concurrent Mark From Roots 9.260ms
[0.465s][info][gc,marking  ] GC(4) Concurrent Preclean
[0.466s][info][gc,marking  ] GC(4) Concurrent Preclean 0.171ms
[0.466s][info][gc,start    ] GC(4) Pause Remark
[0.466s][info][gc          ] GC(4) Pause Remark 28M->28M(54M) 0.374ms
[0.466s][info][gc,cpu      ] GC(4) User=0.00s Sys=0.00s Real=0.00s
[0.466s][info][gc,marking  ] GC(4) Concurrent Mark 10.038ms
[0.466s][info][gc,marking  ] GC(4) Concurrent Rebuild Remembered Sets
[0.472s][info][gc,marking  ] GC(4) Concurrent Rebuild Remembered Sets 6.266ms
[0.473s][info][gc,start    ] GC(4) Pause Cleanup
[0.473s][info][gc          ] GC(4) Pause Cleanup 31M->31M(54M) 0.066ms
[0.473s][info][gc,cpu      ] GC(4) User=0.00s Sys=0.00s Real=0.00s
[0.473s][info][gc,marking  ] GC(4) Concurrent Cleanup for Next Mark
[0.473s][info][gc,marking  ] GC(4) Concurrent Cleanup for Next Mark 0.567ms
[0.473s][info][gc          ] GC(4) Concurrent Mark Cycle 17.751ms
[0.478s][info][gc,start    ] GC(5) Pause Young (Normal) (G1 Evacuation Pause)
[0.478s][info][gc,task     ] GC(5) Using 2 workers of 8 for evacuation
[0.485s][info][gc,phases   ] GC(5)   Pre Evacuate Collection Set: 0.0ms
[0.485s][info][gc,phases   ] GC(5)   Merge Heap Roots: 0.1ms
[0.485s][info][gc,phases   ] GC(5)   Evacuate Collection Set: 6.2ms
[0.485s][info][gc,phases   ] GC(5)   Post Evacuate Collection Set: 0.2ms
[0.485s][info][gc,phases   ] GC(5)   Other: 0.1ms
[0.485s][info][gc,heap     ] GC(5) Eden regions: 7->0(5)
[0.485s][info][gc,heap     ] GC(5) Survivor regions: 2->2(2)
[0.485s][info][gc,heap     ] GC(5) Old regions: 23->27
[0.485s][info][gc,heap     ] GC(5) Archive regions: 2->2
[0.485s][info][gc,heap     ] GC(5) Humongous regions: 2->2
[0.485s][info][gc,metaspace] GC(5) Metaspace: 780K(1024K)->780K(1024K) NonClass: 712K(832K)->712K(832K) Class: 67K(192K)->67K(192K)
[0.485s][info][gc          ] GC(5) Pause Young (Normal) (G1 Evacuation Pause) 33M->31M(54M) 6.782ms
[0.485s][info][gc,cpu      ] GC(5) User=0.01s Sys=0.00s Real=0.01s
[0.489s][info][gc,start    ] GC(6) Pause Young (Concurrent Start) (G1 Humongous Allocation)
[0.489s][info][gc,task     ] GC(6) Using 2 workers of 8 for evacuation
[0.494s][info][gc,phases   ] GC(6)   Pre Evacuate Collection Set: 0.0ms
[0.494s][info][gc,phases   ] GC(6)   Merge Heap Roots: 0.1ms
[0.494s][info][gc,phases   ] GC(6)   Evacuate Collection Set: 4.1ms
[0.494s][info][gc,phases   ] GC(6)   Post Evacuate Collection Set: 0.1ms
[0.494s][info][gc,phases   ] GC(6)   Other: 0.1ms
[0.494s][info][gc,heap     ] GC(6) Eden regions: 3->0(5)
[0.494s][info][gc,heap     ] GC(6) Survivor regions: 2->1(1)
[0.494s][info][gc,heap     ] GC(6) Old regions: 27->29
[0.494s][info][gc,heap     ] GC(6) Archive regions: 2->2
[0.494s][info][gc,heap     ] GC(6) Humongous regions: 2->2
[0.494s][info][gc,metaspace] GC(6) Metaspace: 780K(1024K)->780K(1024K) NonClass: 712K(832K)->712K(832K) Class: 67K(192K)->67K(192K)
[0.494s][info][gc          ] GC(6) Pause Young (Concurrent Start) (G1 Humongous Allocation) 33M->32M(54M) 4.599ms
[0.494s][info][gc,cpu      ] GC(6) User=0.01s Sys=0.00s Real=0.01s
[0.494s][info][gc          ] GC(7) Concurrent Mark Cycle
[0.494s][info][gc,marking  ] GC(7) Concurrent Clear Claimed Marks
[0.494s][info][gc,marking  ] GC(7) Concurrent Clear Claimed Marks 0.014ms
[0.494s][info][gc,marking  ] GC(7) Concurrent Scan Root Regions
[0.496s][info][gc,marking  ] GC(7) Concurrent Scan Root Regions 1.472ms
[0.496s][info][gc,marking  ] GC(7) Concurrent Mark
[0.496s][info][gc,marking  ] GC(7) Concurrent Mark From Roots
[0.496s][info][gc,task     ] GC(7) Using 2 workers of 2 for marking
[0.509s][info][gc,marking  ] GC(7) Concurrent Mark From Roots 13.155ms
[0.509s][info][gc,marking  ] GC(7) Concurrent Preclean
[0.509s][info][gc,marking  ] GC(7) Concurrent Preclean 0.034ms
[0.509s][info][gc,start    ] GC(7) Pause Remark
[0.510s][info][gc          ] GC(7) Pause Remark 37M->36M(64M) 0.479ms
[0.510s][info][gc,cpu      ] GC(7) User=0.00s Sys=0.00s Real=0.00s
[0.510s][info][gc,marking  ] GC(7) Concurrent Mark 13.969ms
[0.510s][info][gc,marking  ] GC(7) Concurrent Rebuild Remembered Sets
[0.513s][info][gc,start    ] GC(8) Pause Young (Normal) (G1 Evacuation Pause)
[0.513s][info][gc,task     ] GC(8) Using 2 workers of 8 for evacuation
[0.520s][info][gc,phases   ] GC(8)   Pre Evacuate Collection Set: 0.0ms
[0.520s][info][gc,phases   ] GC(8)   Merge Heap Roots: 0.1ms
[0.520s][info][gc,phases   ] GC(8)   Evacuate Collection Set: 6.6ms
[0.521s][info][gc,phases   ] GC(8)   Post Evacuate Collection Set: 0.2ms
[0.521s][info][gc,phases   ] GC(8)   Other: 0.1ms
[0.521s][info][gc,heap     ] GC(8) Eden regions: 5->0(7)
[0.521s][info][gc,heap     ] GC(8) Survivor regions: 1->1(1)
[0.521s][info][gc,heap     ] GC(8) Old regions: 29->33
[0.521s][info][gc,heap     ] GC(8) Archive regions: 2->2
[0.521s][info][gc,heap     ] GC(8) Humongous regions: 2->2
[0.521s][info][gc,metaspace] GC(8) Metaspace: 780K(1024K)->780K(1024K) NonClass: 713K(832K)->713K(832K) Class: 67K(192K)->67K(192K)
[0.521s][info][gc          ] GC(8) Pause Young (Normal) (G1 Evacuation Pause) 37M->36M(64M) 7.165ms
[0.521s][info][gc,cpu      ] GC(8) User=0.02s Sys=0.00s Real=0.01s
[0.525s][info][gc,marking  ] GC(7) Concurrent Rebuild Remembered Sets 15.680ms
[0.525s][info][gc,start    ] GC(7) Pause Cleanup
[0.526s][info][gc          ] GC(7) Pause Cleanup 38M->38M(64M) 0.070ms
[0.526s][info][gc,cpu      ] GC(7) User=0.00s Sys=0.00s Real=0.00s
[0.526s][info][gc,marking  ] GC(7) Concurrent Cleanup for Next Mark
[0.526s][info][gc,marking  ] GC(7) Concurrent Cleanup for Next Mark 0.504ms
[0.526s][info][gc          ] GC(7) Concurrent Mark Cycle 32.055ms
[0.544s][info][gc,start    ] GC(9) Pause Young (Prepare Mixed) (G1 Evacuation Pause)
[0.544s][info][gc,task     ] GC(9) Using 2 workers of 8 for evacuation
[0.552s][info][gc,phases   ] GC(9)   Pre Evacuate Collection Set: 0.0ms
[0.552s][info][gc,phases   ] GC(9)   Merge Heap Roots: 0.1ms
[0.552s][info][gc,phases   ] GC(9)   Evacuate Collection Set: 7.8ms
[0.552s][info][gc,phases   ] GC(9)   Post Evacuate Collection Set: 0.1ms
[0.552s][info][gc,phases   ] GC(9)   Other: 0.1ms
[0.552s][info][gc,heap     ] GC(9) Eden regions: 7->0(2)
[0.552s][info][gc,heap     ] GC(9) Survivor regions: 1->1(1)
[0.552s][info][gc,heap     ] GC(9) Old regions: 33->38
[0.552s][info][gc,heap     ] GC(9) Archive regions: 2->2
[0.552s][info][gc,heap     ] GC(9) Humongous regions: 3->3
[0.552s][info][gc,metaspace] GC(9) Metaspace: 780K(1024K)->780K(1024K) NonClass: 713K(832K)->713K(832K) Class: 67K(192K)->67K(192K)
[0.552s][info][gc          ] GC(9) Pause Young (Prepare Mixed) (G1 Evacuation Pause) 44M->42M(64M) 8.329ms
[0.552s][info][gc,cpu      ] GC(9) User=0.02s Sys=0.00s Real=0.01s
[0.556s][info][gc,start    ] GC(10) Pause Young (Mixed) (G1 Evacuation Pause)
[0.556s][info][gc,task     ] GC(10) Using 2 workers of 8 for evacuation
[0.567s][info][gc,phases   ] GC(10)   Pre Evacuate Collection Set: 0.0ms
[0.567s][info][gc,phases   ] GC(10)   Merge Heap Roots: 0.1ms
[0.567s][info][gc,phases   ] GC(10)   Evacuate Collection Set: 9.9ms
[0.567s][info][gc,phases   ] GC(10)   Post Evacuate Collection Set: 0.7ms
[0.567s][info][gc,phases   ] GC(10)   Other: 0.1ms
[0.567s][info][gc,heap     ] GC(10) Eden regions: 2->0(24)
[0.567s][info][gc,heap     ] GC(10) Survivor regions: 1->1(1)
[0.567s][info][gc,heap     ] GC(10) Old regions: 38->39
[0.567s][info][gc,heap     ] GC(10) Archive regions: 2->2
[0.567s][info][gc,heap     ] GC(10) Humongous regions: 3->3
[0.567s][info][gc,metaspace] GC(10) Metaspace: 780K(1024K)->780K(1024K) NonClass: 713K(832K)->713K(832K) Class: 67K(192K)->67K(192K)
[0.567s][info][gc          ] GC(10) Pause Young (Mixed) (G1 Evacuation Pause) 44M->43M(120M) 10.917ms
[0.567s][info][gc,cpu      ] GC(10) User=0.02s Sys=0.00s Real=0.01s
[0.649s][info][gc,start    ] GC(11) Pause Young (Normal) (G1 Evacuation Pause)
[0.649s][info][gc,task     ] GC(11) Using 2 workers of 8 for evacuation
[0.671s][info][gc,phases   ] GC(11)   Pre Evacuate Collection Set: 0.0ms
[0.671s][info][gc,phases   ] GC(11)   Merge Heap Roots: 0.3ms
[0.671s][info][gc,phases   ] GC(11)   Evacuate Collection Set: 21.5ms
[0.671s][info][gc,phases   ] GC(11)   Post Evacuate Collection Set: 0.2ms
[0.671s][info][gc,phases   ] GC(11)   Other: 0.1ms
[0.671s][info][gc,heap     ] GC(11) Eden regions: 24->0(16)
[0.671s][info][gc,heap     ] GC(11) Survivor regions: 1->4(4)
[0.671s][info][gc,heap     ] GC(11) Old regions: 39->52
[0.671s][info][gc,heap     ] GC(11) Archive regions: 2->2
[0.671s][info][gc,heap     ] GC(11) Humongous regions: 7->7
[0.671s][info][gc,metaspace] GC(11) Metaspace: 780K(1024K)->780K(1024K) NonClass: 713K(832K)->713K(832K) Class: 67K(192K)->67K(192K)
[0.671s][info][gc          ] GC(11) Pause Young (Normal) (G1 Evacuation Pause) 71M->63M(120M) 22.253ms
[0.671s][info][gc,cpu      ] GC(11) User=0.05s Sys=0.00s Real=0.03s
[0.674s][info][gc,start    ] GC(12) Pause Young (Concurrent Start) (G1 Humongous Allocation)
[0.674s][info][gc,task     ] GC(12) Using 2 workers of 8 for evacuation
[0.682s][info][gc,phases   ] GC(12)   Pre Evacuate Collection Set: 0.0ms
[0.682s][info][gc,phases   ] GC(12)   Merge Heap Roots: 0.1ms
[0.682s][info][gc,phases   ] GC(12)   Evacuate Collection Set: 7.5ms
[0.682s][info][gc,phases   ] GC(12)   Post Evacuate Collection Set: 0.1ms
[0.682s][info][gc,phases   ] GC(12)   Other: 0.1ms
[0.682s][info][gc,heap     ] GC(12) Eden regions: 2->0(15)
[0.682s][info][gc,heap     ] GC(12) Survivor regions: 4->1(3)
[0.682s][info][gc,heap     ] GC(12) Old regions: 52->57
[0.682s][info][gc,heap     ] GC(12) Archive regions: 2->2
[0.682s][info][gc,heap     ] GC(12) Humongous regions: 7->7
[0.682s][info][gc,metaspace] GC(12) Metaspace: 780K(1024K)->780K(1024K) NonClass: 713K(832K)->713K(832K) Class: 67K(192K)->67K(192K)
[0.682s][info][gc          ] GC(12) Pause Young (Concurrent Start) (G1 Humongous Allocation) 65M->65M(120M) 8.053ms
[0.682s][info][gc,cpu      ] GC(12) User=0.02s Sys=0.00s Real=0.01s
[0.682s][info][gc          ] GC(13) Concurrent Mark Cycle
[0.682s][info][gc,marking  ] GC(13) Concurrent Clear Claimed Marks
[0.682s][info][gc,marking  ] GC(13) Concurrent Clear Claimed Marks 0.011ms
[0.682s][info][gc,marking  ] GC(13) Concurrent Scan Root Regions
[0.683s][info][gc,marking  ] GC(13) Concurrent Scan Root Regions 0.676ms
[0.683s][info][gc,marking  ] GC(13) Concurrent Mark
[0.683s][info][gc,marking  ] GC(13) Concurrent Mark From Roots
[0.683s][info][gc,task     ] GC(13) Using 2 workers of 2 for marking
[0.701s][info][gc,marking  ] GC(13) Concurrent Mark From Roots 18.331ms
[0.701s][info][gc,marking  ] GC(13) Concurrent Preclean
[0.701s][info][gc,marking  ] GC(13) Concurrent Preclean 0.034ms
[0.701s][info][gc,start    ] GC(13) Pause Remark
[0.702s][info][gc          ] GC(13) Pause Remark 72M->67M(120M) 0.383ms
[0.702s][info][gc,cpu      ] GC(13) User=0.01s Sys=0.00s Real=0.00s
[0.702s][info][gc,marking  ] GC(13) Concurrent Mark 19.054ms
[0.702s][info][gc,marking  ] GC(13) Concurrent Rebuild Remembered Sets
[0.716s][info][gc,marking  ] GC(13) Concurrent Rebuild Remembered Sets 14.599ms
[0.717s][info][gc,start    ] GC(13) Pause Cleanup
[0.717s][info][gc          ] GC(13) Pause Cleanup 75M->75M(120M) 0.189ms
[0.717s][info][gc,cpu      ] GC(13) User=0.00s Sys=0.00s Real=0.00s
[0.717s][info][gc,marking  ] GC(13) Concurrent Cleanup for Next Mark
[0.718s][info][gc,marking  ] GC(13) Concurrent Cleanup for Next Mark 0.682ms
[0.718s][info][gc          ] GC(13) Concurrent Mark Cycle 35.781ms
[0.735s][info][gc,start    ] GC(14) Pause Young (Prepare Mixed) (G1 Evacuation Pause)
[0.735s][info][gc,task     ] GC(14) Using 2 workers of 8 for evacuation
[0.755s][info][gc,phases   ] GC(14)   Pre Evacuate Collection Set: 0.0ms
[0.755s][info][gc,phases   ] GC(14)   Merge Heap Roots: 0.1ms
[0.755s][info][gc,phases   ] GC(14)   Evacuate Collection Set: 19.2ms
[0.755s][info][gc,phases   ] GC(14)   Post Evacuate Collection Set: 0.2ms
[0.755s][info][gc,phases   ] GC(14)   Other: 0.2ms
[0.755s][info][gc,heap     ] GC(14) Eden regions: 15->0(4)
[0.755s][info][gc,heap     ] GC(14) Survivor regions: 1->2(2)
[0.755s][info][gc,heap     ] GC(14) Old regions: 57->67
[0.755s][info][gc,heap     ] GC(14) Archive regions: 2->2
[0.755s][info][gc,heap     ] GC(14) Humongous regions: 6->6
[0.755s][info][gc,metaspace] GC(14) Metaspace: 780K(1024K)->780K(1024K) NonClass: 713K(832K)->713K(832K) Class: 67K(192K)->67K(192K)
[0.755s][info][gc          ] GC(14) Pause Young (Prepare Mixed) (G1 Evacuation Pause) 79M->75M(120M) 19.927ms
[0.755s][info][gc,cpu      ] GC(14) User=0.05s Sys=0.00s Real=0.02s
[0.764s][info][gc,start    ] GC(15) Pause Young (Mixed) (G1 Evacuation Pause)
[0.764s][info][gc,task     ] GC(15) Using 2 workers of 8 for evacuation
[0.780s][info][gc,phases   ] GC(15)   Pre Evacuate Collection Set: 0.0ms
[0.781s][info][gc,phases   ] GC(15)   Merge Heap Roots: 0.2ms
[0.781s][info][gc,phases   ] GC(15)   Evacuate Collection Set: 16.0ms
[0.781s][info][gc,phases   ] GC(15)   Post Evacuate Collection Set: 0.2ms
[0.781s][info][gc,phases   ] GC(15)   Other: 0.1ms
[0.781s][info][gc,heap     ] GC(15) Eden regions: 4->0(13)
[0.781s][info][gc,heap     ] GC(15) Survivor regions: 2->1(1)
[0.781s][info][gc,heap     ] GC(15) Old regions: 67->63
[0.781s][info][gc,heap     ] GC(15) Archive regions: 2->2
[0.781s][info][gc,heap     ] GC(15) Humongous regions: 6->6
[0.781s][info][gc,metaspace] GC(15) Metaspace: 780K(1024K)->780K(1024K) NonClass: 713K(832K)->713K(832K) Class: 67K(192K)->67K(192K)
[0.781s][info][gc          ] GC(15) Pause Young (Mixed) (G1 Evacuation Pause) 79M->70M(120M) 16.719ms
[0.781s][info][gc,cpu      ] GC(15) User=0.04s Sys=0.01s Real=0.02s
[0.786s][info][gc,start    ] GC(16) Pause Young (Concurrent Start) (G1 Humongous Allocation)
[0.786s][info][gc,task     ] GC(16) Using 2 workers of 8 for evacuation
[0.791s][info][gc,phases   ] GC(16)   Pre Evacuate Collection Set: 0.0ms
[0.791s][info][gc,phases   ] GC(16)   Merge Heap Roots: 0.1ms
[0.791s][info][gc,phases   ] GC(16)   Evacuate Collection Set: 4.6ms
[0.791s][info][gc,phases   ] GC(16)   Post Evacuate Collection Set: 0.5ms
[0.791s][info][gc,phases   ] GC(16)   Other: 0.1ms
[0.791s][info][gc,heap     ] GC(16) Eden regions: 3->0(24)
[0.791s][info][gc,heap     ] GC(16) Survivor regions: 1->2(2)
[0.791s][info][gc,heap     ] GC(16) Old regions: 63->64
[0.791s][info][gc,heap     ] GC(16) Archive regions: 2->2
[0.791s][info][gc,heap     ] GC(16) Humongous regions: 6->6
[0.791s][info][gc,metaspace] GC(16) Metaspace: 780K(1024K)->780K(1024K) NonClass: 713K(832K)->713K(832K) Class: 67K(192K)->67K(192K)
[0.791s][info][gc          ] GC(16) Pause Young (Concurrent Start) (G1 Humongous Allocation) 73M->72M(154M) 5.465ms
[0.791s][info][gc,cpu      ] GC(16) User=0.01s Sys=0.00s Real=0.01s
[0.791s][info][gc          ] GC(17) Concurrent Mark Cycle
[0.791s][info][gc,marking  ] GC(17) Concurrent Clear Claimed Marks
[0.791s][info][gc,marking  ] GC(17) Concurrent Clear Claimed Marks 0.014ms
[0.791s][info][gc,marking  ] GC(17) Concurrent Scan Root Regions
[0.791s][info][gc,marking  ] GC(17) Concurrent Scan Root Regions 0.313ms
[0.791s][info][gc,marking  ] GC(17) Concurrent Mark
[0.791s][info][gc,marking  ] GC(17) Concurrent Mark From Roots
[0.791s][info][gc,task     ] GC(17) Using 2 workers of 2 for marking
[0.814s][info][gc,marking  ] GC(17) Concurrent Mark From Roots 22.680ms
[0.814s][info][gc,marking  ] GC(17) Concurrent Preclean
[0.814s][info][gc,marking  ] GC(17) Concurrent Preclean 0.036ms
[0.814s][info][gc,start    ] GC(17) Pause Remark
[0.815s][info][gc          ] GC(17) Pause Remark 80M->76M(154M) 0.413ms
[0.815s][info][gc,cpu      ] GC(17) User=0.00s Sys=0.00s Real=0.00s
[0.815s][info][gc,marking  ] GC(17) Concurrent Mark 23.380ms
[0.815s][info][gc,marking  ] GC(17) Concurrent Rebuild Remembered Sets
[0.829s][info][gc,marking  ] GC(17) Concurrent Rebuild Remembered Sets 14.398ms
[0.829s][info][gc,start    ] GC(17) Pause Cleanup
[0.829s][info][gc          ] GC(17) Pause Cleanup 81M->81M(154M) 0.075ms
[0.829s][info][gc,cpu      ] GC(17) User=0.00s Sys=0.00s Real=0.00s
[0.830s][info][gc,marking  ] GC(17) Concurrent Cleanup for Next Mark
[0.830s][info][gc,marking  ] GC(17) Concurrent Cleanup for Next Mark 0.778ms
[0.830s][info][gc          ] GC(17) Concurrent Mark Cycle 39.317ms
[0.872s][info][gc,start    ] GC(18) Pause Young (Prepare Mixed) (G1 Evacuation Pause)
[0.872s][info][gc,task     ] GC(18) Using 3 workers of 8 for evacuation
[0.896s][info][gc,phases   ] GC(18)   Pre Evacuate Collection Set: 0.1ms
[0.896s][info][gc,phases   ] GC(18)   Merge Heap Roots: 0.2ms
[0.896s][info][gc,phases   ] GC(18)   Evacuate Collection Set: 23.1ms
[0.896s][info][gc,phases   ] GC(18)   Post Evacuate Collection Set: 0.3ms
[0.896s][info][gc,phases   ] GC(18)   Other: 0.6ms
[0.896s][info][gc,heap     ] GC(18) Eden regions: 24->0(3)
[0.896s][info][gc,heap     ] GC(18) Survivor regions: 2->4(4)
[0.896s][info][gc,heap     ] GC(18) Old regions: 64->80
[0.896s][info][gc,heap     ] GC(18) Archive regions: 2->2
[0.896s][info][gc,heap     ] GC(18) Humongous regions: 8->8
[0.896s][info][gc,metaspace] GC(18) Metaspace: 780K(1024K)->780K(1024K) NonClass: 713K(832K)->713K(832K) Class: 67K(192K)->67K(192K)
[0.896s][info][gc          ] GC(18) Pause Young (Prepare Mixed) (G1 Evacuation Pause) 98M->92M(154M) 24.438ms
[0.896s][info][gc,cpu      ] GC(18) User=0.06s Sys=0.01s Real=0.02s
[0.908s][info][gc,start    ] GC(19) Pause Young (Mixed) (G1 Evacuation Pause)
[0.908s][info][gc,task     ] GC(19) Using 3 workers of 8 for evacuation
[0.922s][info][gc,phases   ] GC(19)   Pre Evacuate Collection Set: 0.1ms
[0.922s][info][gc,phases   ] GC(19)   Merge Heap Roots: 0.2ms
[0.922s][info][gc,phases   ] GC(19)   Evacuate Collection Set: 13.2ms
[0.922s][info][gc,phases   ] GC(19)   Post Evacuate Collection Set: 0.2ms
[0.922s][info][gc,phases   ] GC(19)   Other: 0.1ms
[0.922s][info][gc,heap     ] GC(19) Eden regions: 3->0(16)
[0.922s][info][gc,heap     ] GC(19) Survivor regions: 4->1(1)
[0.922s][info][gc,heap     ] GC(19) Old regions: 80->81
[0.922s][info][gc,heap     ] GC(19) Archive regions: 2->2
[0.922s][info][gc,heap     ] GC(19) Humongous regions: 8->8
[0.922s][info][gc,metaspace] GC(19) Metaspace: 780K(1024K)->780K(1024K) NonClass: 713K(832K)->713K(832K) Class: 67K(192K)->67K(192K)
[0.922s][info][gc          ] GC(19) Pause Young (Mixed) (G1 Evacuation Pause) 95M->90M(154M) 13.893ms
[0.922s][info][gc,cpu      ] GC(19) User=0.03s Sys=0.01s Real=0.02s
[0.962s][info][gc,start    ] GC(20) Pause Young (Concurrent Start) (G1 Evacuation Pause)
[0.962s][info][gc,task     ] GC(20) Using 3 workers of 8 for evacuation
[0.974s][info][gc,phases   ] GC(20)   Pre Evacuate Collection Set: 0.1ms
[0.974s][info][gc,phases   ] GC(20)   Merge Heap Roots: 0.1ms
[0.974s][info][gc,phases   ] GC(20)   Evacuate Collection Set: 10.8ms
[0.974s][info][gc,phases   ] GC(20)   Post Evacuate Collection Set: 0.1ms
[0.974s][info][gc,phases   ] GC(20)   Other: 0.2ms
[0.974s][info][gc,heap     ] GC(20) Eden regions: 16->0(10)
[0.974s][info][gc,heap     ] GC(20) Survivor regions: 1->3(3)
[0.974s][info][gc,heap     ] GC(20) Old regions: 81->92
[0.974s][info][gc,heap     ] GC(20) Archive regions: 2->2
[0.974s][info][gc,heap     ] GC(20) Humongous regions: 10->10
[0.974s][info][gc,metaspace] GC(20) Metaspace: 780K(1024K)->780K(1024K) NonClass: 713K(832K)->713K(832K) Class: 67K(192K)->67K(192K)
[0.974s][info][gc          ] GC(20) Pause Young (Concurrent Start) (G1 Evacuation Pause) 108M->105M(154M) 11.399ms
[0.974s][info][gc,cpu      ] GC(20) User=0.03s Sys=0.00s Real=0.01s
[0.974s][info][gc          ] GC(21) Concurrent Mark Cycle
[0.974s][info][gc,marking  ] GC(21) Concurrent Clear Claimed Marks
[0.974s][info][gc,marking  ] GC(21) Concurrent Clear Claimed Marks 0.014ms
[0.974s][info][gc,marking  ] GC(21) Concurrent Scan Root Regions
[0.987s][info][gc,marking  ] GC(21) Concurrent Scan Root Regions 13.359ms
[0.987s][info][gc,marking  ] GC(21) Concurrent Mark
[0.987s][info][gc,marking  ] GC(21) Concurrent Mark From Roots
[0.987s][info][gc,task     ] GC(21) Using 2 workers of 2 for marking
[1.006s][info][gc,start    ] GC(22) Pause Young (Normal) (G1 Evacuation Pause)
[1.006s][info][gc,task     ] GC(22) Using 3 workers of 8 for evacuation
[1.018s][info][gc,phases   ] GC(22)   Pre Evacuate Collection Set: 0.0ms
[1.018s][info][gc,phases   ] GC(22)   Merge Heap Roots: 0.1ms
[1.018s][info][gc,phases   ] GC(22)   Evacuate Collection Set: 11.7ms
[1.018s][info][gc,phases   ] GC(22)   Post Evacuate Collection Set: 0.2ms
[1.018s][info][gc,phases   ] GC(22)   Other: 0.1ms
[1.018s][info][gc,heap     ] GC(22) Eden regions: 10->0(6)
[1.019s][info][gc,heap     ] GC(22) Survivor regions: 3->2(2)
[1.019s][info][gc,heap     ] GC(22) Old regions: 92->102
[1.019s][info][gc,heap     ] GC(22) Archive regions: 2->2
[1.019s][info][gc,heap     ] GC(22) Humongous regions: 12->12
[1.019s][info][gc,metaspace] GC(22) Metaspace: 780K(1024K)->780K(1024K) NonClass: 713K(832K)->713K(832K) Class: 67K(192K)->67K(192K)
[1.019s][info][gc          ] GC(22) Pause Young (Normal) (G1 Evacuation Pause) 117M->116M(154M) 12.322ms
[1.019s][info][gc,cpu      ] GC(22) User=0.03s Sys=0.00s Real=0.01s
[1.032s][info][gc,marking  ] GC(21) Concurrent Mark From Roots 44.922ms
[1.032s][info][gc,marking  ] GC(21) Concurrent Preclean
[1.032s][info][gc,marking  ] GC(21) Concurrent Preclean 0.033ms
[1.032s][info][gc,start    ] GC(21) Pause Remark
[1.033s][info][gc          ] GC(21) Pause Remark 123M->115M(195M) 0.769ms
[1.033s][info][gc,cpu      ] GC(21) User=0.00s Sys=0.00s Real=0.00s
[1.033s][info][gc,marking  ] GC(21) Concurrent Mark 46.070ms
[1.033s][info][gc,marking  ] GC(21) Concurrent Rebuild Remembered Sets
[1.038s][info][gc,start    ] GC(23) Pause Young (Normal) (G1 Evacuation Pause)
[1.038s][info][gc,task     ] GC(23) Using 4 workers of 8 for evacuation
[1.048s][info][gc,phases   ] GC(23)   Pre Evacuate Collection Set: 0.0ms
[1.048s][info][gc,phases   ] GC(23)   Merge Heap Roots: 0.1ms
[1.048s][info][gc,phases   ] GC(23)   Evacuate Collection Set: 9.8ms
[1.048s][info][gc,phases   ] GC(23)   Post Evacuate Collection Set: 0.2ms
[1.048s][info][gc,phases   ] GC(23)   Other: 0.2ms
[1.048s][info][gc,heap     ] GC(23) Eden regions: 6->0(20)
[1.048s][info][gc,heap     ] GC(23) Survivor regions: 2->1(1)
[1.048s][info][gc,heap     ] GC(23) Old regions: 102->108
[1.048s][info][gc,heap     ] GC(23) Archive regions: 2->2
[1.048s][info][gc,heap     ] GC(23) Humongous regions: 6->6
[1.048s][info][gc,metaspace] GC(23) Metaspace: 780K(1024K)->780K(1024K) NonClass: 713K(832K)->713K(832K) Class: 67K(192K)->67K(192K)
[1.048s][info][gc          ] GC(23) Pause Young (Normal) (G1 Evacuation Pause) 116M->115M(195M) 10.525ms
[1.048s][info][gc,cpu      ] GC(23) User=0.03s Sys=0.00s Real=0.01s
[1.075s][info][gc,marking  ] GC(21) Concurrent Rebuild Remembered Sets 41.244ms
[1.075s][info][gc,start    ] GC(21) Pause Cleanup
[1.075s][info][gc          ] GC(21) Pause Cleanup 124M->124M(195M) 0.119ms
[1.075s][info][gc,cpu      ] GC(21) User=0.00s Sys=0.00s Real=0.00s
[1.075s][info][gc,marking  ] GC(21) Concurrent Cleanup for Next Mark
[1.076s][info][gc,marking  ] GC(21) Concurrent Cleanup for Next Mark 0.854ms
[1.076s][info][gc          ] GC(21) Concurrent Mark Cycle 102.050ms
[1.114s][info][gc,start    ] GC(24) Pause Young (Prepare Mixed) (G1 Evacuation Pause)
[1.114s][info][gc,task     ] GC(24) Using 4 workers of 8 for evacuation
[1.135s][info][gc,phases   ] GC(24)   Pre Evacuate Collection Set: 0.0ms
[1.135s][info][gc,phases   ] GC(24)   Merge Heap Roots: 0.1ms
[1.135s][info][gc,phases   ] GC(24)   Evacuate Collection Set: 19.8ms
[1.135s][info][gc,phases   ] GC(24)   Post Evacuate Collection Set: 0.2ms
[1.135s][info][gc,phases   ] GC(24)   Other: 0.1ms
[1.135s][info][gc,heap     ] GC(24) Eden regions: 20->0(6)
[1.135s][info][gc,heap     ] GC(24) Survivor regions: 1->3(3)
[1.135s][info][gc,heap     ] GC(24) Old regions: 108->123
[1.135s][info][gc,heap     ] GC(24) Archive regions: 2->2
[1.135s][info][gc,heap     ] GC(24) Humongous regions: 8->8
[1.135s][info][gc,metaspace] GC(24) Metaspace: 780K(1024K)->780K(1024K) NonClass: 713K(832K)->713K(832K) Class: 67K(192K)->67K(192K)
[1.135s][info][gc          ] GC(24) Pause Young (Prepare Mixed) (G1 Evacuation Pause) 137M->134M(195M) 20.478ms
[1.135s][info][gc,cpu      ] GC(24) User=0.06s Sys=0.00s Real=0.02s
[1.156s][info][gc,start    ] GC(25) Pause Young (Mixed) (G1 Evacuation Pause)
[1.156s][info][gc,task     ] GC(25) Using 4 workers of 8 for evacuation
[1.174s][info][gc,phases   ] GC(25)   Pre Evacuate Collection Set: 0.0ms
[1.174s][info][gc,phases   ] GC(25)   Merge Heap Roots: 0.3ms
[1.174s][info][gc,phases   ] GC(25)   Evacuate Collection Set: 17.0ms
[1.174s][info][gc,phases   ] GC(25)   Post Evacuate Collection Set: 0.3ms
[1.174s][info][gc,phases   ] GC(25)   Other: 0.1ms
[1.174s][info][gc,heap     ] GC(25) Eden regions: 6->0(15)
[1.174s][info][gc,heap     ] GC(25) Survivor regions: 3->2(2)
[1.174s][info][gc,heap     ] GC(25) Old regions: 123->119
[1.174s][info][gc,heap     ] GC(25) Archive regions: 2->2
[1.174s][info][gc,heap     ] GC(25) Humongous regions: 10->10
[1.174s][info][gc,metaspace] GC(25) Metaspace: 780K(1024K)->780K(1024K) NonClass: 713K(832K)->713K(832K) Class: 67K(192K)->67K(192K)
[1.174s][info][gc          ] GC(25) Pause Young (Mixed) (G1 Evacuation Pause) 142M->131M(199M) 17.844ms
[1.174s][info][gc,cpu      ] GC(25) User=0.07s Sys=0.01s Real=0.02s
[1.232s][info][gc,start    ] GC(26) Pause Young (Normal) (G1 Evacuation Pause)
[1.232s][info][gc,task     ] GC(26) Using 4 workers of 8 for evacuation
[1.243s][info][gc,phases   ] GC(26)   Pre Evacuate Collection Set: 0.0ms
[1.243s][info][gc,phases   ] GC(26)   Merge Heap Roots: 0.2ms
[1.243s][info][gc,phases   ] GC(26)   Evacuate Collection Set: 11.1ms
[1.243s][info][gc,phases   ] GC(26)   Post Evacuate Collection Set: 0.2ms
[1.243s][info][gc,phases   ] GC(26)   Other: 0.1ms
[1.243s][info][gc,heap     ] GC(26) Eden regions: 15->0(8)
[1.243s][info][gc,heap     ] GC(26) Survivor regions: 2->3(3)
[1.243s][info][gc,heap     ] GC(26) Old regions: 119->131
[1.243s][info][gc,heap     ] GC(26) Archive regions: 2->2
[1.243s][info][gc,heap     ] GC(26) Humongous regions: 16->16
[1.243s][info][gc,metaspace] GC(26) Metaspace: 780K(1024K)->780K(1024K) NonClass: 713K(832K)->713K(832K) Class: 67K(192K)->67K(192K)
[1.243s][info][gc          ] GC(26) Pause Young (Normal) (G1 Evacuation Pause) 152M->150M(199M) 11.689ms
[1.243s][info][gc,cpu      ] GC(26) User=0.04s Sys=0.00s Real=0.01s
[1.256s][info][gc,start    ] GC(27) Pause Young (Concurrent Start) (G1 Humongous Allocation)
[1.256s][info][gc,task     ] GC(27) Using 4 workers of 8 for evacuation
[1.267s][info][gc,phases   ] GC(27)   Pre Evacuate Collection Set: 0.1ms
[1.267s][info][gc,phases   ] GC(27)   Merge Heap Roots: 0.1ms
[1.267s][info][gc,phases   ] GC(27)   Evacuate Collection Set: 10.9ms
[1.267s][info][gc,phases   ] GC(27)   Post Evacuate Collection Set: 0.2ms
[1.267s][info][gc,phases   ] GC(27)   Other: 0.2ms
[1.267s][info][gc,heap     ] GC(27) Eden regions: 7->0(7)
[1.267s][info][gc,heap     ] GC(27) Survivor regions: 3->2(2)
[1.267s][info][gc,heap     ] GC(27) Old regions: 131->136
[1.267s][info][gc,heap     ] GC(27) Archive regions: 2->2
[1.267s][info][gc,heap     ] GC(27) Humongous regions: 16->16
[1.267s][info][gc,metaspace] GC(27) Metaspace: 780K(1024K)->780K(1024K) NonClass: 713K(832K)->713K(832K) Class: 67K(192K)->67K(192K)
[1.267s][info][gc          ] GC(27) Pause Young (Concurrent Start) (G1 Humongous Allocation) 156M->154M(199M) 11.526ms
[1.267s][info][gc,cpu      ] GC(27) User=0.04s Sys=0.00s Real=0.01s
[1.267s][info][gc          ] GC(28) Concurrent Mark Cycle
[1.267s][info][gc,marking  ] GC(28) Concurrent Clear Claimed Marks
[1.267s][info][gc,marking  ] GC(28) Concurrent Clear Claimed Marks 0.011ms
[1.267s][info][gc,marking  ] GC(28) Concurrent Scan Root Regions
[1.271s][info][gc,marking  ] GC(28) Concurrent Scan Root Regions 4.168ms
[1.271s][info][gc,marking  ] GC(28) Concurrent Mark
[1.271s][info][gc,marking  ] GC(28) Concurrent Mark From Roots
[1.271s][info][gc,task     ] GC(28) Using 2 workers of 2 for marking
[1.299s][info][gc,start    ] GC(29) Pause Young (Normal) (G1 Evacuation Pause)
[1.299s][info][gc,task     ] GC(29) Using 4 workers of 8 for evacuation
[1.307s][info][gc,phases   ] GC(29)   Pre Evacuate Collection Set: 0.0ms
[1.308s][info][gc,phases   ] GC(29)   Merge Heap Roots: 0.1ms
[1.308s][info][gc,phases   ] GC(29)   Evacuate Collection Set: 8.1ms
[1.308s][info][gc,phases   ] GC(29)   Post Evacuate Collection Set: 0.2ms
[1.308s][info][gc,phases   ] GC(29)   Other: 0.1ms
[1.308s][info][gc,heap     ] GC(29) Eden regions: 7->0(7)
[1.308s][info][gc,heap     ] GC(29) Survivor regions: 2->2(2)
[1.308s][info][gc,heap     ] GC(29) Old regions: 136->144
[1.308s][info][gc,heap     ] GC(29) Archive regions: 2->2
[1.308s][info][gc,heap     ] GC(29) Humongous regions: 19->19
[1.308s][info][gc,metaspace] GC(29) Metaspace: 780K(1024K)->780K(1024K) NonClass: 713K(832K)->713K(832K) Class: 67K(192K)->67K(192K)
[1.308s][info][gc          ] GC(29) Pause Young (Normal) (G1 Evacuation Pause) 164M->165M(199M) 8.607ms
[1.308s][info][gc,cpu      ] GC(29) User=0.03s Sys=0.01s Real=0.01s
[1.322s][info][gc,marking  ] GC(28) Concurrent Mark From Roots 51.004ms
[1.323s][info][gc,marking  ] GC(28) Concurrent Preclean
[1.323s][info][gc,marking  ] GC(28) Concurrent Preclean 0.035ms
[1.323s][info][gc,start    ] GC(28) Pause Remark
[1.324s][info][gc          ] GC(28) Pause Remark 174M->161M(204M) 0.561ms
[1.324s][info][gc,cpu      ] GC(28) User=0.00s Sys=0.00s Real=0.00s
[1.324s][info][gc,marking  ] GC(28) Concurrent Mark 52.619ms
[1.324s][info][gc,marking  ] GC(28) Concurrent Rebuild Remembered Sets
[1.329s][info][gc,start    ] GC(30) Pause Young (Normal) (G1 Evacuation Pause)
[1.329s][info][gc,task     ] GC(30) Using 4 workers of 8 for evacuation
[1.338s][info][gc,phases   ] GC(30)   Pre Evacuate Collection Set: 0.0ms
[1.338s][info][gc,phases   ] GC(30)   Merge Heap Roots: 0.1ms
[1.338s][info][gc,phases   ] GC(30)   Evacuate Collection Set: 8.8ms
[1.339s][info][gc,phases   ] GC(30)   Post Evacuate Collection Set: 0.2ms
[1.339s][info][gc,phases   ] GC(30)   Other: 0.1ms
[1.339s][info][gc,heap     ] GC(30) Eden regions: 7->0(8)
[1.339s][info][gc,heap     ] GC(30) Survivor regions: 2->2(2)
[1.339s][info][gc,heap     ] GC(30) Old regions: 144->149
[1.339s][info][gc,heap     ] GC(30) Archive regions: 2->2
[1.339s][info][gc,heap     ] GC(30) Humongous regions: 9->9
[1.339s][info][gc,metaspace] GC(30) Metaspace: 780K(1024K)->780K(1024K) NonClass: 713K(832K)->713K(832K) Class: 67K(192K)->67K(192K)
[1.339s][info][gc          ] GC(30) Pause Young (Normal) (G1 Evacuation Pause) 162M->160M(204M) 9.438ms
[1.339s][info][gc,cpu      ] GC(30) User=0.04s Sys=0.00s Real=0.01s
[1.372s][info][gc,start    ] GC(31) Pause Young (Normal) (G1 Evacuation Pause)
[1.372s][info][gc,task     ] GC(31) Using 4 workers of 8 for evacuation
[1.380s][info][gc,phases   ] GC(31)   Pre Evacuate Collection Set: 0.0ms
[1.380s][info][gc,phases   ] GC(31)   Merge Heap Roots: 0.1ms
[1.380s][info][gc,phases   ] GC(31)   Evacuate Collection Set: 7.7ms
[1.380s][info][gc,phases   ] GC(31)   Post Evacuate Collection Set: 0.2ms
[1.380s][info][gc,phases   ] GC(31)   Other: 0.1ms
[1.380s][info][gc,heap     ] GC(31) Eden regions: 8->0(8)
[1.380s][info][gc,heap     ] GC(31) Survivor regions: 2->2(2)
[1.380s][info][gc,heap     ] GC(31) Old regions: 149->157
[1.380s][info][gc,heap     ] GC(31) Archive regions: 2->2
[1.380s][info][gc,heap     ] GC(31) Humongous regions: 9->9
[1.380s][info][gc,metaspace] GC(31) Metaspace: 780K(1024K)->780K(1024K) NonClass: 713K(832K)->713K(832K) Class: 67K(192K)->67K(192K)
[1.380s][info][gc          ] GC(31) Pause Young (Normal) (G1 Evacuation Pause) 168M->168M(204M) 8.290ms
[1.380s][info][gc,cpu      ] GC(31) User=0.03s Sys=0.01s Real=0.01s
[1.385s][info][gc,marking  ] GC(28) Concurrent Rebuild Remembered Sets 61.082ms
[1.385s][info][gc,start    ] GC(28) Pause Cleanup
[1.385s][info][gc          ] GC(28) Pause Cleanup 170M->170M(204M) 0.152ms
[1.386s][info][gc,cpu      ] GC(28) User=0.00s Sys=0.00s Real=0.00s
[1.386s][info][gc,marking  ] GC(28) Concurrent Cleanup for Next Mark
[1.386s][info][gc,marking  ] GC(28) Concurrent Cleanup for Next Mark 0.525ms
[1.386s][info][gc          ] GC(28) Concurrent Mark Cycle 118.960ms
[1.405s][info][gc,start    ] GC(32) Pause Young (Prepare Mixed) (G1 Evacuation Pause)
[1.405s][info][gc,task     ] GC(32) Using 4 workers of 8 for evacuation
[1.413s][info][gc,phases   ] GC(32)   Pre Evacuate Collection Set: 0.1ms
[1.414s][info][gc,phases   ] GC(32)   Merge Heap Roots: 0.2ms
[1.414s][info][gc,phases   ] GC(32)   Evacuate Collection Set: 8.2ms
[1.414s][info][gc,phases   ] GC(32)   Post Evacuate Collection Set: 0.2ms
[1.414s][info][gc,phases   ] GC(32)   Other: 0.1ms
[1.414s][info][gc,heap     ] GC(32) Eden regions: 8->0(8)
[1.414s][info][gc,heap     ] GC(32) Survivor regions: 2->2(2)
[1.414s][info][gc,heap     ] GC(32) Old regions: 157->164
[1.414s][info][gc,heap     ] GC(32) Archive regions: 2->2
[1.414s][info][gc,heap     ] GC(32) Humongous regions: 12->12
[1.414s][info][gc,metaspace] GC(32) Metaspace: 780K(1024K)->780K(1024K) NonClass: 713K(832K)->713K(832K) Class: 67K(192K)->67K(192K)
[1.414s][info][gc          ] GC(32) Pause Young (Prepare Mixed) (G1 Evacuation Pause) 179M->178M(204M) 8.871ms
[1.414s][info][gc,cpu      ] GC(32) User=0.03s Sys=0.00s Real=0.01s
[1.436s][info][gc,start    ] GC(33) Pause Young (Mixed) (G1 Evacuation Pause)
[1.436s][info][gc,task     ] GC(33) Using 4 workers of 8 for evacuation
[1.455s][info][gc,phases   ] GC(33)   Pre Evacuate Collection Set: 0.0ms
[1.455s][info][gc,phases   ] GC(33)   Merge Heap Roots: 0.2ms
[1.455s][info][gc,phases   ] GC(33)   Evacuate Collection Set: 18.1ms
[1.455s][info][gc,phases   ] GC(33)   Post Evacuate Collection Set: 0.2ms
[1.455s][info][gc,phases   ] GC(33)   Other: 0.1ms
[1.455s][info][gc,heap     ] GC(33) Eden regions: 8->0(8)
[1.455s][info][gc,heap     ] GC(33) Survivor regions: 2->2(2)
[1.455s][info][gc,heap     ] GC(33) Old regions: 164->154
[1.455s][info][gc,heap     ] GC(33) Archive regions: 2->2
[1.455s][info][gc,heap     ] GC(33) Humongous regions: 12->12
[1.455s][info][gc,metaspace] GC(33) Metaspace: 780K(1024K)->780K(1024K) NonClass: 713K(832K)->713K(832K) Class: 67K(192K)->67K(192K)
[1.455s][info][gc          ] GC(33) Pause Young (Mixed) (G1 Evacuation Pause) 186M->168M(204M) 18.853ms
[1.455s][info][gc,cpu      ] GC(33) User=0.08s Sys=0.00s Real=0.02s
[1.480s][info][gc,start    ] GC(34) Pause Young (Mixed) (G1 Evacuation Pause)
[1.480s][info][gc,task     ] GC(34) Using 4 workers of 8 for evacuation
[1.498s][info][gc,phases   ] GC(34)   Pre Evacuate Collection Set: 0.0ms
[1.498s][info][gc,phases   ] GC(34)   Merge Heap Roots: 0.4ms
[1.498s][info][gc,phases   ] GC(34)   Evacuate Collection Set: 17.0ms
[1.498s][info][gc,phases   ] GC(34)   Post Evacuate Collection Set: 0.3ms
[1.498s][info][gc,phases   ] GC(34)   Other: 0.1ms
[1.498s][info][gc,heap     ] GC(34) Eden regions: 8->0(8)
[1.498s][info][gc,heap     ] GC(34) Survivor regions: 2->2(2)
[1.498s][info][gc,heap     ] GC(34) Old regions: 154->150
[1.498s][info][gc,heap     ] GC(34) Archive regions: 2->2
[1.498s][info][gc,heap     ] GC(34) Humongous regions: 15->15
[1.498s][info][gc,metaspace] GC(34) Metaspace: 780K(1024K)->780K(1024K) NonClass: 713K(832K)->713K(832K) Class: 67K(192K)->67K(192K)
[1.498s][info][gc          ] GC(34) Pause Young (Mixed) (G1 Evacuation Pause) 179M->167M(204M) 18.007ms
[1.498s][info][gc,cpu      ] GC(34) User=0.07s Sys=0.00s Real=0.01s
[1.517s][info][gc,start    ] GC(35) Pause Young (Mixed) (G1 Evacuation Pause)
[1.517s][info][gc,task     ] GC(35) Using 4 workers of 8 for evacuation
[1.533s][info][gc,phases   ] GC(35)   Pre Evacuate Collection Set: 0.0ms
[1.533s][info][gc,phases   ] GC(35)   Merge Heap Roots: 0.4ms
[1.533s][info][gc,phases   ] GC(35)   Evacuate Collection Set: 15.0ms
[1.533s][info][gc,phases   ] GC(35)   Post Evacuate Collection Set: 0.2ms
[1.533s][info][gc,phases   ] GC(35)   Other: 0.1ms
[1.533s][info][gc,heap     ] GC(35) Eden regions: 8->0(8)
[1.533s][info][gc,heap     ] GC(35) Survivor regions: 2->2(2)
[1.533s][info][gc,heap     ] GC(35) Old regions: 150->151
[1.533s][info][gc,heap     ] GC(35) Archive regions: 2->2
[1.533s][info][gc,heap     ] GC(35) Humongous regions: 15->15
[1.533s][info][gc,metaspace] GC(35) Metaspace: 780K(1024K)->780K(1024K) NonClass: 713K(832K)->713K(832K) Class: 67K(192K)->67K(192K)
[1.533s][info][gc          ] GC(35) Pause Young (Mixed) (G1 Evacuation Pause) 175M->168M(204M) 15.895ms
[1.533s][info][gc,cpu      ] GC(35) User=0.06s Sys=0.00s Real=0.02s
[1.534s][info][gc,start    ] GC(36) Pause Young (Concurrent Start) (G1 Humongous Allocation)
[1.534s][info][gc,task     ] GC(36) Using 4 workers of 8 for evacuation
[1.536s][info][gc,phases   ] GC(36)   Pre Evacuate Collection Set: 0.0ms
[1.536s][info][gc,phases   ] GC(36)   Merge Heap Roots: 0.1ms
[1.536s][info][gc,phases   ] GC(36)   Evacuate Collection Set: 2.0ms
[1.536s][info][gc,phases   ] GC(36)   Post Evacuate Collection Set: 0.1ms
[1.536s][info][gc,phases   ] GC(36)   Other: 0.1ms
[1.536s][info][gc,heap     ] GC(36) Eden regions: 1->0(9)
[1.536s][info][gc,heap     ] GC(36) Survivor regions: 2->1(2)
[1.536s][info][gc,heap     ] GC(36) Old regions: 151->154
[1.536s][info][gc,heap     ] GC(36) Archive regions: 2->2
[1.536s][info][gc,heap     ] GC(36) Humongous regions: 15->15
[1.536s][info][gc,metaspace] GC(36) Metaspace: 780K(1024K)->780K(1024K) NonClass: 713K(832K)->713K(832K) Class: 67K(192K)->67K(192K)
[1.536s][info][gc          ] GC(36) Pause Young (Concurrent Start) (G1 Humongous Allocation) 168M->169M(204M) 2.445ms
[1.536s][info][gc,cpu      ] GC(36) User=0.01s Sys=0.00s Real=0.00s
[1.536s][info][gc          ] GC(37) Concurrent Mark Cycle
[1.536s][info][gc,marking  ] GC(37) Concurrent Clear Claimed Marks
[1.536s][info][gc,marking  ] GC(37) Concurrent Clear Claimed Marks 0.010ms
[1.536s][info][gc,marking  ] GC(37) Concurrent Scan Root Regions
[1.540s][info][gc,marking  ] GC(37) Concurrent Scan Root Regions 3.893ms
[1.540s][info][gc,marking  ] GC(37) Concurrent Mark
[1.540s][info][gc,marking  ] GC(37) Concurrent Mark From Roots
[1.540s][info][gc,task     ] GC(37) Using 2 workers of 2 for marking
[1.573s][info][gc,start    ] GC(38) Pause Young (Normal) (G1 Evacuation Pause)
[1.573s][info][gc,task     ] GC(38) Using 4 workers of 8 for evacuation
[1.580s][info][gc,phases   ] GC(38)   Pre Evacuate Collection Set: 0.0ms
[1.580s][info][gc,phases   ] GC(38)   Merge Heap Roots: 0.1ms
[1.580s][info][gc,phases   ] GC(38)   Evacuate Collection Set: 6.7ms
[1.580s][info][gc,phases   ] GC(38)   Post Evacuate Collection Set: 0.1ms
[1.580s][info][gc,phases   ] GC(38)   Other: 0.1ms
[1.580s][info][gc,heap     ] GC(38) Eden regions: 9->0(8)
[1.580s][info][gc,heap     ] GC(38) Survivor regions: 1->2(2)
[1.580s][info][gc,heap     ] GC(38) Old regions: 154->161
[1.580s][info][gc,heap     ] GC(38) Archive regions: 2->2
[1.580s][info][gc,heap     ] GC(38) Humongous regions: 18->18
[1.580s][info][gc,metaspace] GC(38) Metaspace: 780K(1024K)->780K(1024K) NonClass: 713K(832K)->713K(832K) Class: 67K(192K)->67K(192K)
[1.580s][info][gc          ] GC(38) Pause Young (Normal) (G1 Evacuation Pause) 181M->181M(204M) 7.316ms
[1.580s][info][gc,cpu      ] GC(38) User=0.03s Sys=0.01s Real=0.00s
[1.601s][info][gc,marking  ] GC(37) Concurrent Mark From Roots 60.202ms
[1.601s][info][gc,marking  ] GC(37) Concurrent Preclean
[1.601s][info][gc,marking  ] GC(37) Concurrent Preclean 0.034ms
[1.601s][info][gc,start    ] GC(37) Pause Remark
[1.601s][info][gc          ] GC(37) Pause Remark 192M->180M(204M) 0.408ms
[1.601s][info][gc,cpu      ] GC(37) User=0.00s Sys=0.00s Real=0.00s
[1.601s][info][gc,marking  ] GC(37) Concurrent Mark 61.039ms
[1.601s][info][gc,marking  ] GC(37) Concurrent Rebuild Remembered Sets
[1.603s][info][gc,start    ] GC(39) Pause Young (Normal) (G1 Evacuation Pause)
[1.603s][info][gc,task     ] GC(39) Using 4 workers of 8 for evacuation
[1.611s][info][gc,phases   ] GC(39)   Pre Evacuate Collection Set: 0.0ms
[1.611s][info][gc,phases   ] GC(39)   Merge Heap Roots: 0.1ms
[1.611s][info][gc,phases   ] GC(39)   Evacuate Collection Set: 7.8ms
[1.611s][info][gc,phases   ] GC(39)   Post Evacuate Collection Set: 0.2ms
[1.611s][info][gc,phases   ] GC(39)   Other: 0.1ms
[1.611s][info][gc,heap     ] GC(39) Eden regions: 8->0(8)
[1.611s][info][gc,heap     ] GC(39) Survivor regions: 2->2(2)
[1.611s][info][gc,heap     ] GC(39) Old regions: 161->168
[1.611s][info][gc,heap     ] GC(39) Archive regions: 2->2
[1.611s][info][gc,heap     ] GC(39) Humongous regions: 9->9
[1.611s][info][gc,metaspace] GC(39) Metaspace: 780K(1024K)->780K(1024K) NonClass: 713K(832K)->713K(832K) Class: 67K(192K)->67K(192K)
[1.611s][info][gc          ] GC(39) Pause Young (Normal) (G1 Evacuation Pause) 180M->179M(204M) 8.443ms
[1.612s][info][gc,cpu      ] GC(39) User=0.04s Sys=0.00s Real=0.01s
[1.636s][info][gc,start    ] GC(40) Pause Young (Normal) (G1 Evacuation Pause)
[1.636s][info][gc,task     ] GC(40) Using 4 workers of 8 for evacuation
[1.646s][info][gc,phases   ] GC(40)   Pre Evacuate Collection Set: 0.0ms
[1.646s][info][gc,phases   ] GC(40)   Merge Heap Roots: 0.2ms
[1.646s][info][gc,phases   ] GC(40)   Evacuate Collection Set: 9.7ms
[1.646s][info][gc,phases   ] GC(40)   Post Evacuate Collection Set: 0.2ms
[1.646s][info][gc,phases   ] GC(40)   Other: 0.1ms
[1.646s][info][gc,heap     ] GC(40) Eden regions: 8->0(8)
[1.646s][info][gc,heap     ] GC(40) Survivor regions: 2->2(2)
[1.646s][info][gc,heap     ] GC(40) Old regions: 168->176
[1.646s][info][gc,heap     ] GC(40) Archive regions: 2->2
[1.646s][info][gc,heap     ] GC(40) Humongous regions: 9->9
[1.646s][info][gc,metaspace] GC(40) Metaspace: 780K(1024K)->780K(1024K) NonClass: 713K(832K)->713K(832K) Class: 67K(192K)->67K(192K)
[1.646s][info][gc          ] GC(40) Pause Young (Normal) (G1 Evacuation Pause) 187M->187M(204M) 10.378ms
[1.646s][info][gc,cpu      ] GC(40) User=0.04s Sys=0.00s Real=0.01s
[1.657s][info][gc,start    ] GC(41) Pause Young (Normal) (G1 Preventive Collection)
[1.657s][info][gc,task     ] GC(41) Using 4 workers of 8 for evacuation
[1.665s][info][gc,phases   ] GC(41)   Pre Evacuate Collection Set: 0.1ms
[1.666s][info][gc,phases   ] GC(41)   Merge Heap Roots: 0.2ms
[1.666s][info][gc,phases   ] GC(41)   Evacuate Collection Set: 8.2ms
[1.666s][info][gc,phases   ] GC(41)   Post Evacuate Collection Set: 0.2ms
[1.666s][info][gc,phases   ] GC(41)   Other: 0.2ms
[1.666s][info][gc,heap     ] GC(41) Eden regions: 4->0(8)
[1.666s][info][gc,heap     ] GC(41) Survivor regions: 2->2(2)
[1.666s][info][gc,heap     ] GC(41) Old regions: 176->179
[1.666s][info][gc,heap     ] GC(41) Archive regions: 2->2
[1.666s][info][gc,heap     ] GC(41) Humongous regions: 12->12
[1.666s][info][gc,metaspace] GC(41) Metaspace: 780K(1024K)->780K(1024K) NonClass: 713K(832K)->713K(832K) Class: 67K(192K)->67K(192K)
[1.666s][info][gc          ] GC(41) Pause Young (Normal) (G1 Preventive Collection) 194M->193M(204M) 8.969ms
[1.666s][info][gc,cpu      ] GC(41) User=0.03s Sys=0.00s Real=0.01s
[1.673s][info][gc,marking  ] GC(37) Concurrent Rebuild Remembered Sets 71.873ms
[1.673s][info][gc,start    ] GC(37) Pause Cleanup
[1.674s][info][gc          ] GC(37) Pause Cleanup 196M->196M(204M) 0.144ms
[1.674s][info][gc,cpu      ] GC(37) User=0.00s Sys=0.00s Real=0.00s
[1.674s][info][gc,marking  ] GC(37) Concurrent Cleanup for Next Mark
[1.674s][info][gc,marking  ] GC(37) Concurrent Cleanup for Next Mark 0.351ms
[1.674s][info][gc          ] GC(37) Concurrent Mark Cycle 137.712ms
[1.677s][info][gc,start    ] GC(42) Pause Young (Prepare Mixed) (G1 Preventive Collection)
[1.677s][info][gc,task     ] GC(42) Using 4 workers of 8 for evacuation
[1.685s][info][gc,phases   ] GC(42)   Pre Evacuate Collection Set: 0.1ms
[1.685s][info][gc,phases   ] GC(42)   Merge Heap Roots: 0.1ms
[1.685s][info][gc,phases   ] GC(42)   Evacuate Collection Set: 7.3ms
[1.685s][info][gc,phases   ] GC(42)   Post Evacuate Collection Set: 0.2ms
[1.685s][info][gc,phases   ] GC(42)   Other: 0.1ms
[1.685s][info][gc,heap     ] GC(42) Eden regions: 3->0(8)
[1.685s][info][gc,heap     ] GC(42) Survivor regions: 2->2(2)
[1.685s][info][gc,heap     ] GC(42) Old regions: 179->183
[1.685s][info][gc,heap     ] GC(42) Archive regions: 2->2
[1.685s][info][gc,heap     ] GC(42) Humongous regions: 12->12
[1.685s][info][gc,metaspace] GC(42) Metaspace: 780K(1024K)->780K(1024K) NonClass: 713K(832K)->713K(832K) Class: 67K(192K)->67K(192K)
[1.685s][info][gc          ] GC(42) Pause Young (Prepare Mixed) (G1 Preventive Collection) 196M->197M(204M) 8.000ms
[1.685s][info][gc,cpu      ] GC(42) User=0.03s Sys=0.00s Real=0.01s
[1.689s][info][gc,start    ] GC(43) Pause Young (Mixed) (G1 Preventive Collection)
[1.689s][info][gc,task     ] GC(43) Using 4 workers of 8 for evacuation
[1.703s][info][gc          ] GC(43) To-space exhausted
[1.703s][info][gc,phases   ] GC(43)   Pre Evacuate Collection Set: 0.0ms
[1.703s][info][gc,phases   ] GC(43)   Merge Heap Roots: 0.2ms
[1.703s][info][gc,phases   ] GC(43)   Evacuate Collection Set: 12.5ms
[1.703s][info][gc,phases   ] GC(43)   Post Evacuate Collection Set: 1.5ms
[1.703s][info][gc,phases   ] GC(43)   Other: 0.2ms
[1.703s][info][gc,heap     ] GC(43) Eden regions: 1->0(10)
[1.704s][info][gc,heap     ] GC(43) Survivor regions: 2->0(2)
[1.704s][info][gc,heap     ] GC(43) Old regions: 183->187
[1.704s][info][gc,heap     ] GC(43) Archive regions: 2->2
[1.704s][info][gc,heap     ] GC(43) Humongous regions: 12->12
[1.704s][info][gc,metaspace] GC(43) Metaspace: 780K(1024K)->780K(1024K) NonClass: 713K(832K)->713K(832K) Class: 67K(192K)->67K(192K)
[1.704s][info][gc          ] GC(43) Pause Young (Mixed) (G1 Preventive Collection) 198M->199M(204M) 14.446ms
[1.704s][info][gc,cpu      ] GC(43) User=0.06s Sys=0.00s Real=0.02s
[1.707s][info][gc,start    ] GC(44) Pause Young (Mixed) (G1 Preventive Collection)
[1.707s][info][gc,task     ] GC(44) Using 4 workers of 8 for evacuation
[1.726s][info][gc          ] GC(44) To-space exhausted
[1.726s][info][gc,phases   ] GC(44)   Pre Evacuate Collection Set: 0.0ms
[1.726s][info][gc,phases   ] GC(44)   Merge Heap Roots: 0.3ms
[1.726s][info][gc,phases   ] GC(44)   Evacuate Collection Set: 15.3ms
[1.726s][info][gc,phases   ] GC(44)   Post Evacuate Collection Set: 3.0ms
[1.726s][info][gc,phases   ] GC(44)   Other: 0.1ms
[1.726s][info][gc,heap     ] GC(44) Eden regions: 1->0(10)
[1.726s][info][gc,heap     ] GC(44) Survivor regions: 0->0(2)
[1.726s][info][gc,heap     ] GC(44) Old regions: 187->190
[1.726s][info][gc,heap     ] GC(44) Archive regions: 2->2
[1.726s][info][gc,heap     ] GC(44) Humongous regions: 12->12
[1.726s][info][gc,metaspace] GC(44) Metaspace: 780K(1024K)->780K(1024K) NonClass: 713K(832K)->713K(832K) Class: 67K(192K)->67K(192K)
[1.726s][info][gc          ] GC(44) Pause Young (Mixed) (G1 Preventive Collection) 200M->202M(204M) 18.864ms
[1.726s][info][gc,cpu      ] GC(44) User=0.07s Sys=0.00s Real=0.02s
[1.726s][info][gc,ergo     ] Attempting full compaction
[1.726s][info][gc,task     ] GC(45) Using 4 workers of 8 for full compaction
[1.726s][info][gc,start    ] GC(45) Pause Full (G1 Compaction Pause)
[1.726s][info][gc,phases,start] GC(45) Phase 1: Mark live objects
[1.756s][info][gc,phases      ] GC(45) Phase 1: Mark live objects 29.841ms
[1.756s][info][gc,phases,start] GC(45) Phase 2: Prepare for compaction
[1.762s][info][gc,phases      ] GC(45) Phase 2: Prepare for compaction 5.241ms
[1.762s][info][gc,phases,start] GC(45) Phase 3: Adjust pointers
[1.776s][info][gc,phases      ] GC(45) Phase 3: Adjust pointers 14.427ms
[1.776s][info][gc,phases,start] GC(45) Phase 4: Compact heap
[1.784s][info][gc,phases      ] GC(45) Phase 4: Compact heap 7.933ms
[1.785s][info][gc,heap        ] GC(45) Eden regions: 0->0(17)
[1.785s][info][gc,heap        ] GC(45) Survivor regions: 0->0(2)
[1.785s][info][gc,heap        ] GC(45) Old regions: 190->123
[1.785s][info][gc,heap        ] GC(45) Archive regions: 2->2
[1.785s][info][gc,heap        ] GC(45) Humongous regions: 12->6
[1.785s][info][gc,metaspace   ] GC(45) Metaspace: 780K(1024K)->780K(1024K) NonClass: 713K(832K)->713K(832K) Class: 67K(192K)->67K(192K)
[1.785s][info][gc             ] GC(45) Pause Full (G1 Compaction Pause) 202M->127M(204M) 58.324ms
[1.785s][info][gc,cpu         ] GC(45) User=0.22s Sys=0.01s Real=0.06s
[1.815s][info][gc,start       ] GC(46) Pause Young (Concurrent Start) (G1 Humongous Allocation)
[1.815s][info][gc,task        ] GC(46) Using 4 workers of 8 for evacuation
[1.821s][info][gc,phases      ] GC(46)   Pre Evacuate Collection Set: 0.0ms
[1.821s][info][gc,phases      ] GC(46)   Merge Heap Roots: 0.1ms
[1.821s][info][gc,phases      ] GC(46)   Evacuate Collection Set: 5.5ms
[1.821s][info][gc,phases      ] GC(46)   Post Evacuate Collection Set: 0.2ms
[1.821s][info][gc,phases      ] GC(46)   Other: 0.2ms
[1.821s][info][gc,heap        ] GC(46) Eden regions: 10->0(14)
[1.821s][info][gc,heap        ] GC(46) Survivor regions: 0->3(3)
[1.821s][info][gc,heap        ] GC(46) Old regions: 123->128
[1.821s][info][gc,heap        ] GC(46) Archive regions: 2->2
[1.821s][info][gc,heap        ] GC(46) Humongous regions: 6->6
[1.821s][info][gc,metaspace   ] GC(46) Metaspace: 780K(1024K)->780K(1024K) NonClass: 713K(832K)->713K(832K) Class: 67K(192K)->67K(192K)
[1.822s][info][gc             ] GC(46) Pause Young (Concurrent Start) (G1 Humongous Allocation) 137M->135M(204M) 6.156ms
[1.822s][info][gc,cpu         ] GC(46) User=0.02s Sys=0.00s Real=0.01s
[1.822s][info][gc             ] GC(47) Concurrent Mark Cycle
[1.822s][info][gc,marking     ] GC(47) Concurrent Clear Claimed Marks
[1.822s][info][gc,marking     ] GC(47) Concurrent Clear Claimed Marks 0.014ms
[1.822s][info][gc,marking     ] GC(47) Concurrent Scan Root Regions
[1.830s][info][gc,marking     ] GC(47) Concurrent Scan Root Regions 7.987ms
[1.830s][info][gc,marking     ] GC(47) Concurrent Mark
[1.830s][info][gc,marking     ] GC(47) Concurrent Mark From Roots
[1.830s][info][gc,task        ] GC(47) Using 2 workers of 2 for marking
[1.870s][info][gc,start       ] GC(48) Pause Young (Normal) (G1 Evacuation Pause)
[1.870s][info][gc,task        ] GC(48) Using 4 workers of 8 for evacuation
[1.880s][info][gc,phases      ] GC(48)   Pre Evacuate Collection Set: 0.0ms
[1.880s][info][gc,phases      ] GC(48)   Merge Heap Roots: 0.1ms
[1.880s][info][gc,phases      ] GC(48)   Evacuate Collection Set: 10.4ms
[1.880s][info][gc,phases      ] GC(48)   Post Evacuate Collection Set: 0.2ms
[1.880s][info][gc,phases      ] GC(48)   Other: 0.1ms
[1.880s][info][gc,heap        ] GC(48) Eden regions: 14->0(8)
[1.880s][info][gc,heap        ] GC(48) Survivor regions: 3->3(3)
[1.880s][info][gc,heap        ] GC(48) Old regions: 128->141
[1.880s][info][gc,heap        ] GC(48) Archive regions: 2->2
[1.880s][info][gc,heap        ] GC(48) Humongous regions: 9->9
[1.880s][info][gc,metaspace   ] GC(48) Metaspace: 780K(1024K)->780K(1024K) NonClass: 713K(832K)->713K(832K) Class: 67K(192K)->67K(192K)
[1.880s][info][gc             ] GC(48) Pause Young (Normal) (G1 Evacuation Pause) 152M->151M(204M) 10.964ms
[1.881s][info][gc,cpu         ] GC(48) User=0.04s Sys=0.00s Real=0.02s
[1.900s][info][gc,marking     ] GC(47) Concurrent Mark From Roots 70.009ms
[1.900s][info][gc,marking     ] GC(47) Concurrent Preclean
[1.900s][info][gc,marking     ] GC(47) Concurrent Preclean 0.034ms
[1.900s][info][gc,start       ] GC(47) Pause Remark
[1.900s][info][gc             ] GC(47) Pause Remark 159M->154M(204M) 0.472ms
[1.901s][info][gc,cpu         ] GC(47) User=0.00s Sys=0.00s Real=0.00s
[1.901s][info][gc,marking     ] GC(47) Concurrent Mark 70.866ms
[1.901s][info][gc,marking     ] GC(47) Concurrent Rebuild Remembered Sets
[1.913s][info][gc,start       ] GC(49) Pause Young (Normal) (G1 Evacuation Pause)
[1.913s][info][gc,task        ] GC(49) Using 4 workers of 8 for evacuation
[1.922s][info][gc,phases      ] GC(49)   Pre Evacuate Collection Set: 0.0ms
[1.922s][info][gc,phases      ] GC(49)   Merge Heap Roots: 0.1ms
[1.922s][info][gc,phases      ] GC(49)   Evacuate Collection Set: 8.1ms
[1.922s][info][gc,phases      ] GC(49)   Post Evacuate Collection Set: 0.2ms
[1.922s][info][gc,phases      ] GC(49)   Other: 0.1ms
[1.922s][info][gc,heap        ] GC(49) Eden regions: 8->0(8)
[1.922s][info][gc,heap        ] GC(49) Survivor regions: 3->2(2)
[1.922s][info][gc,heap        ] GC(49) Old regions: 139->148
[1.922s][info][gc,heap        ] GC(49) Archive regions: 2->2
[1.922s][info][gc,heap        ] GC(49) Humongous regions: 9->9
[1.922s][info][gc,metaspace   ] GC(49) Metaspace: 780K(1024K)->780K(1024K) NonClass: 713K(832K)->713K(832K) Class: 67K(192K)->67K(192K)
[1.922s][info][gc             ] GC(49) Pause Young (Normal) (G1 Evacuation Pause) 157M->158M(204M) 8.734ms
[1.922s][info][gc,cpu         ] GC(49) User=0.04s Sys=0.00s Real=0.01s
[1.942s][info][gc,start       ] GC(50) Pause Young (Normal) (G1 Evacuation Pause)
[1.942s][info][gc,task        ] GC(50) Using 4 workers of 8 for evacuation
[1.960s][info][gc,phases      ] GC(50)   Pre Evacuate Collection Set: 0.0ms
[1.960s][info][gc,phases      ] GC(50)   Merge Heap Roots: 0.2ms
[1.960s][info][gc,phases      ] GC(50)   Evacuate Collection Set: 17.2ms
[1.960s][info][gc,phases      ] GC(50)   Post Evacuate Collection Set: 0.2ms
[1.960s][info][gc,phases      ] GC(50)   Other: 0.2ms
[1.960s][info][gc,heap        ] GC(50) Eden regions: 8->0(8)
[1.960s][info][gc,heap        ] GC(50) Survivor regions: 2->2(2)
[1.960s][info][gc,heap        ] GC(50) Old regions: 148->155
[1.960s][info][gc,heap        ] GC(50) Archive regions: 2->2
[1.960s][info][gc,heap        ] GC(50) Humongous regions: 9->9
[1.960s][info][gc,metaspace   ] GC(50) Metaspace: 780K(1024K)->780K(1024K) NonClass: 713K(832K)->713K(832K) Class: 67K(192K)->67K(192K)
[1.960s][info][gc             ] GC(50) Pause Young (Normal) (G1 Evacuation Pause) 166M->165M(204M) 17.913ms
[1.960s][info][gc,cpu         ] GC(50) User=0.07s Sys=0.00s Real=0.02s
[1.969s][info][gc,marking     ] GC(47) Concurrent Rebuild Remembered Sets 68.689ms
[1.969s][info][gc,start       ] GC(47) Pause Cleanup
[1.970s][info][gc             ] GC(47) Pause Cleanup 170M->170M(204M) 0.219ms
[1.970s][info][gc,cpu         ] GC(47) User=0.00s Sys=0.00s Real=0.00s
[1.970s][info][gc,marking     ] GC(47) Concurrent Cleanup for Next Mark
[1.970s][info][gc,marking     ] GC(47) Concurrent Cleanup for Next Mark 0.327ms
[1.970s][info][gc             ] GC(47) Concurrent Mark Cycle 148.580ms
[1.991s][info][gc,start       ] GC(51) Pause Young (Normal) (G1 Evacuation Pause)
[1.991s][info][gc,task        ] GC(51) Using 4 workers of 8 for evacuation
[2.005s][info][gc,phases      ] GC(51)   Pre Evacuate Collection Set: 0.0ms
[2.005s][info][gc,phases      ] GC(51)   Merge Heap Roots: 0.1ms
[2.005s][info][gc,phases      ] GC(51)   Evacuate Collection Set: 14.0ms
[2.005s][info][gc,phases      ] GC(51)   Post Evacuate Collection Set: 0.2ms
[2.005s][info][gc,phases      ] GC(51)   Other: 0.1ms
[2.005s][info][gc,heap        ] GC(51) Eden regions: 8->0(8)
[2.005s][info][gc,heap        ] GC(51) Survivor regions: 2->2(2)
[2.005s][info][gc,heap        ] GC(51) Old regions: 155->164
[2.005s][info][gc,heap        ] GC(51) Archive regions: 2->2
[2.005s][info][gc,heap        ] GC(51) Humongous regions: 12->12
[2.005s][info][gc,metaspace   ] GC(51) Metaspace: 780K(1024K)->780K(1024K) NonClass: 713K(832K)->713K(832K) Class: 67K(192K)->67K(192K)
[2.005s][info][gc             ] GC(51) Pause Young (Normal) (G1 Evacuation Pause) 176M->176M(204M) 14.655ms
[2.005s][info][gc,cpu         ] GC(51) User=0.05s Sys=0.00s Real=0.01s
[2.026s][info][gc,start       ] GC(52) Pause Young (Concurrent Start) (G1 Evacuation Pause)
[2.026s][info][gc,task        ] GC(52) Using 4 workers of 8 for evacuation
[2.035s][info][gc,phases      ] GC(52)   Pre Evacuate Collection Set: 0.1ms
[2.036s][info][gc,phases      ] GC(52)   Merge Heap Roots: 0.1ms
[2.036s][info][gc,phases      ] GC(52)   Evacuate Collection Set: 8.8ms
[2.036s][info][gc,phases      ] GC(52)   Post Evacuate Collection Set: 0.2ms
[2.036s][info][gc,phases      ] GC(52)   Other: 0.1ms
[2.036s][info][gc,heap        ] GC(52) Eden regions: 8->0(8)
[2.036s][info][gc,heap        ] GC(52) Survivor regions: 2->2(2)
[2.036s][info][gc,heap        ] GC(52) Old regions: 164->170
[2.036s][info][gc,heap        ] GC(52) Archive regions: 2->2
[2.036s][info][gc,heap        ] GC(52) Humongous regions: 12->12
[2.036s][info][gc,metaspace   ] GC(52) Metaspace: 780K(1024K)->780K(1024K) NonClass: 713K(832K)->713K(832K) Class: 67K(192K)->67K(192K)
[2.036s][info][gc             ] GC(52) Pause Young (Concurrent Start) (G1 Evacuation Pause) 184M->183M(204M) 9.482ms
[2.036s][info][gc,cpu         ] GC(52) User=0.04s Sys=0.00s Real=0.01s
[2.036s][info][gc             ] GC(53) Concurrent Mark Cycle
[2.036s][info][gc,marking     ] GC(53) Concurrent Clear Claimed Marks
[2.036s][info][gc,marking     ] GC(53) Concurrent Clear Claimed Marks 0.017ms
[2.036s][info][gc,marking     ] GC(53) Concurrent Scan Root Regions
[2.047s][info][gc,marking     ] GC(53) Concurrent Scan Root Regions 10.832ms
[2.047s][info][gc,marking     ] GC(53) Concurrent Mark
[2.047s][info][gc,marking     ] GC(53) Concurrent Mark From Roots
[2.047s][info][gc,task        ] GC(53) Using 2 workers of 2 for marking
[2.064s][info][gc,start       ] GC(54) Pause Young (Normal) (G1 Preventive Collection)
[2.064s][info][gc,task        ] GC(54) Using 4 workers of 8 for evacuation
[2.071s][info][gc,phases      ] GC(54)   Pre Evacuate Collection Set: 0.0ms
[2.071s][info][gc,phases      ] GC(54)   Merge Heap Roots: 0.1ms
[2.071s][info][gc,phases      ] GC(54)   Evacuate Collection Set: 7.2ms
[2.071s][info][gc,phases      ] GC(54)   Post Evacuate Collection Set: 0.2ms
[2.071s][info][gc,phases      ] GC(54)   Other: 0.2ms
[2.071s][info][gc,heap        ] GC(54) Eden regions: 6->0(8)
[2.071s][info][gc,heap        ] GC(54) Survivor regions: 2->2(2)
[2.071s][info][gc,heap        ] GC(54) Old regions: 170->177
[2.071s][info][gc,heap        ] GC(54) Archive regions: 2->2
[2.071s][info][gc,heap        ] GC(54) Humongous regions: 15->15
[2.071s][info][gc,metaspace   ] GC(54) Metaspace: 780K(1024K)->780K(1024K) NonClass: 713K(832K)->713K(832K) Class: 67K(192K)->67K(192K)
[2.071s][info][gc             ] GC(54) Pause Young (Normal) (G1 Preventive Collection) 192M->192M(204M) 7.770ms
[2.071s][info][gc,cpu         ] GC(54) User=0.03s Sys=0.00s Real=0.01s
[2.081s][info][gc,start       ] GC(55) Pause Young (Normal) (G1 Preventive Collection)
[2.081s][info][gc,task        ] GC(55) Using 4 workers of 8 for evacuation
[2.087s][info][gc,phases      ] GC(55)   Pre Evacuate Collection Set: 0.1ms
[2.087s][info][gc,phases      ] GC(55)   Merge Heap Roots: 0.1ms
[2.087s][info][gc,phases      ] GC(55)   Evacuate Collection Set: 5.0ms
[2.087s][info][gc,phases      ] GC(55)   Post Evacuate Collection Set: 0.2ms
[2.087s][info][gc,phases      ] GC(55)   Other: 0.2ms
[2.087s][info][gc,heap        ] GC(55) Eden regions: 2->0(8)
[2.087s][info][gc,heap        ] GC(55) Survivor regions: 2->2(2)
[2.087s][info][gc,heap        ] GC(55) Old regions: 177->179
[2.087s][info][gc,heap        ] GC(55) Archive regions: 2->2
[2.087s][info][gc,heap        ] GC(55) Humongous regions: 15->15
[2.087s][info][gc,metaspace   ] GC(55) Metaspace: 780K(1024K)->780K(1024K) NonClass: 713K(832K)->713K(832K) Class: 67K(192K)->67K(192K)
[2.087s][info][gc             ] GC(55) Pause Young (Normal) (G1 Preventive Collection) 194M->195M(204M) 5.578ms
[2.087s][info][gc,cpu         ] GC(55) User=0.02s Sys=0.00s Real=0.00s
[2.092s][info][gc,start       ] GC(56) Pause Young (Normal) (G1 Preventive Collection)
[2.092s][info][gc,task        ] GC(56) Using 4 workers of 8 for evacuation
[2.096s][info][gc,phases      ] GC(56)   Pre Evacuate Collection Set: 0.0ms
[2.096s][info][gc,phases      ] GC(56)   Merge Heap Roots: 0.0ms
[2.096s][info][gc,phases      ] GC(56)   Evacuate Collection Set: 3.3ms
[2.096s][info][gc,phases      ] GC(56)   Post Evacuate Collection Set: 0.2ms
[2.096s][info][gc,phases      ] GC(56)   Other: 0.1ms
[2.096s][info][gc,heap        ] GC(56) Eden regions: 1->0(8)
[2.096s][info][gc,heap        ] GC(56) Survivor regions: 2->2(2)
[2.096s][info][gc,heap        ] GC(56) Old regions: 179->182
[2.096s][info][gc,heap        ] GC(56) Archive regions: 2->2
[2.096s][info][gc,heap        ] GC(56) Humongous regions: 15->15
[2.096s][info][gc,metaspace   ] GC(56) Metaspace: 780K(1024K)->780K(1024K) NonClass: 713K(832K)->713K(832K) Class: 67K(192K)->67K(192K)
[2.096s][info][gc             ] GC(56) Pause Young (Normal) (G1 Preventive Collection) 196M->196M(204M) 3.814ms
[2.096s][info][gc,cpu         ] GC(56) User=0.01s Sys=0.00s Real=0.00s
[2.102s][info][gc,start       ] GC(57) Pause Young (Normal) (G1 Preventive Collection)
[2.102s][info][gc,task        ] GC(57) Using 4 workers of 8 for evacuation
[2.104s][info][gc,phases      ] GC(57)   Pre Evacuate Collection Set: 0.0ms
[2.104s][info][gc,phases      ] GC(57)   Merge Heap Roots: 0.0ms
[2.104s][info][gc,phases      ] GC(57)   Evacuate Collection Set: 1.8ms
[2.104s][info][gc,phases      ] GC(57)   Post Evacuate Collection Set: 0.2ms
[2.104s][info][gc,phases      ] GC(57)   Other: 0.1ms
[2.104s][info][gc,heap        ] GC(57) Eden regions: 1->0(8)
[2.104s][info][gc,heap        ] GC(57) Survivor regions: 2->2(2)
[2.104s][info][gc,heap        ] GC(57) Old regions: 182->182
[2.104s][info][gc,heap        ] GC(57) Archive regions: 2->2
[2.104s][info][gc,heap        ] GC(57) Humongous regions: 15->15
[2.104s][info][gc,metaspace   ] GC(57) Metaspace: 780K(1024K)->780K(1024K) NonClass: 713K(832K)->713K(832K) Class: 67K(192K)->67K(192K)
[2.104s][info][gc             ] GC(57) Pause Young (Normal) (G1 Preventive Collection) 197M->197M(204M) 2.371ms
[2.104s][info][gc,cpu         ] GC(57) User=0.00s Sys=0.00s Real=0.00s
[2.107s][info][gc,start       ] GC(58) Pause Young (Normal) (G1 Preventive Collection)
[2.107s][info][gc,task        ] GC(58) Using 4 workers of 8 for evacuation
[2.111s][info][gc             ] GC(58) To-space exhausted
[2.111s][info][gc,phases      ] GC(58)   Pre Evacuate Collection Set: 0.0ms
[2.111s][info][gc,phases      ] GC(58)   Merge Heap Roots: 0.1ms
[2.111s][info][gc,phases      ] GC(58)   Evacuate Collection Set: 2.5ms
[2.111s][info][gc,phases      ] GC(58)   Post Evacuate Collection Set: 0.6ms
[2.111s][info][gc,phases      ] GC(58)   Other: 0.2ms
[2.111s][info][gc,heap        ] GC(58) Eden regions: 1->0(9)
[2.111s][info][gc,heap        ] GC(58) Survivor regions: 2->1(2)
[2.111s][info][gc,heap        ] GC(58) Old regions: 182->185
[2.111s][info][gc,heap        ] GC(58) Archive regions: 2->2
[2.111s][info][gc,heap        ] GC(58) Humongous regions: 15->15
[2.111s][info][gc,metaspace   ] GC(58) Metaspace: 780K(1024K)->780K(1024K) NonClass: 713K(832K)->713K(832K) Class: 67K(192K)->67K(192K)
[2.111s][info][gc             ] GC(58) Pause Young (Normal) (G1 Preventive Collection) 198M->200M(204M) 3.509ms
[2.111s][info][gc,cpu         ] GC(58) User=0.01s Sys=0.00s Real=0.01s
[2.113s][info][gc,start       ] GC(59) Pause Young (Normal) (G1 Evacuation Pause)
[2.113s][info][gc,task        ] GC(59) Using 4 workers of 8 for evacuation
[2.117s][info][gc             ] GC(59) To-space exhausted
[2.117s][info][gc,phases      ] GC(59)   Pre Evacuate Collection Set: 0.0ms
[2.117s][info][gc,phases      ] GC(59)   Merge Heap Roots: 0.1ms
[2.117s][info][gc,phases      ] GC(59)   Evacuate Collection Set: 2.4ms
[2.117s][info][gc,phases      ] GC(59)   Post Evacuate Collection Set: 1.7ms
[2.117s][info][gc,phases      ] GC(59)   Other: 0.1ms
[2.117s][info][gc,heap        ] GC(59) Eden regions: 1->0(10)
[2.118s][info][gc,heap        ] GC(59) Survivor regions: 1->0(0)
[2.118s][info][gc,heap        ] GC(59) Old regions: 185->187
[2.118s][info][gc,heap        ] GC(59) Archive regions: 2->2
[2.118s][info][gc,heap        ] GC(59) Humongous regions: 15->15
[2.118s][info][gc,metaspace   ] GC(59) Metaspace: 780K(1024K)->780K(1024K) NonClass: 713K(832K)->713K(832K) Class: 67K(192K)->67K(192K)
[2.118s][info][gc             ] GC(59) Pause Young (Normal) (G1 Evacuation Pause) 201M->201M(204M) 4.545ms
[2.118s][info][gc,cpu         ] GC(59) User=0.01s Sys=0.00s Real=0.00s
[2.118s][info][gc,ergo        ] Attempting full compaction
[2.118s][info][gc,task        ] GC(60) Using 4 workers of 8 for full compaction
[2.118s][info][gc,start       ] GC(60) Pause Full (G1 Compaction Pause)
[2.118s][info][gc,phases,start] GC(60) Phase 1: Mark live objects
[2.152s][info][gc,phases      ] GC(60) Phase 1: Mark live objects 33.544ms
[2.152s][info][gc,phases,start] GC(60) Phase 2: Prepare for compaction
[2.154s][info][gc,phases      ] GC(60) Phase 2: Prepare for compaction 2.483ms
[2.154s][info][gc,phases,start] GC(60) Phase 3: Adjust pointers
[2.165s][info][gc,phases      ] GC(60) Phase 3: Adjust pointers 11.369ms
[2.166s][info][gc,phases,start] GC(60) Phase 4: Compact heap
[2.168s][info][gc,phases      ] GC(60) Phase 4: Compact heap 2.830ms
[2.169s][info][gc,heap        ] GC(60) Eden regions: 0->0(13)
[2.169s][info][gc,heap        ] GC(60) Survivor regions: 0->0(0)
[2.169s][info][gc,heap        ] GC(60) Old regions: 187->136
[2.169s][info][gc,heap        ] GC(60) Archive regions: 2->2
[2.169s][info][gc,heap        ] GC(60) Humongous regions: 15->3
[2.169s][info][gc,metaspace   ] GC(60) Metaspace: 780K(1024K)->780K(1024K) NonClass: 713K(832K)->713K(832K) Class: 67K(192K)->67K(192K)
[2.169s][info][gc             ] GC(60) Pause Full (G1 Compaction Pause) 201M->138M(204M) 51.261ms
[2.169s][info][gc,cpu         ] GC(60) User=0.19s Sys=0.00s Real=0.05s
[2.169s][info][gc,marking     ] GC(53) Concurrent Mark From Roots 122.610ms
[2.169s][info][gc,marking     ] GC(53) Concurrent Mark Abort
[2.169s][info][gc             ] GC(53) Concurrent Mark Cycle 133.633ms
[2.180s][info][gc,start       ] GC(61) Pause Young (Concurrent Start) (G1 Humongous Allocation)
[2.180s][info][gc,task        ] GC(61) Using 4 workers of 8 for evacuation
[2.184s][info][gc,phases      ] GC(61)   Pre Evacuate Collection Set: 0.1ms
[2.184s][info][gc,phases      ] GC(61)   Merge Heap Roots: 0.1ms
[2.184s][info][gc,phases      ] GC(61)   Evacuate Collection Set: 3.5ms
[2.184s][info][gc,phases      ] GC(61)   Post Evacuate Collection Set: 0.5ms
[2.184s][info][gc,phases      ] GC(61)   Other: 0.2ms
[2.184s][info][gc,heap        ] GC(61) Eden regions: 5->0(12)
[2.184s][info][gc,heap        ] GC(61) Survivor regions: 0->2(2)
[2.184s][info][gc,heap        ] GC(61) Old regions: 136->138
[2.184s][info][gc,heap        ] GC(61) Archive regions: 2->2
[2.184s][info][gc,heap        ] GC(61) Humongous regions: 3->3
[2.185s][info][gc,metaspace   ] GC(61) Metaspace: 780K(1024K)->780K(1024K) NonClass: 713K(832K)->713K(832K) Class: 67K(192K)->67K(192K)
[2.185s][info][gc             ] GC(61) Pause Young (Concurrent Start) (G1 Humongous Allocation) 143M->141M(204M) 4.547ms
[2.185s][info][gc,cpu         ] GC(61) User=0.02s Sys=0.00s Real=0.00s
[2.185s][info][gc             ] GC(62) Concurrent Mark Cycle
[2.185s][info][gc,marking     ] GC(62) Concurrent Clear Claimed Marks
[2.185s][info][gc,marking     ] GC(62) Concurrent Clear Claimed Marks 0.032ms
[2.185s][info][gc,marking     ] GC(62) Concurrent Scan Root Regions
[2.186s][info][gc,marking     ] GC(62) Concurrent Scan Root Regions 1.217ms
[2.186s][info][gc,marking     ] GC(62) Concurrent Mark
[2.186s][info][gc,marking     ] GC(62) Concurrent Mark From Roots
[2.186s][info][gc,task        ] GC(62) Using 2 workers of 2 for marking
[2.252s][info][gc,start       ] GC(63) Pause Young (Normal) (G1 Evacuation Pause)
[2.252s][info][gc,task        ] GC(63) Using 4 workers of 8 for evacuation
[2.264s][info][gc,phases      ] GC(63)   Pre Evacuate Collection Set: 0.1ms
[2.265s][info][gc,phases      ] GC(63)   Merge Heap Roots: 0.1ms
[2.265s][info][gc,phases      ] GC(63)   Evacuate Collection Set: 12.4ms
[2.265s][info][gc,phases      ] GC(63)   Post Evacuate Collection Set: 0.2ms
[2.265s][info][gc,phases      ] GC(63)   Other: 0.2ms
[2.265s][info][gc,heap        ] GC(63) Eden regions: 12->0(8)
[2.265s][info][gc,heap        ] GC(63) Survivor regions: 2->2(2)
[2.265s][info][gc,heap        ] GC(63) Old regions: 138->149
[2.265s][info][gc,heap        ] GC(63) Archive regions: 2->2
[2.265s][info][gc,heap        ] GC(63) Humongous regions: 6->6
[2.265s][info][gc,metaspace   ] GC(63) Metaspace: 780K(1024K)->780K(1024K) NonClass: 713K(832K)->713K(832K) Class: 67K(192K)->67K(192K)
[2.265s][info][gc             ] GC(63) Pause Young (Normal) (G1 Evacuation Pause) 156M->155M(204M) 13.009ms
[2.265s][info][gc,cpu         ] GC(63) User=0.05s Sys=0.00s Real=0.01s
[2.282s][info][gc,marking     ] GC(62) Concurrent Mark From Roots 95.845ms
[2.282s][info][gc,marking     ] GC(62) Concurrent Preclean
[2.282s][info][gc,marking     ] GC(62) Concurrent Preclean 0.036ms
[2.282s][info][gc,start       ] GC(62) Pause Remark
[2.282s][info][gc             ] GC(62) Pause Remark 164M->164M(204M) 0.429ms
[2.283s][info][gc,cpu         ] GC(62) User=0.00s Sys=0.00s Real=0.00s
[2.283s][info][gc,marking     ] GC(62) Concurrent Mark 96.621ms
[2.283s][info][gc,marking     ] GC(62) Concurrent Rebuild Remembered Sets
[2.293s][info][gc,start       ] GC(64) Pause Young (Normal) (G1 Evacuation Pause)
[2.293s][info][gc,task        ] GC(64) Using 4 workers of 8 for evacuation
[2.300s][info][gc,phases      ] GC(64)   Pre Evacuate Collection Set: 0.0ms
[2.300s][info][gc,phases      ] GC(64)   Merge Heap Roots: 0.1ms
[2.300s][info][gc,phases      ] GC(64)   Evacuate Collection Set: 6.9ms
[2.300s][info][gc,phases      ] GC(64)   Post Evacuate Collection Set: 0.2ms
[2.301s][info][gc,phases      ] GC(64)   Other: 0.2ms
[2.301s][info][gc,heap        ] GC(64) Eden regions: 8->0(8)
[2.301s][info][gc,heap        ] GC(64) Survivor regions: 2->2(2)
[2.301s][info][gc,heap        ] GC(64) Old regions: 149->156
[2.301s][info][gc,heap        ] GC(64) Archive regions: 2->2
[2.301s][info][gc,heap        ] GC(64) Humongous regions: 9->9
[2.301s][info][gc,metaspace   ] GC(64) Metaspace: 780K(1024K)->780K(1024K) NonClass: 713K(832K)->713K(832K) Class: 67K(192K)->67K(192K)
[2.301s][info][gc             ] GC(64) Pause Young (Normal) (G1 Evacuation Pause) 166M->166M(204M) 7.642ms
[2.301s][info][gc,cpu         ] GC(64) User=0.02s Sys=0.00s Real=0.01s
[2.329s][info][gc,start       ] GC(65) Pause Young (Normal) (G1 Evacuation Pause)
[2.329s][info][gc,task        ] GC(65) Using 4 workers of 8 for evacuation
[2.343s][info][gc,phases      ] GC(65)   Pre Evacuate Collection Set: 0.0ms
[2.343s][info][gc,phases      ] GC(65)   Merge Heap Roots: 0.1ms
[2.343s][info][gc,phases      ] GC(65)   Evacuate Collection Set: 13.1ms
[2.343s][info][gc,phases      ] GC(65)   Post Evacuate Collection Set: 0.2ms
[2.343s][info][gc,phases      ] GC(65)   Other: 0.1ms
[2.343s][info][gc,heap        ] GC(65) Eden regions: 8->0(8)
[2.343s][info][gc,heap        ] GC(65) Survivor regions: 2->2(2)
[2.343s][info][gc,heap        ] GC(65) Old regions: 156->164
[2.343s][info][gc,heap        ] GC(65) Archive regions: 2->2
[2.343s][info][gc,heap        ] GC(65) Humongous regions: 9->9
[2.343s][info][gc,metaspace   ] GC(65) Metaspace: 780K(1024K)->780K(1024K) NonClass: 713K(832K)->713K(832K) Class: 67K(192K)->67K(192K)
[2.343s][info][gc             ] GC(65) Pause Young (Normal) (G1 Evacuation Pause) 174M->174M(204M) 13.774ms
[2.343s][info][gc,cpu         ] GC(65) User=0.05s Sys=0.00s Real=0.02s
[2.349s][info][gc,marking     ] GC(62) Concurrent Rebuild Remembered Sets 66.874ms
[2.350s][info][gc,start       ] GC(62) Pause Cleanup
[2.350s][info][gc             ] GC(62) Pause Cleanup 177M->177M(204M) 0.110ms
[2.350s][info][gc,cpu         ] GC(62) User=0.00s Sys=0.00s Real=0.00s
[2.350s][info][gc,marking     ] GC(62) Concurrent Cleanup for Next Mark
[2.350s][info][gc,marking     ] GC(62) Concurrent Cleanup for Next Mark 0.218ms
[2.350s][info][gc             ] GC(62) Concurrent Mark Cycle 165.499ms
[2.355s][info][gc,start       ] GC(66) Pause Young (Concurrent Start) (G1 Humongous Allocation)
[2.355s][info][gc,task        ] GC(66) Using 4 workers of 8 for evacuation
[2.365s][info][gc,phases      ] GC(66)   Pre Evacuate Collection Set: 0.0ms
[2.365s][info][gc,phases      ] GC(66)   Merge Heap Roots: 0.1ms
[2.365s][info][gc,phases      ] GC(66)   Evacuate Collection Set: 9.3ms
[2.365s][info][gc,phases      ] GC(66)   Post Evacuate Collection Set: 0.2ms
[2.365s][info][gc,phases      ] GC(66)   Other: 0.1ms
[2.365s][info][gc,heap        ] GC(66) Eden regions: 6->0(8)
[2.365s][info][gc,heap        ] GC(66) Survivor regions: 2->2(2)
[2.365s][info][gc,heap        ] GC(66) Old regions: 164->168
[2.365s][info][gc,heap        ] GC(66) Archive regions: 2->2
[2.365s][info][gc,heap        ] GC(66) Humongous regions: 9->9
[2.365s][info][gc,metaspace   ] GC(66) Metaspace: 780K(1024K)->780K(1024K) NonClass: 713K(832K)->713K(832K) Class: 67K(192K)->67K(192K)
[2.365s][info][gc             ] GC(66) Pause Young (Concurrent Start) (G1 Humongous Allocation) 179M->178M(204M) 9.952ms
[2.365s][info][gc,cpu         ] GC(66) User=0.04s Sys=0.01s Real=0.01s
[2.365s][info][gc             ] GC(67) Concurrent Mark Cycle
[2.365s][info][gc,marking     ] GC(67) Concurrent Clear Claimed Marks
[2.365s][info][gc,marking     ] GC(67) Concurrent Clear Claimed Marks 0.014ms
[2.365s][info][gc,marking     ] GC(67) Concurrent Scan Root Regions
[2.369s][info][gc,marking     ] GC(67) Concurrent Scan Root Regions 4.148ms
[2.369s][info][gc,marking     ] GC(67) Concurrent Mark
[2.369s][info][gc,marking     ] GC(67) Concurrent Mark From Roots
[2.369s][info][gc,task        ] GC(67) Using 2 workers of 2 for marking
[2.402s][info][gc,start       ] GC(68) Pause Young (Normal) (G1 Evacuation Pause)
[2.402s][info][gc,task        ] GC(68) Using 4 workers of 8 for evacuation
[2.411s][info][gc,phases      ] GC(68)   Pre Evacuate Collection Set: 0.0ms
[2.411s][info][gc,phases      ] GC(68)   Merge Heap Roots: 0.1ms
[2.411s][info][gc,phases      ] GC(68)   Evacuate Collection Set: 8.4ms
[2.411s][info][gc,phases      ] GC(68)   Post Evacuate Collection Set: 0.1ms
[2.411s][info][gc,phases      ] GC(68)   Other: 0.2ms
[2.411s][info][gc,heap        ] GC(68) Eden regions: 8->0(8)
[2.411s][info][gc,heap        ] GC(68) Survivor regions: 2->2(2)
[2.411s][info][gc,heap        ] GC(68) Old regions: 168->177
[2.411s][info][gc,heap        ] GC(68) Archive regions: 2->2
[2.411s][info][gc,heap        ] GC(68) Humongous regions: 12->12
[2.411s][info][gc,metaspace   ] GC(68) Metaspace: 780K(1024K)->780K(1024K) NonClass: 713K(832K)->713K(832K) Class: 67K(192K)->67K(192K)
[2.411s][info][gc             ] GC(68) Pause Young (Normal) (G1 Evacuation Pause) 189M->189M(204M) 8.994ms
[2.411s][info][gc,cpu         ] GC(68) User=0.03s Sys=0.00s Real=0.01s
[2.427s][info][gc,start       ] GC(69) Pause Young (Normal) (G1 Preventive Collection)
[2.427s][info][gc,task        ] GC(69) Using 4 workers of 8 for evacuation
[2.433s][info][gc,phases      ] GC(69)   Pre Evacuate Collection Set: 0.0ms
[2.433s][info][gc,phases      ] GC(69)   Merge Heap Roots: 0.1ms
[2.433s][info][gc,phases      ] GC(69)   Evacuate Collection Set: 5.2ms
[2.433s][info][gc,phases      ] GC(69)   Post Evacuate Collection Set: 0.2ms
[2.433s][info][gc,phases      ] GC(69)   Other: 0.1ms
[2.433s][info][gc,heap        ] GC(69) Eden regions: 4->0(8)
[2.433s][info][gc,heap        ] GC(69) Survivor regions: 2->2(2)
[2.433s][info][gc,heap        ] GC(69) Old regions: 177->181
[2.433s][info][gc,heap        ] GC(69) Archive regions: 2->2
[2.433s][info][gc,heap        ] GC(69) Humongous regions: 12->12
[2.433s][info][gc,metaspace   ] GC(69) Metaspace: 780K(1024K)->780K(1024K) NonClass: 713K(832K)->713K(832K) Class: 67K(192K)->67K(192K)
[2.433s][info][gc             ] GC(69) Pause Young (Normal) (G1 Preventive Collection) 193M->193M(204M) 5.822ms
[2.433s][info][gc,cpu         ] GC(69) User=0.02s Sys=0.00s Real=0.01s
[2.437s][info][gc,start       ] GC(70) Pause Young (Normal) (G1 Preventive Collection)
[2.437s][info][gc,task        ] GC(70) Using 4 workers of 8 for evacuation
[2.441s][info][gc,phases      ] GC(70)   Pre Evacuate Collection Set: 0.0ms
[2.441s][info][gc,phases      ] GC(70)   Merge Heap Roots: 0.1ms
[2.441s][info][gc,phases      ] GC(70)   Evacuate Collection Set: 3.2ms
[2.441s][info][gc,phases      ] GC(70)   Post Evacuate Collection Set: 0.1ms
[2.441s][info][gc,phases      ] GC(70)   Other: 0.2ms
[2.441s][info][gc,heap        ] GC(70) Eden regions: 2->0(8)
[2.441s][info][gc,heap        ] GC(70) Survivor regions: 2->2(2)
[2.441s][info][gc,heap        ] GC(70) Old regions: 181->183
[2.441s][info][gc,heap        ] GC(70) Archive regions: 2->2
[2.441s][info][gc,heap        ] GC(70) Humongous regions: 12->12
[2.441s][info][gc,metaspace   ] GC(70) Metaspace: 780K(1024K)->780K(1024K) NonClass: 713K(832K)->713K(832K) Class: 67K(192K)->67K(192K)
[2.441s][info][gc             ] GC(70) Pause Young (Normal) (G1 Preventive Collection) 195M->195M(204M) 3.795ms
[2.441s][info][gc,cpu         ] GC(70) User=0.01s Sys=0.00s Real=0.01s
[2.443s][info][gc,start       ] GC(71) Pause Young (Normal) (G1 Preventive Collection)
[2.443s][info][gc,task        ] GC(71) Using 4 workers of 8 for evacuation
[2.445s][info][gc,phases      ] GC(71)   Pre Evacuate Collection Set: 0.0ms
[2.445s][info][gc,phases      ] GC(71)   Merge Heap Roots: 0.1ms
[2.445s][info][gc,phases      ] GC(71)   Evacuate Collection Set: 1.6ms
[2.445s][info][gc,phases      ] GC(71)   Post Evacuate Collection Set: 0.2ms
[2.445s][info][gc,phases      ] GC(71)   Other: 0.1ms
[2.445s][info][gc,heap        ] GC(71) Eden regions: 1->0(9)
[2.445s][info][gc,heap        ] GC(71) Survivor regions: 2->1(2)
[2.445s][info][gc,heap        ] GC(71) Old regions: 183->185
[2.445s][info][gc,heap        ] GC(71) Archive regions: 2->2
[2.445s][info][gc,heap        ] GC(71) Humongous regions: 12->12
[2.445s][info][gc,metaspace   ] GC(71) Metaspace: 780K(1024K)->780K(1024K) NonClass: 713K(832K)->713K(832K) Class: 67K(192K)->67K(192K)
[2.445s][info][gc             ] GC(71) Pause Young (Normal) (G1 Preventive Collection) 196M->196M(204M) 2.108ms
[2.445s][info][gc,cpu         ] GC(71) User=0.00s Sys=0.00s Real=0.00s
[2.448s][info][gc,start       ] GC(72) Pause Young (Normal) (G1 Preventive Collection)
[2.448s][info][gc,task        ] GC(72) Using 4 workers of 8 for evacuation
[2.450s][info][gc,phases      ] GC(72)   Pre Evacuate Collection Set: 0.0ms
[2.450s][info][gc,phases      ] GC(72)   Merge Heap Roots: 0.1ms
[2.450s][info][gc,phases      ] GC(72)   Evacuate Collection Set: 1.2ms
[2.450s][info][gc,phases      ] GC(72)   Post Evacuate Collection Set: 0.2ms
[2.450s][info][gc,phases      ] GC(72)   Other: 0.1ms
[2.450s][info][gc,heap        ] GC(72) Eden regions: 1->0(8)
[2.450s][info][gc,heap        ] GC(72) Survivor regions: 1->2(2)
[2.450s][info][gc,heap        ] GC(72) Old regions: 185->185
[2.450s][info][gc,heap        ] GC(72) Archive regions: 2->2
[2.450s][info][gc,heap        ] GC(72) Humongous regions: 12->12
[2.450s][info][gc,metaspace   ] GC(72) Metaspace: 780K(1024K)->780K(1024K) NonClass: 713K(832K)->713K(832K) Class: 67K(192K)->67K(192K)
[2.450s][info][gc             ] GC(72) Pause Young (Normal) (G1 Preventive Collection) 197M->197M(204M) 1.733ms
[2.450s][info][gc,cpu         ] GC(72) User=0.00s Sys=0.00s Real=0.01s
[2.452s][info][gc,start       ] GC(73) Pause Young (Normal) (G1 Preventive Collection)
[2.452s][info][gc,task        ] GC(73) Using 4 workers of 8 for evacuation
[2.455s][info][gc             ] GC(73) To-space exhausted
[2.455s][info][gc,phases      ] GC(73)   Pre Evacuate Collection Set: 0.0ms
[2.455s][info][gc,phases      ] GC(73)   Merge Heap Roots: 0.1ms
[2.455s][info][gc,phases      ] GC(73)   Evacuate Collection Set: 1.8ms
[2.455s][info][gc,phases      ] GC(73)   Post Evacuate Collection Set: 0.5ms
[2.455s][info][gc,phases      ] GC(73)   Other: 0.1ms
[2.455s][info][gc,heap        ] GC(73) Eden regions: 1->0(8)
[2.455s][info][gc,heap        ] GC(73) Survivor regions: 2->2(2)
[2.455s][info][gc,heap        ] GC(73) Old regions: 185->187
[2.455s][info][gc,heap        ] GC(73) Archive regions: 2->2
[2.455s][info][gc,heap        ] GC(73) Humongous regions: 12->12
[2.455s][info][gc,metaspace   ] GC(73) Metaspace: 780K(1024K)->780K(1024K) NonClass: 713K(832K)->713K(832K) Class: 67K(192K)->67K(192K)
[2.455s][info][gc             ] GC(73) Pause Young (Normal) (G1 Preventive Collection) 198M->199M(204M) 2.710ms
[2.455s][info][gc,cpu         ] GC(73) User=0.01s Sys=0.00s Real=0.00s
[2.455s][info][gc,start       ] GC(74) Pause Young (Normal) (G1 Humongous Allocation)
[2.455s][info][gc,task        ] GC(74) Using 4 workers of 8 for evacuation
[2.458s][info][gc             ] GC(74) To-space exhausted
[2.458s][info][gc,phases      ] GC(74)   Pre Evacuate Collection Set: 0.0ms
[2.458s][info][gc,phases      ] GC(74)   Merge Heap Roots: 0.1ms
[2.458s][info][gc,phases      ] GC(74)   Evacuate Collection Set: 1.3ms
[2.458s][info][gc,phases      ] GC(74)   Post Evacuate Collection Set: 0.6ms
[2.458s][info][gc,phases      ] GC(74)   Other: 0.1ms
[2.458s][info][gc,heap        ] GC(74) Eden regions: 1->0(10)
[2.458s][info][gc,heap        ] GC(74) Survivor regions: 2->0(0)
[2.458s][info][gc,heap        ] GC(74) Old regions: 187->190
[2.458s][info][gc,heap        ] GC(74) Archive regions: 2->2
[2.458s][info][gc,heap        ] GC(74) Humongous regions: 12->12
[2.458s][info][gc,metaspace   ] GC(74) Metaspace: 780K(1024K)->780K(1024K) NonClass: 713K(832K)->713K(832K) Class: 67K(192K)->67K(192K)
[2.458s][info][gc             ] GC(74) Pause Young (Normal) (G1 Humongous Allocation) 199M->199M(204M) 2.268ms
[2.458s][info][gc,cpu         ] GC(74) User=0.00s Sys=0.00s Real=0.00s
[2.458s][info][gc,ergo        ] Attempting full compaction
[2.458s][info][gc,task        ] GC(75) Using 4 workers of 8 for full compaction
[2.458s][info][gc,start       ] GC(75) Pause Full (G1 Compaction Pause)
[2.458s][info][gc,phases,start] GC(75) Phase 1: Mark live objects
[2.496s][info][gc,phases      ] GC(75) Phase 1: Mark live objects 37.546ms
[2.496s][info][gc,phases,start] GC(75) Phase 2: Prepare for compaction
[2.497s][info][gc,phases      ] GC(75) Phase 2: Prepare for compaction 1.470ms
[2.497s][info][gc,phases,start] GC(75) Phase 3: Adjust pointers
[2.508s][info][gc,phases      ] GC(75) Phase 3: Adjust pointers 10.911ms
[2.508s][info][gc,phases,start] GC(75) Phase 4: Compact heap
[2.509s][info][gc,phases      ] GC(75) Phase 4: Compact heap 1.210ms
[2.510s][info][gc,heap        ] GC(75) Eden regions: 0->0(10)
[2.510s][info][gc,heap        ] GC(75) Survivor regions: 0->0(0)
[2.510s][info][gc,heap        ] GC(75) Old regions: 190->153
[2.510s][info][gc,heap        ] GC(75) Archive regions: 2->2
[2.510s][info][gc,heap        ] GC(75) Humongous regions: 12->3
[2.510s][info][gc,metaspace   ] GC(75) Metaspace: 780K(1024K)->780K(1024K) NonClass: 713K(832K)->713K(832K) Class: 67K(192K)->67K(192K)
[2.510s][info][gc             ] GC(75) Pause Full (G1 Compaction Pause) 199M->154M(204M) 52.034ms
[2.510s][info][gc,cpu         ] GC(75) User=0.20s Sys=0.01s Real=0.06s
[2.510s][info][gc,marking     ] GC(67) Concurrent Mark From Roots 140.718ms
[2.510s][info][gc,marking     ] GC(67) Concurrent Mark Abort
[2.510s][info][gc             ] GC(67) Concurrent Mark Cycle 145.081ms
[2.550s][info][gc,start       ] GC(76) Pause Young (Normal) (G1 Evacuation Pause)
[2.550s][info][gc,task        ] GC(76) Using 4 workers of 8 for evacuation
[2.558s][info][gc,phases      ] GC(76)   Pre Evacuate Collection Set: 0.0ms
[2.558s][info][gc,phases      ] GC(76)   Merge Heap Roots: 0.1ms
[2.559s][info][gc,phases      ] GC(76)   Evacuate Collection Set: 8.4ms
[2.559s][info][gc,phases      ] GC(76)   Post Evacuate Collection Set: 0.1ms
[2.559s][info][gc,phases      ] GC(76)   Other: 0.1ms
[2.559s][info][gc,heap        ] GC(76) Eden regions: 10->0(8)
[2.559s][info][gc,heap        ] GC(76) Survivor regions: 0->2(2)
[2.559s][info][gc,heap        ] GC(76) Old regions: 153->162
[2.559s][info][gc,heap        ] GC(76) Archive regions: 2->2
[2.559s][info][gc,heap        ] GC(76) Humongous regions: 6->6
[2.559s][info][gc,metaspace   ] GC(76) Metaspace: 780K(1024K)->780K(1024K) NonClass: 713K(832K)->713K(832K) Class: 67K(192K)->67K(192K)
[2.559s][info][gc             ] GC(76) Pause Young (Normal) (G1 Evacuation Pause) 167M->167M(204M) 8.973ms
[2.559s][info][gc,cpu         ] GC(76) User=0.03s Sys=0.00s Real=0.01s
[2.577s][info][gc,start       ] GC(77) Pause Young (Concurrent Start) (G1 Humongous Allocation)
[2.577s][info][gc,task        ] GC(77) Using 4 workers of 8 for evacuation
[2.582s][info][gc,phases      ] GC(77)   Pre Evacuate Collection Set: 0.0ms
[2.582s][info][gc,phases      ] GC(77)   Merge Heap Roots: 0.1ms
[2.582s][info][gc,phases      ] GC(77)   Evacuate Collection Set: 4.5ms
[2.582s][info][gc,phases      ] GC(77)   Post Evacuate Collection Set: 0.2ms
[2.582s][info][gc,phases      ] GC(77)   Other: 0.1ms
[2.582s][info][gc,heap        ] GC(77) Eden regions: 8->0(8)
[2.582s][info][gc,heap        ] GC(77) Survivor regions: 2->2(2)
[2.582s][info][gc,heap        ] GC(77) Old regions: 162->167
[2.582s][info][gc,heap        ] GC(77) Archive regions: 2->2
[2.582s][info][gc,heap        ] GC(77) Humongous regions: 6->6
[2.582s][info][gc,metaspace   ] GC(77) Metaspace: 780K(1024K)->780K(1024K) NonClass: 713K(832K)->713K(832K) Class: 67K(192K)->67K(192K)
[2.582s][info][gc             ] GC(77) Pause Young (Concurrent Start) (G1 Humongous Allocation) 174M->172M(204M) 5.122ms
[2.582s][info][gc,cpu         ] GC(77) User=0.02s Sys=0.00s Real=0.01s
[2.582s][info][gc             ] GC(78) Concurrent Mark Cycle
[2.582s][info][gc,marking     ] GC(78) Concurrent Clear Claimed Marks
[2.582s][info][gc,marking     ] GC(78) Concurrent Clear Claimed Marks 0.011ms
[2.582s][info][gc,marking     ] GC(78) Concurrent Scan Root Regions
[2.590s][info][gc,marking     ] GC(78) Concurrent Scan Root Regions 7.598ms
[2.590s][info][gc,marking     ] GC(78) Concurrent Mark
[2.590s][info][gc,marking     ] GC(78) Concurrent Mark From Roots
[2.590s][info][gc,task        ] GC(78) Using 2 workers of 2 for marking
[2.619s][info][gc,start       ] GC(79) Pause Young (Normal) (G1 Evacuation Pause)
[2.619s][info][gc,task        ] GC(79) Using 4 workers of 8 for evacuation
[2.628s][info][gc,phases      ] GC(79)   Pre Evacuate Collection Set: 0.0ms
[2.628s][info][gc,phases      ] GC(79)   Merge Heap Roots: 0.1ms
[2.628s][info][gc,phases      ] GC(79)   Evacuate Collection Set: 8.0ms
[2.628s][info][gc,phases      ] GC(79)   Post Evacuate Collection Set: 0.2ms
[2.628s][info][gc,phases      ] GC(79)   Other: 0.1ms
[2.628s][info][gc,heap        ] GC(79) Eden regions: 8->0(8)
[2.628s][info][gc,heap        ] GC(79) Survivor regions: 2->2(2)
[2.628s][info][gc,heap        ] GC(79) Old regions: 167->175
[2.628s][info][gc,heap        ] GC(79) Archive regions: 2->2
[2.628s][info][gc,heap        ] GC(79) Humongous regions: 9->9
[2.628s][info][gc,metaspace   ] GC(79) Metaspace: 780K(1024K)->780K(1024K) NonClass: 713K(832K)->713K(832K) Class: 67K(192K)->67K(192K)
[2.628s][info][gc             ] GC(79) Pause Young (Normal) (G1 Evacuation Pause) 183M->183M(204M) 8.551ms
[2.628s][info][gc,cpu         ] GC(79) User=0.03s Sys=0.00s Real=0.01s
[2.650s][info][gc,start       ] GC(80) Pause Young (Normal) (G1 Preventive Collection)
[2.650s][info][gc,task        ] GC(80) Using 4 workers of 8 for evacuation
[2.655s][info][gc,phases      ] GC(80)   Pre Evacuate Collection Set: 0.0ms
[2.655s][info][gc,phases      ] GC(80)   Merge Heap Roots: 0.1ms
[2.655s][info][gc,phases      ] GC(80)   Evacuate Collection Set: 5.1ms
[2.655s][info][gc,phases      ] GC(80)   Post Evacuate Collection Set: 0.2ms
[2.655s][info][gc,phases      ] GC(80)   Other: 0.1ms
[2.655s][info][gc,heap        ] GC(80) Eden regions: 6->0(8)
[2.655s][info][gc,heap        ] GC(80) Survivor regions: 2->2(2)
[2.655s][info][gc,heap        ] GC(80) Old regions: 175->181
[2.655s][info][gc,heap        ] GC(80) Archive regions: 2->2
[2.655s][info][gc,heap        ] GC(80) Humongous regions: 9->9
[2.655s][info][gc,metaspace   ] GC(80) Metaspace: 780K(1024K)->780K(1024K) NonClass: 713K(832K)->713K(832K) Class: 67K(192K)->67K(192K)
[2.656s][info][gc             ] GC(80) Pause Young (Normal) (G1 Preventive Collection) 189M->189M(204M) 5.712ms
[2.656s][info][gc,cpu         ] GC(80) User=0.02s Sys=0.00s Real=0.01s
[2.662s][info][gc,start       ] GC(81) Pause Young (Normal) (G1 Preventive Collection)
[2.662s][info][gc,task        ] GC(81) Using 4 workers of 8 for evacuation
[2.667s][info][gc,phases      ] GC(81)   Pre Evacuate Collection Set: 0.0ms
[2.667s][info][gc,phases      ] GC(81)   Merge Heap Roots: 0.1ms
[2.667s][info][gc,phases      ] GC(81)   Evacuate Collection Set: 3.8ms
[2.667s][info][gc,phases      ] GC(81)   Post Evacuate Collection Set: 0.2ms
[2.667s][info][gc,phases      ] GC(81)   Other: 0.1ms
[2.667s][info][gc,heap        ] GC(81) Eden regions: 3->0(8)
[2.667s][info][gc,heap        ] GC(81) Survivor regions: 2->2(2)
[2.667s][info][gc,heap        ] GC(81) Old regions: 181->183
[2.667s][info][gc,heap        ] GC(81) Archive regions: 2->2
[2.667s][info][gc,heap        ] GC(81) Humongous regions: 9->9
[2.667s][info][gc,metaspace   ] GC(81) Metaspace: 780K(1024K)->780K(1024K) NonClass: 713K(832K)->713K(832K) Class: 67K(192K)->67K(192K)
[2.667s][info][gc             ] GC(81) Pause Young (Normal) (G1 Preventive Collection) 192M->192M(204M) 4.311ms
[2.667s][info][gc,cpu         ] GC(81) User=0.01s Sys=0.00s Real=0.00s
[2.670s][info][gc,start       ] GC(82) Pause Young (Normal) (G1 Preventive Collection)
[2.670s][info][gc,task        ] GC(82) Using 4 workers of 8 for evacuation
[2.673s][info][gc,phases      ] GC(82)   Pre Evacuate Collection Set: 0.0ms
[2.673s][info][gc,phases      ] GC(82)   Merge Heap Roots: 0.1ms
[2.673s][info][gc,phases      ] GC(82)   Evacuate Collection Set: 3.0ms
[2.673s][info][gc,phases      ] GC(82)   Post Evacuate Collection Set: 0.2ms
[2.673s][info][gc,phases      ] GC(82)   Other: 0.1ms
[2.673s][info][gc,heap        ] GC(82) Eden regions: 1->0(9)
[2.673s][info][gc,heap        ] GC(82) Survivor regions: 2->1(2)
[2.673s][info][gc,heap        ] GC(82) Old regions: 183->185
[2.673s][info][gc,heap        ] GC(82) Archive regions: 2->2
[2.673s][info][gc,heap        ] GC(82) Humongous regions: 12->12
[2.673s][info][gc,metaspace   ] GC(82) Metaspace: 780K(1024K)->780K(1024K) NonClass: 713K(832K)->713K(832K) Class: 67K(192K)->67K(192K)
[2.673s][info][gc             ] GC(82) Pause Young (Normal) (G1 Preventive Collection) 196M->196M(204M) 3.594ms
[2.673s][info][gc,cpu         ] GC(82) User=0.02s Sys=0.01s Real=0.01s
[2.678s][info][gc,start       ] GC(83) Pause Young (Normal) (G1 Preventive Collection)
[2.678s][info][gc,task        ] GC(83) Using 4 workers of 8 for evacuation
[2.681s][info][gc,phases      ] GC(83)   Pre Evacuate Collection Set: 0.0ms
[2.681s][info][gc,phases      ] GC(83)   Merge Heap Roots: 0.1ms
[2.681s][info][gc,phases      ] GC(83)   Evacuate Collection Set: 2.6ms
[2.681s][info][gc,phases      ] GC(83)   Post Evacuate Collection Set: 0.2ms
[2.681s][info][gc,phases      ] GC(83)   Other: 0.1ms
[2.681s][info][gc,heap        ] GC(83) Eden regions: 1->0(8)
[2.681s][info][gc,heap        ] GC(83) Survivor regions: 1->2(2)
[2.681s][info][gc,heap        ] GC(83) Old regions: 185->185
[2.681s][info][gc,heap        ] GC(83) Archive regions: 2->2
[2.681s][info][gc,heap        ] GC(83) Humongous regions: 12->12
[2.681s][info][gc,metaspace   ] GC(83) Metaspace: 780K(1024K)->780K(1024K) NonClass: 713K(832K)->713K(832K) Class: 67K(192K)->67K(192K)
[2.682s][info][gc             ] GC(83) Pause Young (Normal) (G1 Preventive Collection) 197M->197M(204M) 3.184ms
[2.682s][info][gc,cpu         ] GC(83) User=0.01s Sys=0.00s Real=0.01s
[2.688s][info][gc,start       ] GC(84) Pause Young (Normal) (G1 Preventive Collection)
[2.688s][info][gc,task        ] GC(84) Using 4 workers of 8 for evacuation
[2.693s][info][gc             ] GC(84) To-space exhausted
[2.693s][info][gc,phases      ] GC(84)   Pre Evacuate Collection Set: 0.0ms
[2.693s][info][gc,phases      ] GC(84)   Merge Heap Roots: 0.1ms
[2.693s][info][gc,phases      ] GC(84)   Evacuate Collection Set: 3.2ms
[2.693s][info][gc,phases      ] GC(84)   Post Evacuate Collection Set: 1.0ms
[2.693s][info][gc,phases      ] GC(84)   Other: 0.2ms
[2.693s][info][gc,heap        ] GC(84) Eden regions: 1->0(9)
[2.693s][info][gc,heap        ] GC(84) Survivor regions: 2->1(2)
[2.693s][info][gc,heap        ] GC(84) Old regions: 185->189
[2.693s][info][gc,heap        ] GC(84) Archive regions: 2->2
[2.693s][info][gc,heap        ] GC(84) Humongous regions: 12->12
[2.693s][info][gc,metaspace   ] GC(84) Metaspace: 780K(1024K)->780K(1024K) NonClass: 713K(832K)->713K(832K) Class: 67K(192K)->67K(192K)
[2.693s][info][gc             ] GC(84) Pause Young (Normal) (G1 Preventive Collection) 198M->200M(204M) 4.617ms
[2.693s][info][gc,cpu         ] GC(84) User=0.01s Sys=0.00s Real=0.01s
[2.693s][info][gc,ergo        ] Attempting full compaction
[2.693s][info][gc,task        ] GC(85) Using 4 workers of 8 for full compaction
[2.693s][info][gc,start       ] GC(85) Pause Full (G1 Compaction Pause)
[2.693s][info][gc,phases,start] GC(85) Phase 1: Mark live objects
[2.744s][info][gc,phases      ] GC(85) Phase 1: Mark live objects 51.035ms
[2.744s][info][gc,phases,start] GC(85) Phase 2: Prepare for compaction
[2.746s][info][gc,phases      ] GC(85) Phase 2: Prepare for compaction 1.813ms
[2.746s][info][gc,phases,start] GC(85) Phase 3: Adjust pointers
[2.765s][info][gc,phases      ] GC(85) Phase 3: Adjust pointers 19.360ms
[2.765s][info][gc,phases,start] GC(85) Phase 4: Compact heap
[2.767s][info][gc,phases      ] GC(85) Phase 4: Compact heap 1.207ms
[2.767s][info][gc,heap        ] GC(85) Eden regions: 0->0(10)
[2.767s][info][gc,heap        ] GC(85) Survivor regions: 1->0(2)
[2.767s][info][gc,heap        ] GC(85) Old regions: 189->163
[2.767s][info][gc,heap        ] GC(85) Archive regions: 2->2
[2.767s][info][gc,heap        ] GC(85) Humongous regions: 12->6
[2.767s][info][gc,metaspace   ] GC(85) Metaspace: 780K(1024K)->780K(1024K) NonClass: 713K(832K)->713K(832K) Class: 67K(192K)->67K(192K)
[2.767s][info][gc             ] GC(85) Pause Full (G1 Compaction Pause) 200M->168M(204M) 74.596ms
[2.767s][info][gc,cpu         ] GC(85) User=0.27s Sys=0.00s Real=0.07s
[2.768s][info][gc,marking     ] GC(78) Concurrent Mark From Roots 177.798ms
[2.768s][info][gc,marking     ] GC(78) Concurrent Mark Abort
[2.768s][info][gc             ] GC(78) Concurrent Mark Cycle 185.530ms
[2.814s][info][gc,start       ] GC(86) Pause Young (Normal) (G1 Evacuation Pause)
[2.814s][info][gc,task        ] GC(86) Using 4 workers of 8 for evacuation
[2.821s][info][gc,phases      ] GC(86)   Pre Evacuate Collection Set: 0.0ms
[2.821s][info][gc,phases      ] GC(86)   Merge Heap Roots: 0.1ms
[2.821s][info][gc,phases      ] GC(86)   Evacuate Collection Set: 7.4ms
[2.821s][info][gc,phases      ] GC(86)   Post Evacuate Collection Set: 0.1ms
[2.821s][info][gc,phases      ] GC(86)   Other: 0.1ms
[2.821s][info][gc,heap        ] GC(86) Eden regions: 10->0(8)
[2.821s][info][gc,heap        ] GC(86) Survivor regions: 0->2(2)
[2.821s][info][gc,heap        ] GC(86) Old regions: 163->171
[2.821s][info][gc,heap        ] GC(86) Archive regions: 2->2
[2.821s][info][gc,heap        ] GC(86) Humongous regions: 6->6
[2.821s][info][gc,metaspace   ] GC(86) Metaspace: 780K(1024K)->780K(1024K) NonClass: 713K(832K)->713K(832K) Class: 67K(192K)->67K(192K)
[2.821s][info][gc             ] GC(86) Pause Young (Normal) (G1 Evacuation Pause) 178M->177M(204M) 7.931ms
[2.821s][info][gc,cpu         ] GC(86) User=0.03s Sys=0.00s Real=0.01s
[2.834s][info][gc,start       ] GC(87) Pause Young (Concurrent Start) (G1 Humongous Allocation)
[2.834s][info][gc,task        ] GC(87) Using 4 workers of 8 for evacuation
[2.839s][info][gc,phases      ] GC(87)   Pre Evacuate Collection Set: 0.0ms
[2.839s][info][gc,phases      ] GC(87)   Merge Heap Roots: 0.1ms
[2.839s][info][gc,phases      ] GC(87)   Evacuate Collection Set: 3.8ms
[2.839s][info][gc,phases      ] GC(87)   Post Evacuate Collection Set: 0.2ms
[2.839s][info][gc,phases      ] GC(87)   Other: 0.1ms
[2.839s][info][gc,heap        ] GC(87) Eden regions: 6->0(8)
[2.839s][info][gc,heap        ] GC(87) Survivor regions: 2->2(2)
[2.839s][info][gc,heap        ] GC(87) Old regions: 171->175
[2.839s][info][gc,heap        ] GC(87) Archive regions: 2->2
[2.839s][info][gc,heap        ] GC(87) Humongous regions: 6->6
[2.839s][info][gc,metaspace   ] GC(87) Metaspace: 780K(1024K)->780K(1024K) NonClass: 713K(832K)->713K(832K) Class: 67K(192K)->67K(192K)
[2.839s][info][gc             ] GC(87) Pause Young (Concurrent Start) (G1 Humongous Allocation) 183M->182M(204M) 4.447ms
[2.839s][info][gc,cpu         ] GC(87) User=0.02s Sys=0.00s Real=0.00s
[2.839s][info][gc             ] GC(88) Concurrent Mark Cycle
[2.839s][info][gc,marking     ] GC(88) Concurrent Clear Claimed Marks
[2.839s][info][gc,marking     ] GC(88) Concurrent Clear Claimed Marks 0.010ms
[2.839s][info][gc,marking     ] GC(88) Concurrent Scan Root Regions
[2.845s][info][gc,marking     ] GC(88) Concurrent Scan Root Regions 6.191ms
[2.845s][info][gc,marking     ] GC(88) Concurrent Mark
[2.845s][info][gc,marking     ] GC(88) Concurrent Mark From Roots
[2.845s][info][gc,task        ] GC(88) Using 2 workers of 2 for marking
[2.870s][info][gc,start       ] GC(89) Pause Young (Normal) (G1 Preventive Collection)
[2.870s][info][gc,task        ] GC(89) Using 4 workers of 8 for evacuation
[2.877s][info][gc,phases      ] GC(89)   Pre Evacuate Collection Set: 0.0ms
[2.877s][info][gc,phases      ] GC(89)   Merge Heap Roots: 0.1ms
[2.877s][info][gc,phases      ] GC(89)   Evacuate Collection Set: 6.9ms
[2.877s][info][gc,phases      ] GC(89)   Post Evacuate Collection Set: 0.2ms
[2.877s][info][gc,phases      ] GC(89)   Other: 0.1ms
[2.877s][info][gc,heap        ] GC(89) Eden regions: 6->0(8)
[2.877s][info][gc,heap        ] GC(89) Survivor regions: 2->2(2)
[2.877s][info][gc,heap        ] GC(89) Old regions: 175->182
[2.877s][info][gc,heap        ] GC(89) Archive regions: 2->2
[2.877s][info][gc,heap        ] GC(89) Humongous regions: 9->9
[2.877s][info][gc,metaspace   ] GC(89) Metaspace: 780K(1024K)->780K(1024K) NonClass: 713K(832K)->713K(832K) Class: 67K(192K)->67K(192K)
[2.877s][info][gc             ] GC(89) Pause Young (Normal) (G1 Preventive Collection) 191M->191M(204M) 7.463ms
[2.877s][info][gc,cpu         ] GC(89) User=0.02s Sys=0.00s Real=0.00s
[2.892s][info][gc,start       ] GC(90) Pause Young (Normal) (G1 Preventive Collection)
[2.892s][info][gc,task        ] GC(90) Using 4 workers of 8 for evacuation
[2.896s][info][gc,phases      ] GC(90)   Pre Evacuate Collection Set: 0.0ms
[2.896s][info][gc,phases      ] GC(90)   Merge Heap Roots: 0.0ms
[2.896s][info][gc,phases      ] GC(90)   Evacuate Collection Set: 3.9ms
[2.896s][info][gc,phases      ] GC(90)   Post Evacuate Collection Set: 0.2ms
[2.896s][info][gc,phases      ] GC(90)   Other: 0.1ms
[2.896s][info][gc,heap        ] GC(90) Eden regions: 3->0(8)
[2.897s][info][gc,heap        ] GC(90) Survivor regions: 2->2(2)
[2.897s][info][gc,heap        ] GC(90) Old regions: 182->185
[2.897s][info][gc,heap        ] GC(90) Archive regions: 2->2
[2.897s][info][gc,heap        ] GC(90) Humongous regions: 9->9
[2.897s][info][gc,metaspace   ] GC(90) Metaspace: 780K(1024K)->780K(1024K) NonClass: 713K(832K)->713K(832K) Class: 67K(192K)->67K(192K)
[2.897s][info][gc             ] GC(90) Pause Young (Normal) (G1 Preventive Collection) 194M->194M(204M) 4.495ms
[2.897s][info][gc,cpu         ] GC(90) User=0.01s Sys=0.00s Real=0.00s
[2.901s][info][gc,start       ] GC(91) Pause Young (Normal) (G1 Preventive Collection)
[2.902s][info][gc,task        ] GC(91) Using 4 workers of 8 for evacuation
[2.905s][info][gc,phases      ] GC(91)   Pre Evacuate Collection Set: 0.0ms
[2.905s][info][gc,phases      ] GC(91)   Merge Heap Roots: 0.0ms
[2.905s][info][gc,phases      ] GC(91)   Evacuate Collection Set: 2.9ms
[2.905s][info][gc,phases      ] GC(91)   Post Evacuate Collection Set: 0.1ms
[2.905s][info][gc,phases      ] GC(91)   Other: 0.1ms
[2.905s][info][gc,heap        ] GC(91) Eden regions: 1->0(8)
[2.905s][info][gc,heap        ] GC(91) Survivor regions: 2->2(2)
[2.905s][info][gc,heap        ] GC(91) Old regions: 185->188
[2.905s][info][gc,heap        ] GC(91) Archive regions: 2->2
[2.905s][info][gc,heap        ] GC(91) Humongous regions: 9->9
[2.905s][info][gc,metaspace   ] GC(91) Metaspace: 780K(1024K)->780K(1024K) NonClass: 713K(832K)->713K(832K) Class: 67K(192K)->67K(192K)
[2.905s][info][gc             ] GC(91) Pause Young (Normal) (G1 Preventive Collection) 195M->196M(204M) 3.353ms
[2.905s][info][gc,cpu         ] GC(91) User=0.01s Sys=0.00s Real=0.00s
[2.910s][info][gc,start       ] GC(92) Pause Young (Normal) (G1 Preventive Collection)
[2.910s][info][gc,task        ] GC(92) Using 4 workers of 8 for evacuation
[2.912s][info][gc,phases      ] GC(92)   Pre Evacuate Collection Set: 0.0ms
[2.912s][info][gc,phases      ] GC(92)   Merge Heap Roots: 0.0ms
[2.912s][info][gc,phases      ] GC(92)   Evacuate Collection Set: 2.4ms
[2.912s][info][gc,phases      ] GC(92)   Post Evacuate Collection Set: 0.1ms
[2.913s][info][gc,phases      ] GC(92)   Other: 0.1ms
[2.913s][info][gc,heap        ] GC(92) Eden regions: 1->0(8)
[2.913s][info][gc,heap        ] GC(92) Survivor regions: 2->2(2)
[2.913s][info][gc,heap        ] GC(92) Old regions: 188->188
[2.913s][info][gc,heap        ] GC(92) Archive regions: 2->2
[2.913s][info][gc,heap        ] GC(92) Humongous regions: 9->9
[2.913s][info][gc,metaspace   ] GC(92) Metaspace: 780K(1024K)->780K(1024K) NonClass: 713K(832K)->713K(832K) Class: 67K(192K)->67K(192K)
[2.913s][info][gc             ] GC(92) Pause Young (Normal) (G1 Preventive Collection) 197M->197M(204M) 2.900ms
[2.913s][info][gc,cpu         ] GC(92) User=0.01s Sys=0.00s Real=0.01s
[2.918s][info][gc,start       ] GC(93) Pause Young (Normal) (G1 Preventive Collection)
[2.918s][info][gc,task        ] GC(93) Using 4 workers of 8 for evacuation
[2.922s][info][gc             ] GC(93) To-space exhausted
[2.922s][info][gc,phases      ] GC(93)   Pre Evacuate Collection Set: 0.0ms
[2.922s][info][gc,phases      ] GC(93)   Merge Heap Roots: 0.0ms
[2.922s][info][gc,phases      ] GC(93)   Evacuate Collection Set: 3.0ms
[2.922s][info][gc,phases      ] GC(93)   Post Evacuate Collection Set: 1.1ms
[2.922s][info][gc,phases      ] GC(93)   Other: 0.2ms
[2.922s][info][gc,heap        ] GC(93) Eden regions: 1->0(9)
[2.922s][info][gc,heap        ] GC(93) Survivor regions: 2->1(2)
[2.922s][info][gc,heap        ] GC(93) Old regions: 188->192
[2.922s][info][gc,heap        ] GC(93) Archive regions: 2->2
[2.922s][info][gc,heap        ] GC(93) Humongous regions: 9->9
[2.922s][info][gc,metaspace   ] GC(93) Metaspace: 780K(1024K)->780K(1024K) NonClass: 713K(832K)->713K(832K) Class: 67K(192K)->67K(192K)
[2.922s][info][gc             ] GC(93) Pause Young (Normal) (G1 Preventive Collection) 198M->201M(204M) 4.530ms
[2.922s][info][gc,cpu         ] GC(93) User=0.02s Sys=0.00s Real=0.01s
[2.922s][info][gc,ergo        ] Attempting full compaction
[2.922s][info][gc,task        ] GC(94) Using 4 workers of 8 for full compaction
[2.922s][info][gc,start       ] GC(94) Pause Full (G1 Compaction Pause)
[2.923s][info][gc,phases,start] GC(94) Phase 1: Mark live objects
[2.961s][info][gc,phases      ] GC(94) Phase 1: Mark live objects 38.870ms
[2.961s][info][gc,phases,start] GC(94) Phase 2: Prepare for compaction
[2.962s][info][gc,phases      ] GC(94) Phase 2: Prepare for compaction 0.622ms
[2.962s][info][gc,phases,start] GC(94) Phase 3: Adjust pointers
[2.972s][info][gc,phases      ] GC(94) Phase 3: Adjust pointers 9.704ms
[2.972s][info][gc,phases,start] GC(94) Phase 4: Compact heap
[2.972s][info][gc,phases      ] GC(94) Phase 4: Compact heap 0.517ms
[2.973s][info][gc,heap        ] GC(94) Eden regions: 0->0(10)
[2.973s][info][gc,heap        ] GC(94) Survivor regions: 1->0(2)
[2.973s][info][gc,heap        ] GC(94) Old regions: 192->166
[2.973s][info][gc,heap        ] GC(94) Archive regions: 2->2
[2.973s][info][gc,heap        ] GC(94) Humongous regions: 9->3
[2.973s][info][gc,metaspace   ] GC(94) Metaspace: 780K(1024K)->780K(1024K) NonClass: 713K(832K)->713K(832K) Class: 67K(192K)->67K(192K)
[2.973s][info][gc             ] GC(94) Pause Full (G1 Compaction Pause) 201M->167M(204M) 50.562ms
[2.973s][info][gc,cpu         ] GC(94) User=0.19s Sys=0.00s Real=0.05s
[2.973s][info][gc,marking     ] GC(88) Concurrent Mark From Roots 127.947ms
[2.973s][info][gc,marking     ] GC(88) Concurrent Mark Abort
[2.973s][info][gc             ] GC(88) Concurrent Mark Cycle 134.265ms
[2.987s][info][gc,start       ] GC(95) Pause Young (Concurrent Start) (G1 Humongous Allocation)
[2.987s][info][gc,task        ] GC(95) Using 4 workers of 8 for evacuation
[2.990s][info][gc,phases      ] GC(95)   Pre Evacuate Collection Set: 0.0ms
[2.990s][info][gc,phases      ] GC(95)   Merge Heap Roots: 0.1ms
[2.990s][info][gc,phases      ] GC(95)   Evacuate Collection Set: 2.7ms
[2.990s][info][gc,phases      ] GC(95)   Post Evacuate Collection Set: 0.2ms
[2.990s][info][gc,phases      ] GC(95)   Other: 0.1ms
[2.990s][info][gc,heap        ] GC(95) Eden regions: 7->0(8)
[2.990s][info][gc,heap        ] GC(95) Survivor regions: 0->2(2)
[2.990s][info][gc,heap        ] GC(95) Old regions: 166->169
[2.990s][info][gc,heap        ] GC(95) Archive regions: 2->2
[2.990s][info][gc,heap        ] GC(95) Humongous regions: 3->3
[2.990s][info][gc,metaspace   ] GC(95) Metaspace: 780K(1024K)->780K(1024K) NonClass: 713K(832K)->713K(832K) Class: 67K(192K)->67K(192K)
[2.991s][info][gc             ] GC(95) Pause Young (Concurrent Start) (G1 Humongous Allocation) 173M->171M(204M) 3.299ms
[2.991s][info][gc,cpu         ] GC(95) User=0.01s Sys=0.00s Real=0.01s
[2.991s][info][gc             ] GC(96) Concurrent Mark Cycle
[2.991s][info][gc,marking     ] GC(96) Concurrent Clear Claimed Marks
[2.991s][info][gc,marking     ] GC(96) Concurrent Clear Claimed Marks 0.010ms
[2.991s][info][gc,marking     ] GC(96) Concurrent Scan Root Regions
[2.991s][info][gc,marking     ] GC(96) Concurrent Scan Root Regions 0.396ms
[2.991s][info][gc,marking     ] GC(96) Concurrent Mark
[2.991s][info][gc,marking     ] GC(96) Concurrent Mark From Roots
[2.991s][info][gc,task        ] GC(96) Using 2 workers of 2 for marking
[3.026s][info][gc,start       ] GC(97) Pause Young (Normal) (G1 Evacuation Pause)
[3.026s][info][gc,task        ] GC(97) Using 4 workers of 8 for evacuation
[3.033s][info][gc,phases      ] GC(97)   Pre Evacuate Collection Set: 0.0ms
[3.033s][info][gc,phases      ] GC(97)   Merge Heap Roots: 0.1ms
[3.033s][info][gc,phases      ] GC(97)   Evacuate Collection Set: 6.8ms
[3.033s][info][gc,phases      ] GC(97)   Post Evacuate Collection Set: 0.2ms
[3.033s][info][gc,phases      ] GC(97)   Other: 0.1ms
[3.033s][info][gc,heap        ] GC(97) Eden regions: 8->0(8)
[3.033s][info][gc,heap        ] GC(97) Survivor regions: 2->2(2)
[3.033s][info][gc,heap        ] GC(97) Old regions: 169->177
[3.033s][info][gc,heap        ] GC(97) Archive regions: 2->2
[3.033s][info][gc,heap        ] GC(97) Humongous regions: 6->6
[3.033s][info][gc,metaspace   ] GC(97) Metaspace: 780K(1024K)->780K(1024K) NonClass: 713K(832K)->713K(832K) Class: 67K(192K)->67K(192K)
[3.033s][info][gc             ] GC(97) Pause Young (Normal) (G1 Evacuation Pause) 182M->182M(204M) 7.300ms
[3.033s][info][gc,cpu         ] GC(97) User=0.03s Sys=0.00s Real=0.01s
[3.056s][info][gc,start       ] GC(98) Pause Young (Normal) (G1 Preventive Collection)
[3.056s][info][gc,task        ] GC(98) Using 4 workers of 8 for evacuation
[3.062s][info][gc,phases      ] GC(98)   Pre Evacuate Collection Set: 0.0ms
[3.062s][info][gc,phases      ] GC(98)   Merge Heap Roots: 0.1ms
[3.062s][info][gc,phases      ] GC(98)   Evacuate Collection Set: 5.4ms
[3.062s][info][gc,phases      ] GC(98)   Post Evacuate Collection Set: 0.2ms
[3.062s][info][gc,phases      ] GC(98)   Other: 0.1ms
[3.062s][info][gc,heap        ] GC(98) Eden regions: 7->0(8)
[3.062s][info][gc,heap        ] GC(98) Survivor regions: 2->2(2)
[3.062s][info][gc,heap        ] GC(98) Old regions: 177->183
[3.062s][info][gc,heap        ] GC(98) Archive regions: 2->2
[3.062s][info][gc,heap        ] GC(98) Humongous regions: 6->6
[3.062s][info][gc,metaspace   ] GC(98) Metaspace: 780K(1024K)->780K(1024K) NonClass: 713K(832K)->713K(832K) Class: 67K(192K)->67K(192K)
[3.062s][info][gc             ] GC(98) Pause Young (Normal) (G1 Preventive Collection) 188M->188M(204M) 5.915ms
[3.062s][info][gc,cpu         ] GC(98) User=0.02s Sys=0.00s Real=0.01s
[3.062s][info][gc,ergo        ] Attempting full compaction
[3.062s][info][gc,task        ] GC(99) Using 4 workers of 8 for full compaction
[3.063s][info][gc,start       ] GC(99) Pause Full (G1 Compaction Pause)
[3.063s][info][gc,phases,start] GC(99) Phase 1: Mark live objects
[3.107s][info][gc,phases      ] GC(99) Phase 1: Mark live objects 44.415ms
[3.107s][info][gc,phases,start] GC(99) Phase 2: Prepare for compaction
[3.108s][info][gc,phases      ] GC(99) Phase 2: Prepare for compaction 0.752ms
[3.108s][info][gc,phases,start] GC(99) Phase 3: Adjust pointers
[3.119s][info][gc,phases      ] GC(99) Phase 3: Adjust pointers 10.910ms
[3.119s][info][gc,phases,start] GC(99) Phase 4: Compact heap
[3.119s][info][gc,phases      ] GC(99) Phase 4: Compact heap 0.431ms
[3.120s][info][gc,heap        ] GC(99) Eden regions: 0->0(10)
[3.120s][info][gc,heap        ] GC(99) Survivor regions: 2->0(2)
[3.120s][info][gc,heap        ] GC(99) Old regions: 183->170
[3.120s][info][gc,heap        ] GC(99) Archive regions: 2->2
[3.120s][info][gc,heap        ] GC(99) Humongous regions: 6->3
[3.120s][info][gc,metaspace   ] GC(99) Metaspace: 780K(1024K)->780K(1024K) NonClass: 713K(832K)->713K(832K) Class: 67K(192K)->67K(192K)
[3.120s][info][gc             ] GC(99) Pause Full (G1 Compaction Pause) 188M->172M(204M) 57.392ms
[3.120s][info][gc,cpu         ] GC(99) User=0.22s Sys=0.00s Real=0.06s
[3.120s][info][gc,marking     ] GC(96) Concurrent Mark From Roots 129.040ms
[3.120s][info][gc,marking     ] GC(96) Concurrent Mark Abort
[3.120s][info][gc             ] GC(96) Concurrent Mark Cycle 129.542ms
[3.155s][info][gc,start       ] GC(100) Pause Young (Concurrent Start) (G1 Humongous Allocation)
[3.155s][info][gc,task        ] GC(100) Using 4 workers of 8 for evacuation
[3.160s][info][gc,phases      ] GC(100)   Pre Evacuate Collection Set: 0.0ms
[3.160s][info][gc,phases      ] GC(100)   Merge Heap Roots: 0.2ms
[3.160s][info][gc,phases      ] GC(100)   Evacuate Collection Set: 4.8ms
[3.160s][info][gc,phases      ] GC(100)   Post Evacuate Collection Set: 0.2ms
[3.160s][info][gc,phases      ] GC(100)   Other: 0.2ms
[3.160s][info][gc,heap        ] GC(100) Eden regions: 5->0(8)
[3.160s][info][gc,heap        ] GC(100) Survivor regions: 0->2(2)
[3.160s][info][gc,heap        ] GC(100) Old regions: 170->171
[3.160s][info][gc,heap        ] GC(100) Archive regions: 2->2
[3.160s][info][gc,heap        ] GC(100) Humongous regions: 8->8
[3.160s][info][gc,metaspace   ] GC(100) Metaspace: 780K(1024K)->780K(1024K) NonClass: 713K(832K)->713K(832K) Class: 67K(192K)->67K(192K)
[3.160s][info][gc             ] GC(100) Pause Young (Concurrent Start) (G1 Humongous Allocation) 182M->180M(204M) 5.493ms
[3.160s][info][gc,cpu         ] GC(100) User=0.01s Sys=0.00s Real=0.01s
[3.160s][info][gc             ] GC(101) Concurrent Mark Cycle
[3.160s][info][gc,marking     ] GC(101) Concurrent Clear Claimed Marks
[3.160s][info][gc,marking     ] GC(101) Concurrent Clear Claimed Marks 0.010ms
[3.160s][info][gc,marking     ] GC(101) Concurrent Scan Root Regions
[3.161s][info][gc,marking     ] GC(101) Concurrent Scan Root Regions 0.357ms
[3.161s][info][gc,marking     ] GC(101) Concurrent Mark
[3.161s][info][gc,marking     ] GC(101) Concurrent Mark From Roots
[3.161s][info][gc,task        ] GC(101) Using 2 workers of 2 for marking
[3.194s][info][gc,start       ] GC(102) Pause Young (Normal) (G1 Preventive Collection)
[3.194s][info][gc,task        ] GC(102) Using 4 workers of 8 for evacuation
[3.202s][info][gc             ] GC(102) To-space exhausted
[3.202s][info][gc,phases      ] GC(102)   Pre Evacuate Collection Set: 0.0ms
[3.202s][info][gc,phases      ] GC(102)   Merge Heap Roots: 0.1ms
[3.202s][info][gc,phases      ] GC(102)   Evacuate Collection Set: 7.0ms
[3.202s][info][gc,phases      ] GC(102)   Post Evacuate Collection Set: 0.7ms
[3.202s][info][gc,phases      ] GC(102)   Other: 0.2ms
[3.202s][info][gc,heap        ] GC(102) Eden regions: 7->0(8)
[3.202s][info][gc,heap        ] GC(102) Survivor regions: 2->2(2)
[3.202s][info][gc,heap        ] GC(102) Old regions: 171->179
[3.202s][info][gc,heap        ] GC(102) Archive regions: 2->2
[3.202s][info][gc,heap        ] GC(102) Humongous regions: 13->13
[3.202s][info][gc,metaspace   ] GC(102) Metaspace: 780K(1024K)->780K(1024K) NonClass: 713K(832K)->713K(832K) Class: 67K(192K)->67K(192K)
[3.202s][info][gc             ] GC(102) Pause Young (Normal) (G1 Preventive Collection) 192M->193M(204M) 8.134ms
[3.202s][info][gc,cpu         ] GC(102) User=0.03s Sys=0.00s Real=0.01s
[3.213s][info][gc,start       ] GC(103) Pause Young (Normal) (G1 Preventive Collection)
[3.213s][info][gc,task        ] GC(103) Using 4 workers of 8 for evacuation
[3.217s][info][gc,phases      ] GC(103)   Pre Evacuate Collection Set: 0.0ms
[3.217s][info][gc,phases      ] GC(103)   Merge Heap Roots: 0.0ms
[3.217s][info][gc,phases      ] GC(103)   Evacuate Collection Set: 3.3ms
[3.217s][info][gc,phases      ] GC(103)   Post Evacuate Collection Set: 0.2ms
[3.217s][info][gc,phases      ] GC(103)   Other: 0.1ms
[3.217s][info][gc,heap        ] GC(103) Eden regions: 2->0(8)
[3.217s][info][gc,heap        ] GC(103) Survivor regions: 2->2(2)
[3.217s][info][gc,heap        ] GC(103) Old regions: 179->182
[3.217s][info][gc,heap        ] GC(103) Archive regions: 2->2
[3.217s][info][gc,heap        ] GC(103) Humongous regions: 13->13
[3.217s][info][gc,metaspace   ] GC(103) Metaspace: 780K(1024K)->780K(1024K) NonClass: 713K(832K)->713K(832K) Class: 67K(192K)->67K(192K)
[3.217s][info][gc             ] GC(103) Pause Young (Normal) (G1 Preventive Collection) 195M->196M(204M) 3.786ms
[3.217s][info][gc,cpu         ] GC(103) User=0.02s Sys=0.00s Real=0.00s
[3.223s][info][gc,start       ] GC(104) Pause Young (Normal) (G1 Preventive Collection)
[3.223s][info][gc,task        ] GC(104) Using 4 workers of 8 for evacuation
[3.226s][info][gc,phases      ] GC(104)   Pre Evacuate Collection Set: 0.0ms
[3.226s][info][gc,phases      ] GC(104)   Merge Heap Roots: 0.0ms
[3.226s][info][gc,phases      ] GC(104)   Evacuate Collection Set: 3.0ms
[3.226s][info][gc,phases      ] GC(104)   Post Evacuate Collection Set: 0.2ms
[3.226s][info][gc,phases      ] GC(104)   Other: 0.1ms
[3.226s][info][gc,heap        ] GC(104) Eden regions: 1->0(8)
[3.226s][info][gc,heap        ] GC(104) Survivor regions: 2->2(2)
[3.226s][info][gc,heap        ] GC(104) Old regions: 182->184
[3.226s][info][gc,heap        ] GC(104) Archive regions: 2->2
[3.226s][info][gc,heap        ] GC(104) Humongous regions: 13->13
[3.226s][info][gc,metaspace   ] GC(104) Metaspace: 780K(1024K)->780K(1024K) NonClass: 713K(832K)->713K(832K) Class: 67K(192K)->67K(192K)
[3.226s][info][gc             ] GC(104) Pause Young (Normal) (G1 Preventive Collection) 197M->197M(204M) 3.477ms
[3.226s][info][gc,cpu         ] GC(104) User=0.02s Sys=0.00s Real=0.00s
[3.232s][info][gc,start       ] GC(105) Pause Young (Normal) (G1 Preventive Collection)
[3.232s][info][gc,task        ] GC(105) Using 4 workers of 8 for evacuation
[3.234s][info][gc,phases      ] GC(105)   Pre Evacuate Collection Set: 0.0ms
[3.234s][info][gc,phases      ] GC(105)   Merge Heap Roots: 0.0ms
[3.234s][info][gc,phases      ] GC(105)   Evacuate Collection Set: 2.0ms
[3.234s][info][gc,phases      ] GC(105)   Post Evacuate Collection Set: 0.2ms
[3.234s][info][gc,phases      ] GC(105)   Other: 0.1ms
[3.234s][info][gc,heap        ] GC(105) Eden regions: 1->0(8)
[3.234s][info][gc,heap        ] GC(105) Survivor regions: 2->2(2)
[3.234s][info][gc,heap        ] GC(105) Old regions: 184->184
[3.234s][info][gc,heap        ] GC(105) Archive regions: 2->2
[3.234s][info][gc,heap        ] GC(105) Humongous regions: 13->13
[3.234s][info][gc,metaspace   ] GC(105) Metaspace: 780K(1024K)->780K(1024K) NonClass: 713K(832K)->713K(832K) Class: 67K(192K)->67K(192K)
[3.234s][info][gc             ] GC(105) Pause Young (Normal) (G1 Preventive Collection) 198M->198M(204M) 2.522ms
[3.234s][info][gc,cpu         ] GC(105) User=0.01s Sys=0.01s Real=0.00s
[3.240s][info][gc,start       ] GC(106) Pause Young (Normal) (G1 Preventive Collection)
[3.240s][info][gc,task        ] GC(106) Using 4 workers of 8 for evacuation
[3.245s][info][gc             ] GC(106) To-space exhausted
[3.245s][info][gc,phases      ] GC(106)   Pre Evacuate Collection Set: 0.0ms
[3.245s][info][gc,phases      ] GC(106)   Merge Heap Roots: 0.0ms
[3.245s][info][gc,phases      ] GC(106)   Evacuate Collection Set: 3.0ms
[3.245s][info][gc,phases      ] GC(106)   Post Evacuate Collection Set: 1.3ms
[3.245s][info][gc,phases      ] GC(106)   Other: 0.2ms
[3.245s][info][gc,heap        ] GC(106) Eden regions: 1->0(9)
[3.245s][info][gc,heap        ] GC(106) Survivor regions: 2->1(2)
[3.245s][info][gc,heap        ] GC(106) Old regions: 184->187
[3.245s][info][gc,heap        ] GC(106) Archive regions: 2->2
[3.245s][info][gc,heap        ] GC(106) Humongous regions: 13->13
[3.245s][info][gc,metaspace   ] GC(106) Metaspace: 780K(1024K)->780K(1024K) NonClass: 713K(832K)->713K(832K) Class: 67K(192K)->67K(192K)
[3.245s][info][gc             ] GC(106) Pause Young (Normal) (G1 Preventive Collection) 199M->200M(204M) 4.765ms
[3.245s][info][gc,cpu         ] GC(106) User=0.01s Sys=0.00s Real=0.00s
[3.248s][info][gc,start       ] GC(107) Pause Young (Normal) (G1 Evacuation Pause)
[3.248s][info][gc,task        ] GC(107) Using 4 workers of 8 for evacuation
[3.253s][info][gc             ] GC(107) To-space exhausted
[3.253s][info][gc,phases      ] GC(107)   Pre Evacuate Collection Set: 0.0ms
[3.253s][info][gc,phases      ] GC(107)   Merge Heap Roots: 0.1ms
[3.253s][info][gc,phases      ] GC(107)   Evacuate Collection Set: 2.5ms
[3.253s][info][gc,phases      ] GC(107)   Post Evacuate Collection Set: 1.5ms
[3.253s][info][gc,phases      ] GC(107)   Other: 0.1ms
[3.253s][info][gc,heap        ] GC(107) Eden regions: 1->0(10)
[3.253s][info][gc,heap        ] GC(107) Survivor regions: 1->0(0)
[3.253s][info][gc,heap        ] GC(107) Old regions: 187->189
[3.253s][info][gc,heap        ] GC(107) Archive regions: 2->2
[3.253s][info][gc,heap        ] GC(107) Humongous regions: 13->13
[3.253s][info][gc,metaspace   ] GC(107) Metaspace: 780K(1024K)->780K(1024K) NonClass: 713K(832K)->713K(832K) Class: 67K(192K)->67K(192K)
[3.253s][info][gc             ] GC(107) Pause Young (Normal) (G1 Evacuation Pause) 201M->201M(204M) 4.417ms
[3.253s][info][gc,cpu         ] GC(107) User=0.01s Sys=0.00s Real=0.01s
[3.253s][info][gc,ergo        ] Attempting full compaction
[3.253s][info][gc,task        ] GC(108) Using 4 workers of 8 for full compaction
[3.253s][info][gc,start       ] GC(108) Pause Full (G1 Compaction Pause)
[3.253s][info][gc,phases,start] GC(108) Phase 1: Mark live objects
[3.293s][info][gc,phases      ] GC(108) Phase 1: Mark live objects 40.158ms
[3.293s][info][gc,phases,start] GC(108) Phase 2: Prepare for compaction
[3.294s][info][gc,phases      ] GC(108) Phase 2: Prepare for compaction 0.693ms
[3.294s][info][gc,phases,start] GC(108) Phase 3: Adjust pointers
[3.307s][info][gc,phases      ] GC(108) Phase 3: Adjust pointers 12.821ms
[3.307s][info][gc,phases,start] GC(108) Phase 4: Compact heap
[3.308s][info][gc,phases      ] GC(108) Phase 4: Compact heap 0.621ms
[3.308s][info][gc,heap        ] GC(108) Eden regions: 0->0(10)
[3.308s][info][gc,heap        ] GC(108) Survivor regions: 0->0(0)
[3.308s][info][gc,heap        ] GC(108) Old regions: 189->174
[3.308s][info][gc,heap        ] GC(108) Archive regions: 2->2
[3.308s][info][gc,heap        ] GC(108) Humongous regions: 13->5
[3.308s][info][gc,metaspace   ] GC(108) Metaspace: 780K(1024K)->780K(1024K) NonClass: 713K(832K)->713K(832K) Class: 67K(192K)->67K(192K)
[3.308s][info][gc             ] GC(108) Pause Full (G1 Compaction Pause) 201M->178M(204M) 55.374ms
[3.308s][info][gc,cpu         ] GC(108) User=0.21s Sys=0.00s Real=0.05s
[3.309s][info][gc,marking     ] GC(101) Concurrent Mark From Roots 148.092ms
[3.309s][info][gc,marking     ] GC(101) Concurrent Mark Abort
[3.309s][info][gc             ] GC(101) Concurrent Mark Cycle 148.560ms
[3.322s][info][gc,start       ] GC(109) Pause Young (Concurrent Start) (G1 Humongous Allocation)
[3.322s][info][gc,task        ] GC(109) Using 4 workers of 8 for evacuation
[3.326s][info][gc,phases      ] GC(109)   Pre Evacuate Collection Set: 0.1ms
[3.326s][info][gc,phases      ] GC(109)   Merge Heap Roots: 0.1ms
[3.326s][info][gc,phases      ] GC(109)   Evacuate Collection Set: 3.0ms
[3.326s][info][gc,phases      ] GC(109)   Post Evacuate Collection Set: 0.2ms
[3.326s][info][gc,phases      ] GC(109)   Other: 0.2ms
[3.326s][info][gc,heap        ] GC(109) Eden regions: 6->0(8)
[3.326s][info][gc,heap        ] GC(109) Survivor regions: 0->2(2)
[3.326s][info][gc,heap        ] GC(109) Old regions: 174->176
[3.326s][info][gc,heap        ] GC(109) Archive regions: 2->2
[3.326s][info][gc,heap        ] GC(109) Humongous regions: 5->5
[3.326s][info][gc,metaspace   ] GC(109) Metaspace: 780K(1024K)->780K(1024K) NonClass: 713K(832K)->713K(832K) Class: 67K(192K)->67K(192K)
[3.326s][info][gc             ] GC(109) Pause Young (Concurrent Start) (G1 Humongous Allocation) 184M->181M(204M) 3.739ms
[3.326s][info][gc,cpu         ] GC(109) User=0.02s Sys=0.00s Real=0.00s
[3.326s][info][gc             ] GC(110) Concurrent Mark Cycle
[3.326s][info][gc,marking     ] GC(110) Concurrent Clear Claimed Marks
[3.326s][info][gc,marking     ] GC(110) Concurrent Clear Claimed Marks 0.011ms
[3.326s][info][gc,marking     ] GC(110) Concurrent Scan Root Regions
[3.326s][info][gc,marking     ] GC(110) Concurrent Scan Root Regions 0.513ms
[3.326s][info][gc,marking     ] GC(110) Concurrent Mark
[3.326s][info][gc,marking     ] GC(110) Concurrent Mark From Roots
[3.327s][info][gc,task        ] GC(110) Using 2 workers of 2 for marking
[3.362s][info][gc,start       ] GC(111) Pause Young (Normal) (G1 Preventive Collection)
[3.362s][info][gc,task        ] GC(111) Using 4 workers of 8 for evacuation
[3.369s][info][gc,phases      ] GC(111)   Pre Evacuate Collection Set: 0.0ms
[3.369s][info][gc,phases      ] GC(111)   Merge Heap Roots: 0.1ms
[3.369s][info][gc,phases      ] GC(111)   Evacuate Collection Set: 6.7ms
[3.369s][info][gc,phases      ] GC(111)   Post Evacuate Collection Set: 0.2ms
[3.369s][info][gc,phases      ] GC(111)   Other: 0.1ms
[3.369s][info][gc,heap        ] GC(111) Eden regions: 6->0(8)
[3.369s][info][gc,heap        ] GC(111) Survivor regions: 2->2(2)
[3.369s][info][gc,heap        ] GC(111) Old regions: 176->182
[3.369s][info][gc,heap        ] GC(111) Archive regions: 2->2
[3.369s][info][gc,heap        ] GC(111) Humongous regions: 10->10
[3.369s][info][gc,metaspace   ] GC(111) Metaspace: 780K(1024K)->780K(1024K) NonClass: 713K(832K)->713K(832K) Class: 67K(192K)->67K(192K)
[3.369s][info][gc             ] GC(111) Pause Young (Normal) (G1 Preventive Collection) 192M->193M(204M) 7.382ms
[3.369s][info][gc,cpu         ] GC(111) User=0.02s Sys=0.00s Real=0.00s
[3.380s][info][gc,start       ] GC(112) Pause Young (Normal) (G1 Preventive Collection)
[3.380s][info][gc,task        ] GC(112) Using 4 workers of 8 for evacuation
[3.384s][info][gc,phases      ] GC(112)   Pre Evacuate Collection Set: 0.0ms
[3.384s][info][gc,phases      ] GC(112)   Merge Heap Roots: 0.0ms
[3.384s][info][gc,phases      ] GC(112)   Evacuate Collection Set: 3.8ms
[3.384s][info][gc,phases      ] GC(112)   Post Evacuate Collection Set: 0.1ms
[3.384s][info][gc,phases      ] GC(112)   Other: 0.1ms
[3.384s][info][gc,heap        ] GC(112) Eden regions: 2->0(8)
[3.384s][info][gc,heap        ] GC(112) Survivor regions: 2->2(2)
[3.384s][info][gc,heap        ] GC(112) Old regions: 182->185
[3.384s][info][gc,heap        ] GC(112) Archive regions: 2->2
[3.384s][info][gc,heap        ] GC(112) Humongous regions: 10->10
[3.384s][info][gc,metaspace   ] GC(112) Metaspace: 780K(1024K)->780K(1024K) NonClass: 713K(832K)->713K(832K) Class: 67K(192K)->67K(192K)
[3.384s][info][gc             ] GC(112) Pause Young (Normal) (G1 Preventive Collection) 195M->195M(204M) 4.326ms
[3.384s][info][gc,cpu         ] GC(112) User=0.01s Sys=0.00s Real=0.00s
[3.390s][info][gc,start       ] GC(113) Pause Young (Normal) (G1 Preventive Collection)
[3.390s][info][gc,task        ] GC(113) Using 4 workers of 8 for evacuation
[3.393s][info][gc,phases      ] GC(113)   Pre Evacuate Collection Set: 0.1ms
[3.393s][info][gc,phases      ] GC(113)   Merge Heap Roots: 0.1ms
[3.393s][info][gc,phases      ] GC(113)   Evacuate Collection Set: 2.7ms
[3.393s][info][gc,phases      ] GC(113)   Post Evacuate Collection Set: 0.1ms
[3.393s][info][gc,phases      ] GC(113)   Other: 0.1ms
[3.393s][info][gc,heap        ] GC(113) Eden regions: 1->0(8)
[3.393s][info][gc,heap        ] GC(113) Survivor regions: 2->2(2)
[3.393s][info][gc,heap        ] GC(113) Old regions: 185->187
[3.393s][info][gc,heap        ] GC(113) Archive regions: 2->2
[3.393s][info][gc,heap        ] GC(113) Humongous regions: 10->10
[3.393s][info][gc,metaspace   ] GC(113) Metaspace: 780K(1024K)->780K(1024K) NonClass: 713K(832K)->713K(832K) Class: 67K(192K)->67K(192K)
[3.393s][info][gc             ] GC(113) Pause Young (Normal) (G1 Preventive Collection) 196M->196M(204M) 3.279ms
[3.393s][info][gc,cpu         ] GC(113) User=0.01s Sys=0.00s Real=0.01s
[3.399s][info][gc,start       ] GC(114) Pause Young (Normal) (G1 Preventive Collection)
[3.399s][info][gc,task        ] GC(114) Using 4 workers of 8 for evacuation
[3.401s][info][gc,phases      ] GC(114)   Pre Evacuate Collection Set: 0.0ms
[3.401s][info][gc,phases      ] GC(114)   Merge Heap Roots: 0.0ms
[3.401s][info][gc,phases      ] GC(114)   Evacuate Collection Set: 2.2ms
[3.401s][info][gc,phases      ] GC(114)   Post Evacuate Collection Set: 0.2ms
[3.401s][info][gc,phases      ] GC(114)   Other: 0.1ms
[3.401s][info][gc,heap        ] GC(114) Eden regions: 1->0(8)
[3.401s][info][gc,heap        ] GC(114) Survivor regions: 2->2(2)
[3.401s][info][gc,heap        ] GC(114) Old regions: 187->187
[3.401s][info][gc,heap        ] GC(114) Archive regions: 2->2
[3.401s][info][gc,heap        ] GC(114) Humongous regions: 10->10
[3.401s][info][gc,metaspace   ] GC(114) Metaspace: 780K(1024K)->780K(1024K) NonClass: 713K(832K)->713K(832K) Class: 67K(192K)->67K(192K)
[3.401s][info][gc             ] GC(114) Pause Young (Normal) (G1 Preventive Collection) 197M->197M(204M) 2.698ms
[3.401s][info][gc,cpu         ] GC(114) User=0.01s Sys=0.00s Real=0.01s
[3.407s][info][gc,start       ] GC(115) Pause Young (Normal) (G1 Preventive Collection)
[3.407s][info][gc,task        ] GC(115) Using 4 workers of 8 for evacuation
[3.411s][info][gc             ] GC(115) To-space exhausted
[3.411s][info][gc,phases      ] GC(115)   Pre Evacuate Collection Set: 0.0ms
[3.411s][info][gc,phases      ] GC(115)   Merge Heap Roots: 0.1ms
[3.411s][info][gc,phases      ] GC(115)   Evacuate Collection Set: 2.8ms
[3.411s][info][gc,phases      ] GC(115)   Post Evacuate Collection Set: 1.1ms
[3.411s][info][gc,phases      ] GC(115)   Other: 0.2ms
[3.411s][info][gc,heap        ] GC(115) Eden regions: 1->0(9)
[3.411s][info][gc,heap        ] GC(115) Survivor regions: 2->1(2)
[3.411s][info][gc,heap        ] GC(115) Old regions: 187->190
[3.411s][info][gc,heap        ] GC(115) Archive regions: 2->2
[3.411s][info][gc,heap        ] GC(115) Humongous regions: 10->10
[3.411s][info][gc,metaspace   ] GC(115) Metaspace: 780K(1024K)->780K(1024K) NonClass: 713K(832K)->713K(832K) Class: 67K(192K)->67K(192K)
[3.411s][info][gc             ] GC(115) Pause Young (Normal) (G1 Preventive Collection) 198M->200M(204M) 4.357ms
[3.411s][info][gc,cpu         ] GC(115) User=0.01s Sys=0.00s Real=0.01s
[3.417s][info][gc,start       ] GC(116) Pause Young (Normal) (G1 Evacuation Pause)
[3.417s][info][gc,task        ] GC(116) Using 4 workers of 8 for evacuation
[3.422s][info][gc             ] GC(116) To-space exhausted
[3.422s][info][gc,phases      ] GC(116)   Pre Evacuate Collection Set: 0.0ms
[3.423s][info][gc,phases      ] GC(116)   Merge Heap Roots: 0.0ms
[3.423s][info][gc,phases      ] GC(116)   Evacuate Collection Set: 3.1ms
[3.423s][info][gc,phases      ] GC(116)   Post Evacuate Collection Set: 1.9ms
[3.423s][info][gc,phases      ] GC(116)   Other: 0.2ms
[3.423s][info][gc,heap        ] GC(116) Eden regions: 1->0(10)
[3.423s][info][gc,heap        ] GC(116) Survivor regions: 1->0(0)
[3.423s][info][gc,heap        ] GC(116) Old regions: 190->192
[3.423s][info][gc,heap        ] GC(116) Archive regions: 2->2
[3.423s][info][gc,heap        ] GC(116) Humongous regions: 10->10
[3.423s][info][gc,metaspace   ] GC(116) Metaspace: 780K(1024K)->780K(1024K) NonClass: 713K(832K)->713K(832K) Class: 67K(192K)->67K(192K)
[3.423s][info][gc             ] GC(116) Pause Young (Normal) (G1 Evacuation Pause) 201M->201M(204M) 5.590ms
[3.423s][info][gc,cpu         ] GC(116) User=0.01s Sys=0.00s Real=0.01s
[3.423s][info][gc,ergo        ] Attempting full compaction
[3.423s][info][gc,task        ] GC(117) Using 4 workers of 8 for full compaction
[3.423s][info][gc,start       ] GC(117) Pause Full (G1 Compaction Pause)
[3.423s][info][gc,phases,start] GC(117) Phase 1: Mark live objects
[3.489s][info][gc,phases      ] GC(117) Phase 1: Mark live objects 66.453ms
[3.489s][info][gc,phases,start] GC(117) Phase 2: Prepare for compaction
[3.491s][info][gc,phases      ] GC(117) Phase 2: Prepare for compaction 1.694ms
[3.491s][info][gc,phases,start] GC(117) Phase 3: Adjust pointers
[3.506s][info][gc,phases      ] GC(117) Phase 3: Adjust pointers 14.349ms
[3.506s][info][gc,phases,start] GC(117) Phase 4: Compact heap
[3.506s][info][gc,phases      ] GC(117) Phase 4: Compact heap 0.722ms
[3.507s][info][gc,heap        ] GC(117) Eden regions: 0->0(10)
[3.507s][info][gc,heap        ] GC(117) Survivor regions: 0->0(0)
[3.507s][info][gc,heap        ] GC(117) Old regions: 192->189
[3.507s][info][gc,heap        ] GC(117) Archive regions: 2->2
[3.507s][info][gc,heap        ] GC(117) Humongous regions: 10->10
[3.507s][info][gc,metaspace   ] GC(117) Metaspace: 780K(1024K)->780K(1024K) NonClass: 713K(832K)->713K(832K) Class: 67K(192K)->67K(192K)
[3.507s][info][gc             ] GC(117) Pause Full (G1 Compaction Pause) 201M->198M(204M) 84.026ms
[3.507s][info][gc,cpu         ] GC(117) User=0.33s Sys=0.00s Real=0.08s
[3.507s][info][gc,marking     ] GC(110) Concurrent Mark From Roots 180.499ms
[3.507s][info][gc,marking     ] GC(110) Concurrent Mark Abort
[3.507s][info][gc             ] GC(110) Concurrent Mark Cycle 181.151ms
[3.510s][info][gc,start       ] GC(118) Pause Young (Normal) (G1 Preventive Collection)
[3.510s][info][gc,task        ] GC(118) Using 4 workers of 8 for evacuation
[3.512s][info][gc,phases      ] GC(118)   Pre Evacuate Collection Set: 0.0ms
[3.512s][info][gc,phases      ] GC(118)   Merge Heap Roots: 0.0ms
[3.512s][info][gc,phases      ] GC(118)   Evacuate Collection Set: 1.4ms
[3.512s][info][gc,phases      ] GC(118)   Post Evacuate Collection Set: 0.2ms
[3.512s][info][gc,phases      ] GC(118)   Other: 0.1ms
[3.512s][info][gc,heap        ] GC(118) Eden regions: 1->0(9)
[3.512s][info][gc,heap        ] GC(118) Survivor regions: 0->1(2)
[3.512s][info][gc,heap        ] GC(118) Old regions: 189->189
[3.512s][info][gc,heap        ] GC(118) Archive regions: 2->2
[3.512s][info][gc,heap        ] GC(118) Humongous regions: 10->10
[3.512s][info][gc,metaspace   ] GC(118) Metaspace: 780K(1024K)->780K(1024K) NonClass: 713K(832K)->713K(832K) Class: 67K(192K)->67K(192K)
[3.512s][info][gc             ] GC(118) Pause Young (Normal) (G1 Preventive Collection) 199M->199M(204M) 1.862ms
[3.512s][info][gc,cpu         ] GC(118) User=0.01s Sys=0.00s Real=0.00s
[3.514s][info][gc,start       ] GC(119) Pause Young (Concurrent Start) (G1 Preventive Collection)
[3.514s][info][gc,task        ] GC(119) Using 4 workers of 8 for evacuation
[3.517s][info][gc             ] GC(119) To-space exhausted
[3.517s][info][gc,phases      ] GC(119)   Pre Evacuate Collection Set: 0.0ms
[3.517s][info][gc,phases      ] GC(119)   Merge Heap Roots: 0.1ms
[3.517s][info][gc,phases      ] GC(119)   Evacuate Collection Set: 1.6ms
[3.517s][info][gc,phases      ] GC(119)   Post Evacuate Collection Set: 0.8ms
[3.517s][info][gc,phases      ] GC(119)   Other: 0.1ms
[3.517s][info][gc,heap        ] GC(119) Eden regions: 1->0(9)
[3.517s][info][gc,heap        ] GC(119) Survivor regions: 1->1(1)
[3.517s][info][gc,heap        ] GC(119) Old regions: 189->191
[3.517s][info][gc,heap        ] GC(119) Archive regions: 2->2
[3.517s][info][gc,heap        ] GC(119) Humongous regions: 10->10
[3.517s][info][gc,metaspace   ] GC(119) Metaspace: 780K(1024K)->780K(1024K) NonClass: 713K(832K)->713K(832K) Class: 67K(192K)->67K(192K)
[3.517s][info][gc             ] GC(119) Pause Young (Concurrent Start) (G1 Preventive Collection) 200M->201M(204M) 2.737ms
[3.517s][info][gc,cpu         ] GC(119) User=0.00s Sys=0.00s Real=0.00s
[3.517s][info][gc,ergo        ] Attempting full compaction
[3.517s][info][gc             ] GC(120) Concurrent Mark Cycle
[3.517s][info][gc,task        ] GC(121) Using 4 workers of 8 for full compaction
[3.517s][info][gc,marking     ] GC(120) Concurrent Clear Claimed Marks
[3.517s][info][gc,start       ] GC(121) Pause Full (G1 Compaction Pause)
[3.517s][info][gc,marking     ] GC(120) Concurrent Clear Claimed Marks 0.065ms
[3.517s][info][gc,marking     ] GC(120) Concurrent Scan Root Regions
[3.517s][info][gc,marking     ] GC(120) Concurrent Scan Root Regions 0.030ms
[3.517s][info][gc,marking     ] GC(120) Concurrent Mark
[3.517s][info][gc,marking     ] GC(120) Concurrent Mark From Roots
[3.517s][info][gc,task        ] GC(120) Using 2 workers of 2 for marking
[3.517s][info][gc,phases,start] GC(121) Phase 1: Mark live objects
[3.558s][info][gc,phases      ] GC(121) Phase 1: Mark live objects 40.771ms
[3.558s][info][gc,phases,start] GC(121) Phase 2: Prepare for compaction
[3.559s][info][gc,phases      ] GC(121) Phase 2: Prepare for compaction 0.424ms
[3.559s][info][gc,phases,start] GC(121) Phase 3: Adjust pointers
[3.570s][info][gc,phases      ] GC(121) Phase 3: Adjust pointers 11.491ms
[3.570s][info][gc,phases,start] GC(121) Phase 4: Compact heap
[3.571s][info][gc,phases      ] GC(121) Phase 4: Compact heap 0.376ms
[3.571s][info][gc,heap        ] GC(121) Eden regions: 0->0(10)
[3.571s][info][gc,heap        ] GC(121) Survivor regions: 1->0(1)
[3.571s][info][gc,heap        ] GC(121) Old regions: 191->178
[3.571s][info][gc,heap        ] GC(121) Archive regions: 2->2
[3.571s][info][gc,heap        ] GC(121) Humongous regions: 10->5
[3.571s][info][gc,metaspace   ] GC(121) Metaspace: 780K(1024K)->780K(1024K) NonClass: 713K(832K)->713K(832K) Class: 67K(192K)->67K(192K)
[3.571s][info][gc             ] GC(121) Pause Full (G1 Compaction Pause) 201M->182M(204M) 54.037ms
[3.571s][info][gc,cpu         ] GC(121) User=0.20s Sys=0.01s Real=0.06s
[3.571s][info][gc,marking     ] GC(120) Concurrent Mark From Roots 54.047ms
[3.571s][info][gc,marking     ] GC(120) Concurrent Mark Abort
[3.571s][info][gc             ] GC(120) Concurrent Mark Cycle 54.314ms
[3.582s][info][gc,start       ] GC(122) Pause Young (Concurrent Start) (G1 Humongous Allocation)
[3.582s][info][gc,task        ] GC(122) Using 4 workers of 8 for evacuation
[3.585s][info][gc,phases      ] GC(122)   Pre Evacuate Collection Set: 0.0ms
[3.585s][info][gc,phases      ] GC(122)   Merge Heap Roots: 0.1ms
[3.585s][info][gc,phases      ] GC(122)   Evacuate Collection Set: 2.6ms
[3.585s][info][gc,phases      ] GC(122)   Post Evacuate Collection Set: 0.2ms
[3.585s][info][gc,phases      ] GC(122)   Other: 0.1ms
[3.585s][info][gc,heap        ] GC(122) Eden regions: 6->0(8)
[3.585s][info][gc,heap        ] GC(122) Survivor regions: 0->2(2)
[3.585s][info][gc,heap        ] GC(122) Old regions: 178->180
[3.585s][info][gc,heap        ] GC(122) Archive regions: 2->2
[3.586s][info][gc,heap        ] GC(122) Humongous regions: 5->5
[3.586s][info][gc,metaspace   ] GC(122) Metaspace: 780K(1024K)->780K(1024K) NonClass: 713K(832K)->713K(832K) Class: 67K(192K)->67K(192K)
[3.586s][info][gc             ] GC(122) Pause Young (Concurrent Start) (G1 Humongous Allocation) 188M->186M(204M) 3.164ms
[3.586s][info][gc,cpu         ] GC(122) User=0.01s Sys=0.00s Real=0.00s
[3.586s][info][gc             ] GC(123) Concurrent Mark Cycle
[3.586s][info][gc,marking     ] GC(123) Concurrent Clear Claimed Marks
[3.586s][info][gc,marking     ] GC(123) Concurrent Clear Claimed Marks 0.010ms
[3.586s][info][gc,marking     ] GC(123) Concurrent Scan Root Regions
[3.586s][info][gc,marking     ] GC(123) Concurrent Scan Root Regions 0.407ms
[3.586s][info][gc,marking     ] GC(123) Concurrent Mark
[3.586s][info][gc,marking     ] GC(123) Concurrent Mark From Roots
[3.586s][info][gc,task        ] GC(123) Using 2 workers of 2 for marking
[3.607s][info][gc,start       ] GC(124) Pause Young (Normal) (G1 Preventive Collection)
[3.607s][info][gc,task        ] GC(124) Using 4 workers of 8 for evacuation
[3.612s][info][gc,phases      ] GC(124)   Pre Evacuate Collection Set: 0.0ms
[3.612s][info][gc,phases      ] GC(124)   Merge Heap Roots: 0.1ms
[3.612s][info][gc,phases      ] GC(124)   Evacuate Collection Set: 4.9ms
[3.612s][info][gc,phases      ] GC(124)   Post Evacuate Collection Set: 0.2ms
[3.612s][info][gc,phases      ] GC(124)   Other: 0.1ms
[3.612s][info][gc,heap        ] GC(124) Eden regions: 4->0(8)
[3.612s][info][gc,heap        ] GC(124) Survivor regions: 2->2(2)
[3.612s][info][gc,heap        ] GC(124) Old regions: 180->184
[3.612s][info][gc,heap        ] GC(124) Archive regions: 2->2
[3.612s][info][gc,heap        ] GC(124) Humongous regions: 10->10
[3.612s][info][gc,metaspace   ] GC(124) Metaspace: 780K(1024K)->780K(1024K) NonClass: 713K(832K)->713K(832K) Class: 67K(192K)->67K(192K)
[3.612s][info][gc             ] GC(124) Pause Young (Normal) (G1 Preventive Collection) 195M->195M(204M) 5.465ms
[3.612s][info][gc,cpu         ] GC(124) User=0.02s Sys=0.00s Real=0.01s
[3.618s][info][gc,start       ] GC(125) Pause Young (Normal) (G1 Preventive Collection)
[3.618s][info][gc,task        ] GC(125) Using 4 workers of 8 for evacuation
[3.620s][info][gc,phases      ] GC(125)   Pre Evacuate Collection Set: 0.0ms
[3.620s][info][gc,phases      ] GC(125)   Merge Heap Roots: 0.1ms
[3.620s][info][gc,phases      ] GC(125)   Evacuate Collection Set: 2.4ms
[3.620s][info][gc,phases      ] GC(125)   Post Evacuate Collection Set: 0.2ms
[3.620s][info][gc,phases      ] GC(125)   Other: 0.2ms
[3.620s][info][gc,heap        ] GC(125) Eden regions: 1->0(8)
[3.620s][info][gc,heap        ] GC(125) Survivor regions: 2->2(2)
[3.620s][info][gc,heap        ] GC(125) Old regions: 184->186
[3.620s][info][gc,heap        ] GC(125) Archive regions: 2->2
[3.620s][info][gc,heap        ] GC(125) Humongous regions: 10->10
[3.620s][info][gc,metaspace   ] GC(125) Metaspace: 780K(1024K)->780K(1024K) NonClass: 713K(832K)->713K(832K) Class: 67K(192K)->67K(192K)
[3.620s][info][gc             ] GC(125) Pause Young (Normal) (G1 Preventive Collection) 196M->196M(204M) 2.896ms
[3.621s][info][gc,cpu         ] GC(125) User=0.01s Sys=0.00s Real=0.01s
[3.626s][info][gc,start       ] GC(126) Pause Young (Normal) (G1 Preventive Collection)
[3.626s][info][gc,task        ] GC(126) Using 4 workers of 8 for evacuation
[3.629s][info][gc,phases      ] GC(126)   Pre Evacuate Collection Set: 0.0ms
[3.629s][info][gc,phases      ] GC(126)   Merge Heap Roots: 0.0ms
[3.629s][info][gc,phases      ] GC(126)   Evacuate Collection Set: 2.2ms
[3.629s][info][gc,phases      ] GC(126)   Post Evacuate Collection Set: 0.2ms
[3.629s][info][gc,phases      ] GC(126)   Other: 0.1ms
[3.629s][info][gc,heap        ] GC(126) Eden regions: 1->0(8)
[3.629s][info][gc,heap        ] GC(126) Survivor regions: 2->2(2)
[3.629s][info][gc,heap        ] GC(126) Old regions: 186->186
[3.629s][info][gc,heap        ] GC(126) Archive regions: 2->2
[3.629s][info][gc,heap        ] GC(126) Humongous regions: 10->10
[3.629s][info][gc,metaspace   ] GC(126) Metaspace: 780K(1024K)->780K(1024K) NonClass: 713K(832K)->713K(832K) Class: 67K(192K)->67K(192K)
[3.629s][info][gc             ] GC(126) Pause Young (Normal) (G1 Preventive Collection) 197M->197M(204M) 2.693ms
[3.629s][info][gc,cpu         ] GC(126) User=0.01s Sys=0.00s Real=0.00s
[3.634s][info][gc,start       ] GC(127) Pause Young (Normal) (G1 Preventive Collection)
[3.634s][info][gc,task        ] GC(127) Using 4 workers of 8 for evacuation
[3.637s][info][gc,phases      ] GC(127)   Pre Evacuate Collection Set: 0.0ms
[3.637s][info][gc,phases      ] GC(127)   Merge Heap Roots: 0.1ms
[3.637s][info][gc,phases      ] GC(127)   Evacuate Collection Set: 2.5ms
[3.637s][info][gc,phases      ] GC(127)   Post Evacuate Collection Set: 0.2ms
[3.637s][info][gc,phases      ] GC(127)   Other: 0.1ms
[3.637s][info][gc,heap        ] GC(127) Eden regions: 1->0(8)
[3.637s][info][gc,heap        ] GC(127) Survivor regions: 2->2(2)
[3.637s][info][gc,heap        ] GC(127) Old regions: 186->187
[3.637s][info][gc,heap        ] GC(127) Archive regions: 2->2
[3.637s][info][gc,heap        ] GC(127) Humongous regions: 10->10
[3.637s][info][gc,metaspace   ] GC(127) Metaspace: 780K(1024K)->780K(1024K) NonClass: 713K(832K)->713K(832K) Class: 67K(192K)->67K(192K)
[3.637s][info][gc             ] GC(127) Pause Young (Normal) (G1 Preventive Collection) 198M->198M(204M) 2.974ms
[3.637s][info][gc,cpu         ] GC(127) User=0.01s Sys=0.00s Real=0.00s
[3.642s][info][gc,start       ] GC(128) Pause Young (Normal) (G1 Preventive Collection)
[3.643s][info][gc,task        ] GC(128) Using 4 workers of 8 for evacuation
[3.647s][info][gc             ] GC(128) To-space exhausted
[3.647s][info][gc,phases      ] GC(128)   Pre Evacuate Collection Set: 0.0ms
[3.647s][info][gc,phases      ] GC(128)   Merge Heap Roots: 0.0ms
[3.647s][info][gc,phases      ] GC(128)   Evacuate Collection Set: 2.9ms
[3.647s][info][gc,phases      ] GC(128)   Post Evacuate Collection Set: 1.2ms
[3.647s][info][gc,phases      ] GC(128)   Other: 0.2ms
[3.647s][info][gc,heap        ] GC(128) Eden regions: 1->0(9)
[3.647s][info][gc,heap        ] GC(128) Survivor regions: 2->1(2)
[3.647s][info][gc,heap        ] GC(128) Old regions: 187->191
[3.647s][info][gc,heap        ] GC(128) Archive regions: 2->2
[3.647s][info][gc,heap        ] GC(128) Humongous regions: 10->10
[3.647s][info][gc,metaspace   ] GC(128) Metaspace: 780K(1024K)->780K(1024K) NonClass: 713K(832K)->713K(832K) Class: 67K(192K)->67K(192K)
[3.647s][info][gc             ] GC(128) Pause Young (Normal) (G1 Preventive Collection) 199M->201M(204M) 4.521ms
[3.647s][info][gc,cpu         ] GC(128) User=0.02s Sys=0.00s Real=0.00s
[3.647s][info][gc,ergo        ] Attempting full compaction
[3.647s][info][gc,task        ] GC(129) Using 4 workers of 8 for full compaction
[3.647s][info][gc,start       ] GC(129) Pause Full (G1 Compaction Pause)
[3.647s][info][gc,phases,start] GC(129) Phase 1: Mark live objects
[3.702s][info][gc,phases      ] GC(129) Phase 1: Mark live objects 55.053ms
[3.702s][info][gc,phases,start] GC(129) Phase 2: Prepare for compaction
[3.703s][info][gc,phases      ] GC(129) Phase 2: Prepare for compaction 1.122ms
[3.703s][info][gc,phases,start] GC(129) Phase 3: Adjust pointers
[3.717s][info][gc,phases      ] GC(129) Phase 3: Adjust pointers 13.629ms
[3.717s][info][gc,phases,start] GC(129) Phase 4: Compact heap
[3.718s][info][gc,phases      ] GC(129) Phase 4: Compact heap 0.512ms
[3.718s][info][gc,heap        ] GC(129) Eden regions: 0->0(10)
[3.718s][info][gc,heap        ] GC(129) Survivor regions: 1->0(2)
[3.718s][info][gc,heap        ] GC(129) Old regions: 191->190
[3.718s][info][gc,heap        ] GC(129) Archive regions: 2->2
[3.718s][info][gc,heap        ] GC(129) Humongous regions: 10->10
[3.718s][info][gc,metaspace   ] GC(129) Metaspace: 780K(1024K)->780K(1024K) NonClass: 713K(832K)->713K(832K) Class: 67K(192K)->67K(192K)
[3.718s][info][gc             ] GC(129) Pause Full (G1 Compaction Pause) 201M->199M(204M) 71.145ms
[3.718s][info][gc,cpu         ] GC(129) User=0.27s Sys=0.00s Real=0.07s
[3.718s][info][gc,marking     ] GC(123) Concurrent Mark From Roots 132.310ms
[3.718s][info][gc,marking     ] GC(123) Concurrent Mark Abort
[3.718s][info][gc             ] GC(123) Concurrent Mark Cycle 132.833ms
[3.722s][info][gc,start       ] GC(130) Pause Young (Normal) (G1 Preventive Collection)
[3.722s][info][gc,task        ] GC(130) Using 4 workers of 8 for evacuation
[3.724s][info][gc             ] GC(130) To-space exhausted
[3.724s][info][gc,phases      ] GC(130)   Pre Evacuate Collection Set: 0.0ms
[3.724s][info][gc,phases      ] GC(130)   Merge Heap Roots: 0.0ms
[3.724s][info][gc,phases      ] GC(130)   Evacuate Collection Set: 1.3ms
[3.724s][info][gc,phases      ] GC(130)   Post Evacuate Collection Set: 0.6ms
[3.724s][info][gc,phases      ] GC(130)   Other: 0.1ms
[3.724s][info][gc,heap        ] GC(130) Eden regions: 1->0(9)
[3.724s][info][gc,heap        ] GC(130) Survivor regions: 0->1(1)
[3.724s][info][gc,heap        ] GC(130) Old regions: 190->191
[3.724s][info][gc,heap        ] GC(130) Archive regions: 2->2
[3.724s][info][gc,heap        ] GC(130) Humongous regions: 10->10
[3.724s][info][gc,metaspace   ] GC(130) Metaspace: 780K(1024K)->780K(1024K) NonClass: 713K(832K)->713K(832K) Class: 67K(192K)->67K(192K)
[3.724s][info][gc             ] GC(130) Pause Young (Normal) (G1 Preventive Collection) 200M->201M(204M) 2.234ms
[3.724s][info][gc,cpu         ] GC(130) User=0.00s Sys=0.00s Real=0.00s
[3.724s][info][gc,ergo        ] Attempting full compaction
[3.724s][info][gc,task        ] GC(131) Using 4 workers of 8 for full compaction
[3.724s][info][gc,start       ] GC(131) Pause Full (G1 Compaction Pause)
[3.724s][info][gc,phases,start] GC(131) Phase 1: Mark live objects
[3.781s][info][gc,phases      ] GC(131) Phase 1: Mark live objects 56.266ms
[3.781s][info][gc,phases,start] GC(131) Phase 2: Prepare for compaction
[3.781s][info][gc,phases      ] GC(131) Phase 2: Prepare for compaction 0.420ms
[3.781s][info][gc,phases,start] GC(131) Phase 3: Adjust pointers
[3.795s][info][gc,phases      ] GC(131) Phase 3: Adjust pointers 13.876ms
[3.795s][info][gc,phases,start] GC(131) Phase 4: Compact heap
[3.796s][info][gc,phases      ] GC(131) Phase 4: Compact heap 0.298ms
[3.796s][info][gc,heap        ] GC(131) Eden regions: 0->0(10)
[3.796s][info][gc,heap        ] GC(131) Survivor regions: 1->0(1)
[3.796s][info][gc,heap        ] GC(131) Old regions: 191->190
[3.796s][info][gc,heap        ] GC(131) Archive regions: 2->2
[3.796s][info][gc,heap        ] GC(131) Humongous regions: 10->10
[3.796s][info][gc,metaspace   ] GC(131) Metaspace: 780K(1024K)->780K(1024K) NonClass: 713K(832K)->713K(832K) Class: 67K(192K)->67K(192K)
[3.796s][info][gc             ] GC(131) Pause Full (G1 Compaction Pause) 201M->200M(204M) 71.541ms
[3.796s][info][gc,cpu         ] GC(131) User=0.28s Sys=0.01s Real=0.07s
[3.800s][info][gc,start       ] GC(132) Pause Young (Concurrent Start) (G1 Preventive Collection)
[3.800s][info][gc,task        ] GC(132) Using 4 workers of 8 for evacuation
[3.802s][info][gc             ] GC(132) To-space exhausted
[3.802s][info][gc,phases      ] GC(132)   Pre Evacuate Collection Set: 0.0ms
[3.802s][info][gc,phases      ] GC(132)   Merge Heap Roots: 0.0ms
[3.802s][info][gc,phases      ] GC(132)   Evacuate Collection Set: 1.3ms
[3.802s][info][gc,phases      ] GC(132)   Post Evacuate Collection Set: 0.7ms
[3.802s][info][gc,phases      ] GC(132)   Other: 0.1ms
[3.802s][info][gc,heap        ] GC(132) Eden regions: 1->0(9)
[3.802s][info][gc,heap        ] GC(132) Survivor regions: 0->1(1)
[3.802s][info][gc,heap        ] GC(132) Old regions: 190->191
[3.802s][info][gc,heap        ] GC(132) Archive regions: 2->2
[3.802s][info][gc,heap        ] GC(132) Humongous regions: 10->10
[3.802s][info][gc,metaspace   ] GC(132) Metaspace: 780K(1024K)->780K(1024K) NonClass: 713K(832K)->713K(832K) Class: 67K(192K)->67K(192K)
[3.802s][info][gc             ] GC(132) Pause Young (Concurrent Start) (G1 Preventive Collection) 201M->202M(204M) 2.298ms
[3.802s][info][gc,cpu         ] GC(132) User=0.00s Sys=0.00s Real=0.01s
[3.802s][info][gc,ergo        ] Attempting full compaction
[3.802s][info][gc,task        ] GC(133) Using 4 workers of 8 for full compaction
[3.802s][info][gc             ] GC(134) Concurrent Mark Cycle
[3.802s][info][gc,start       ] GC(133) Pause Full (G1 Compaction Pause)
[3.802s][info][gc,marking     ] GC(134) Concurrent Clear Claimed Marks
[3.802s][info][gc,marking     ] GC(134) Concurrent Clear Claimed Marks 0.064ms
[3.802s][info][gc,marking     ] GC(134) Concurrent Scan Root Regions
[3.802s][info][gc,marking     ] GC(134) Concurrent Scan Root Regions 0.026ms
[3.802s][info][gc,marking     ] GC(134) Concurrent Mark
[3.802s][info][gc,marking     ] GC(134) Concurrent Mark From Roots
[3.802s][info][gc,task        ] GC(134) Using 2 workers of 2 for marking
[3.803s][info][gc,phases,start] GC(133) Phase 1: Mark live objects
[3.861s][info][gc,phases      ] GC(133) Phase 1: Mark live objects 58.504ms
[3.861s][info][gc,phases,start] GC(133) Phase 2: Prepare for compaction
[3.862s][info][gc,phases      ] GC(133) Phase 2: Prepare for compaction 1.070ms
[3.862s][info][gc,phases,start] GC(133) Phase 3: Adjust pointers
[3.876s][info][gc,phases      ] GC(133) Phase 3: Adjust pointers 13.269ms
[3.876s][info][gc,phases,start] GC(133) Phase 4: Compact heap
[3.876s][info][gc,phases      ] GC(133) Phase 4: Compact heap 0.781ms
[3.877s][info][gc,heap        ] GC(133) Eden regions: 0->0(10)
[3.877s][info][gc,heap        ] GC(133) Survivor regions: 1->0(1)
[3.877s][info][gc,heap        ] GC(133) Old regions: 191->191
[3.877s][info][gc,heap        ] GC(133) Archive regions: 2->2
[3.877s][info][gc,heap        ] GC(133) Humongous regions: 10->10
[3.877s][info][gc,metaspace   ] GC(133) Metaspace: 780K(1024K)->780K(1024K) NonClass: 713K(832K)->713K(832K) Class: 67K(192K)->67K(192K)
[3.877s][info][gc             ] GC(133) Pause Full (G1 Compaction Pause) 202M->201M(204M) 74.541ms
[3.877s][info][gc,cpu         ] GC(133) User=0.29s Sys=0.00s Real=0.07s
[3.877s][info][gc,marking     ] GC(134) Concurrent Mark From Roots 74.546ms
[3.877s][info][gc,marking     ] GC(134) Concurrent Mark Abort
[3.877s][info][gc             ] GC(134) Concurrent Mark Cycle 74.731ms
[3.881s][info][gc,start       ] GC(135) Pause Young (Normal) (G1 Evacuation Pause)
[3.881s][info][gc,task        ] GC(135) Using 4 workers of 8 for evacuation
[3.884s][info][gc             ] GC(135) To-space exhausted
[3.884s][info][gc,phases      ] GC(135)   Pre Evacuate Collection Set: 0.0ms
[3.884s][info][gc,phases      ] GC(135)   Merge Heap Roots: 0.0ms
[3.884s][info][gc,phases      ] GC(135)   Evacuate Collection Set: 1.8ms
[3.884s][info][gc,phases      ] GC(135)   Post Evacuate Collection Set: 1.5ms
[3.884s][info][gc,phases      ] GC(135)   Other: 0.1ms
[3.884s][info][gc,heap        ] GC(135) Eden regions: 1->0(10)
[3.884s][info][gc,heap        ] GC(135) Survivor regions: 0->0(0)
[3.884s][info][gc,heap        ] GC(135) Old regions: 191->192
[3.885s][info][gc,heap        ] GC(135) Archive regions: 2->2
[3.885s][info][gc,heap        ] GC(135) Humongous regions: 10->10
[3.885s][info][gc,metaspace   ] GC(135) Metaspace: 780K(1024K)->780K(1024K) NonClass: 713K(832K)->713K(832K) Class: 67K(192K)->67K(192K)
[3.885s][info][gc             ] GC(135) Pause Young (Normal) (G1 Evacuation Pause) 202M->202M(204M) 3.608ms
[3.885s][info][gc,cpu         ] GC(135) User=0.01s Sys=0.00s Real=0.00s
[3.885s][info][gc,ergo        ] Attempting full compaction
[3.885s][info][gc,task        ] GC(136) Using 4 workers of 8 for full compaction
[3.885s][info][gc,start       ] GC(136) Pause Full (G1 Compaction Pause)
[3.885s][info][gc,phases,start] GC(136) Phase 1: Mark live objects
[3.944s][info][gc,phases      ] GC(136) Phase 1: Mark live objects 59.309ms
[3.944s][info][gc,phases,start] GC(136) Phase 2: Prepare for compaction
[3.944s][info][gc,phases      ] GC(136) Phase 2: Prepare for compaction 0.261ms
[3.944s][info][gc,phases,start] GC(136) Phase 3: Adjust pointers
[3.958s][info][gc,phases      ] GC(136) Phase 3: Adjust pointers 14.106ms
[3.958s][info][gc,phases,start] GC(136) Phase 4: Compact heap
[3.959s][info][gc,phases      ] GC(136) Phase 4: Compact heap 0.190ms
[3.959s][info][gc,heap        ] GC(136) Eden regions: 0->0(10)
[3.959s][info][gc,heap        ] GC(136) Survivor regions: 0->0(0)
[3.959s][info][gc,heap        ] GC(136) Old regions: 192->192
[3.959s][info][gc,heap        ] GC(136) Archive regions: 2->2
[3.959s][info][gc,heap        ] GC(136) Humongous regions: 10->10
[3.959s][info][gc,metaspace   ] GC(136) Metaspace: 780K(1024K)->780K(1024K) NonClass: 713K(832K)->713K(832K) Class: 67K(192K)->67K(192K)
[3.959s][info][gc             ] GC(136) Pause Full (G1 Compaction Pause) 202M->202M(204M) 74.548ms
[3.959s][info][gc,cpu         ] GC(136) User=0.29s Sys=0.00s Real=0.07s
[3.959s][info][gc,ergo        ] Attempting maximum full compaction clearing soft references
[3.959s][info][gc,task        ] GC(137) Using 4 workers of 8 for full compaction
[3.959s][info][gc,start       ] GC(137) Pause Full (G1 Compaction Pause)
[3.959s][info][gc,phases,start] GC(137) Phase 1: Mark live objects
[4.013s][info][gc,phases      ] GC(137) Phase 1: Mark live objects 53.238ms
[4.013s][info][gc,phases,start] GC(137) Phase 2: Prepare for compaction
[4.039s][info][gc,phases      ] GC(137) Phase 2: Prepare for compaction 26.835ms
[4.040s][info][gc,phases,start] GC(137) Phase 3: Adjust pointers
[4.065s][info][gc,phases      ] GC(137) Phase 3: Adjust pointers 25.010ms
[4.065s][info][gc,phases,start] GC(137) Phase 4: Compact heap
[4.084s][info][gc,phases      ] GC(137) Phase 4: Compact heap 19.551ms
[4.085s][info][gc,heap        ] GC(137) Eden regions: 0->0(10)
[4.085s][info][gc,heap        ] GC(137) Survivor regions: 0->0(0)
[4.085s][info][gc,heap        ] GC(137) Old regions: 192->191
[4.085s][info][gc,heap        ] GC(137) Archive regions: 2->2
[4.085s][info][gc,heap        ] GC(137) Humongous regions: 10->10
[4.085s][info][gc,metaspace   ] GC(137) Metaspace: 780K(1024K)->780K(1024K) NonClass: 713K(832K)->713K(832K) Class: 67K(192K)->67K(192K)
[4.085s][info][gc             ] GC(137) Pause Full (G1 Compaction Pause) 202M->201M(204M) 125.490ms
[4.085s][info][gc,cpu         ] GC(137) User=0.45s Sys=0.00s Real=0.13s
[4.089s][info][gc,start       ] GC(138) Pause Young (Concurrent Start) (G1 Evacuation Pause)
[4.089s][info][gc,task        ] GC(138) Using 4 workers of 8 for evacuation
[4.093s][info][gc             ] GC(138) To-space exhausted
[4.093s][info][gc,phases      ] GC(138)   Pre Evacuate Collection Set: 0.0ms
[4.093s][info][gc,phases      ] GC(138)   Merge Heap Roots: 0.0ms
[4.093s][info][gc,phases      ] GC(138)   Evacuate Collection Set: 1.8ms
[4.093s][info][gc,phases      ] GC(138)   Post Evacuate Collection Set: 2.0ms
[4.093s][info][gc,phases      ] GC(138)   Other: 0.1ms
[4.093s][info][gc,heap        ] GC(138) Eden regions: 1->0(10)
[4.093s][info][gc,heap        ] GC(138) Survivor regions: 0->0(0)
[4.093s][info][gc,heap        ] GC(138) Old regions: 191->192
[4.093s][info][gc,heap        ] GC(138) Archive regions: 2->2
[4.093s][info][gc,heap        ] GC(138) Humongous regions: 10->10
[4.093s][info][gc,metaspace   ] GC(138) Metaspace: 780K(1024K)->780K(1024K) NonClass: 713K(832K)->713K(832K) Class: 67K(192K)->67K(192K)
[4.093s][info][gc             ] GC(138) Pause Young (Concurrent Start) (G1 Evacuation Pause) 202M->202M(204M) 4.071ms
[4.093s][info][gc,cpu         ] GC(138) User=0.01s Sys=0.00s Real=0.01s
[4.093s][info][gc,ergo        ] Attempting full compaction
[4.093s][info][gc,task        ] GC(139) Using 4 workers of 8 for full compaction
[4.093s][info][gc             ] GC(140) Concurrent Mark Cycle
[4.093s][info][gc,start       ] GC(139) Pause Full (G1 Compaction Pause)
[4.093s][info][gc,marking     ] GC(140) Concurrent Clear Claimed Marks
[4.093s][info][gc,marking     ] GC(140) Concurrent Clear Claimed Marks 0.069ms
[4.093s][info][gc,marking     ] GC(140) Concurrent Scan Root Regions
[4.093s][info][gc,marking     ] GC(140) Concurrent Scan Root Regions 0.010ms
[4.093s][info][gc,marking     ] GC(140) Concurrent Mark
[4.093s][info][gc,marking     ] GC(140) Concurrent Mark From Roots
[4.093s][info][gc,task        ] GC(140) Using 2 workers of 2 for marking
[4.093s][info][gc,phases,start] GC(139) Phase 1: Mark live objects
[4.156s][info][gc,phases      ] GC(139) Phase 1: Mark live objects 62.440ms
[4.156s][info][gc,phases,start] GC(139) Phase 2: Prepare for compaction
[4.156s][info][gc,phases      ] GC(139) Phase 2: Prepare for compaction 0.328ms
[4.156s][info][gc,phases,start] GC(139) Phase 3: Adjust pointers
[4.170s][info][gc,phases      ] GC(139) Phase 3: Adjust pointers 13.740ms
[4.170s][info][gc,phases,start] GC(139) Phase 4: Compact heap
[4.170s][info][gc,phases      ] GC(139) Phase 4: Compact heap 0.230ms
[4.171s][info][gc,heap        ] GC(139) Eden regions: 0->0(10)
[4.171s][info][gc,heap        ] GC(139) Survivor regions: 0->0(0)
[4.171s][info][gc,heap        ] GC(139) Old regions: 192->192
[4.171s][info][gc,heap        ] GC(139) Archive regions: 2->2
[4.171s][info][gc,heap        ] GC(139) Humongous regions: 10->10
[4.171s][info][gc,metaspace   ] GC(139) Metaspace: 780K(1024K)->780K(1024K) NonClass: 713K(832K)->713K(832K) Class: 67K(192K)->67K(192K)
[4.171s][info][gc             ] GC(139) Pause Full (G1 Compaction Pause) 202M->202M(204M) 77.577ms
[4.171s][info][gc,cpu         ] GC(139) User=0.30s Sys=0.00s Real=0.08s
[4.171s][info][gc,ergo        ] Attempting maximum full compaction clearing soft references
[4.171s][info][gc,task        ] GC(141) Using 4 workers of 8 for full compaction
[4.171s][info][gc,start       ] GC(141) Pause Full (G1 Compaction Pause)
[4.171s][info][gc,phases,start] GC(141) Phase 1: Mark live objects
[4.233s][info][gc,phases      ] GC(141) Phase 1: Mark live objects 61.772ms
[4.233s][info][gc,phases,start] GC(141) Phase 2: Prepare for compaction
[4.260s][info][gc,phases      ] GC(141) Phase 2: Prepare for compaction 27.740ms
[4.260s][info][gc,phases,start] GC(141) Phase 3: Adjust pointers
[4.287s][info][gc,phases      ] GC(141) Phase 3: Adjust pointers 26.834ms
[4.287s][info][gc,phases,start] GC(141) Phase 4: Compact heap
[4.305s][info][gc,phases      ] GC(141) Phase 4: Compact heap 17.785ms
[4.306s][info][gc,heap        ] GC(141) Eden regions: 0->0(10)
[4.306s][info][gc,heap        ] GC(141) Survivor regions: 0->0(0)
[4.306s][info][gc,heap        ] GC(141) Old regions: 192->192
[4.306s][info][gc,heap        ] GC(141) Archive regions: 2->2
[4.306s][info][gc,heap        ] GC(141) Humongous regions: 10->10
[4.306s][info][gc,metaspace   ] GC(141) Metaspace: 780K(1024K)->780K(1024K) NonClass: 713K(832K)->713K(832K) Class: 67K(192K)->67K(192K)
[4.306s][info][gc             ] GC(141) Pause Full (G1 Compaction Pause) 202M->202M(204M) 134.946ms
[4.306s][info][gc,cpu         ] GC(141) User=0.49s Sys=0.01s Real=0.13s
[4.306s][info][gc,marking     ] GC(140) Concurrent Mark From Roots 212.710ms
[4.306s][info][gc,start       ] GC(142) Pause Young (Normal) (G1 Evacuation Pause)
[4.306s][info][gc,task        ] GC(142) Using 4 workers of 8 for evacuation
[4.306s][info][gc,phases      ] GC(142)   Pre Evacuate Collection Set: 0.0ms
[4.306s][info][gc,phases      ] GC(142)   Merge Heap Roots: 0.0ms
[4.306s][info][gc,phases      ] GC(142)   Evacuate Collection Set: 0.1ms
[4.306s][info][gc,phases      ] GC(142)   Post Evacuate Collection Set: 0.1ms
[4.306s][info][gc,phases      ] GC(142)   Other: 0.1ms
[4.306s][info][gc,heap        ] GC(142) Eden regions: 0->0(10)
[4.306s][info][gc,heap        ] GC(142) Survivor regions: 0->0(0)
[4.306s][info][gc,heap        ] GC(142) Old regions: 192->192
[4.306s][info][gc,heap        ] GC(142) Archive regions: 2->2
[4.306s][info][gc,heap        ] GC(142) Humongous regions: 10->10
[4.306s][info][gc,metaspace   ] GC(142) Metaspace: 780K(1024K)->780K(1024K) NonClass: 713K(832K)->713K(832K) Class: 67K(192K)->67K(192K)
[4.306s][info][gc             ] GC(142) Pause Young (Normal) (G1 Evacuation Pause) 202M->202M(204M) 0.536ms
[4.307s][info][gc,cpu         ] GC(142) User=0.00s Sys=0.00s Real=0.00s
[4.307s][info][gc,ergo        ] Attempting full compaction
[4.307s][info][gc,task        ] GC(143) Using 4 workers of 8 for full compaction
[4.307s][info][gc,start       ] GC(143) Pause Full (G1 Compaction Pause)
[4.307s][info][gc,phases,start] GC(143) Phase 1: Mark live objects
[4.368s][info][gc,phases      ] GC(143) Phase 1: Mark live objects 61.719ms
[4.368s][info][gc,phases,start] GC(143) Phase 2: Prepare for compaction
[4.369s][info][gc,phases      ] GC(143) Phase 2: Prepare for compaction 0.401ms
[4.369s][info][gc,phases,start] GC(143) Phase 3: Adjust pointers
[4.383s][info][gc,phases      ] GC(143) Phase 3: Adjust pointers 13.771ms
[4.383s][info][gc,phases,start] GC(143) Phase 4: Compact heap
[4.383s][info][gc,phases      ] GC(143) Phase 4: Compact heap 0.291ms
[4.383s][info][gc,heap        ] GC(143) Eden regions: 0->0(10)
[4.383s][info][gc,heap        ] GC(143) Survivor regions: 0->0(0)
[4.383s][info][gc,heap        ] GC(143) Old regions: 192->192
[4.383s][info][gc,heap        ] GC(143) Archive regions: 2->2
[4.383s][info][gc,heap        ] GC(143) Humongous regions: 10->10
[4.383s][info][gc,metaspace   ] GC(143) Metaspace: 780K(1024K)->780K(1024K) NonClass: 713K(832K)->713K(832K) Class: 67K(192K)->67K(192K)
[4.383s][info][gc             ] GC(143) Pause Full (G1 Compaction Pause) 202M->202M(204M) 76.838ms
[4.383s][info][gc,cpu         ] GC(143) User=0.30s Sys=0.00s Real=0.08s
[4.384s][info][gc,ergo        ] Attempting maximum full compaction clearing soft references
[4.384s][info][gc,task        ] GC(144) Using 4 workers of 8 for full compaction
[4.384s][info][gc,start       ] GC(144) Pause Full (G1 Compaction Pause)
[4.384s][info][gc,phases,start] GC(144) Phase 1: Mark live objects
[4.441s][info][gc,phases      ] GC(144) Phase 1: Mark live objects 57.019ms
[4.441s][info][gc,phases,start] GC(144) Phase 2: Prepare for compaction
[4.456s][info][gc,phases      ] GC(144) Phase 2: Prepare for compaction 15.183ms
[4.456s][info][gc,phases,start] GC(144) Phase 3: Adjust pointers
[4.482s][info][gc,phases      ] GC(144) Phase 3: Adjust pointers 26.586ms
[4.483s][info][gc,phases,start] GC(144) Phase 4: Compact heap
[4.497s][info][gc,phases      ] GC(144) Phase 4: Compact heap 14.460ms
[4.498s][info][gc,heap        ] GC(144) Eden regions: 0->0(10)
[4.498s][info][gc,heap        ] GC(144) Survivor regions: 0->0(0)
[4.498s][info][gc,heap        ] GC(144) Old regions: 192->192
[4.498s][info][gc,heap        ] GC(144) Archive regions: 2->2
[4.498s][info][gc,heap        ] GC(144) Humongous regions: 10->10
[4.498s][info][gc,metaspace   ] GC(144) Metaspace: 780K(1024K)->780K(1024K) NonClass: 713K(832K)->713K(832K) Class: 67K(192K)->67K(192K)
[4.498s][info][gc             ] GC(144) Pause Full (G1 Compaction Pause) 202M->202M(204M) 114.037ms
[4.498s][info][gc,cpu         ] GC(144) User=0.42s Sys=0.00s Real=0.11s
[4.498s][info][gc,marking     ] GC(140) Concurrent Mark Abort
[4.498s][info][gc             ] GC(140) Concurrent Mark Cycle 404.705ms
[4.498s][info][gc,start       ] GC(145) Pause Young (Normal) (G1 Evacuation Pause)
[4.498s][info][gc,task        ] GC(145) Using 4 workers of 8 for evacuation
[4.498s][info][gc,phases      ] GC(145)   Pre Evacuate Collection Set: 0.0ms
[4.498s][info][gc,phases      ] GC(145)   Merge Heap Roots: 0.0ms
[4.498s][info][gc,phases      ] GC(145)   Evacuate Collection Set: 0.1ms
[4.498s][info][gc,phases      ] GC(145)   Post Evacuate Collection Set: 0.1ms
[4.499s][info][gc,phases      ] GC(145)   Other: 0.1ms
[4.499s][info][gc,heap        ] GC(145) Eden regions: 0->0(10)
[4.499s][info][gc,heap        ] GC(145) Survivor regions: 0->0(0)
[4.499s][info][gc,heap        ] GC(145) Old regions: 192->192
[4.499s][info][gc,heap        ] GC(145) Archive regions: 2->2
[4.499s][info][gc,heap        ] GC(145) Humongous regions: 10->10
[4.499s][info][gc,metaspace   ] GC(145) Metaspace: 780K(1024K)->780K(1024K) NonClass: 713K(832K)->713K(832K) Class: 67K(192K)->67K(192K)
[4.499s][info][gc             ] GC(145) Pause Young (Normal) (G1 Evacuation Pause) 202M->202M(204M) 0.539ms
[4.499s][info][gc,cpu         ] GC(145) User=0.01s Sys=0.00s Real=0.00s
[4.499s][info][gc,ergo        ] Attempting full compaction
[4.499s][info][gc,task        ] GC(146) Using 4 workers of 8 for full compaction
[4.499s][info][gc,start       ] GC(146) Pause Full (G1 Compaction Pause)
[4.499s][info][gc,phases,start] GC(146) Phase 1: Mark live objects
[4.538s][info][gc,phases      ] GC(146) Phase 1: Mark live objects 39.125ms
[4.538s][info][gc,phases,start] GC(146) Phase 2: Prepare for compaction
[4.539s][info][gc,phases      ] GC(146) Phase 2: Prepare for compaction 0.684ms
[4.539s][info][gc,phases,start] GC(146) Phase 3: Adjust pointers
[4.549s][info][gc,phases      ] GC(146) Phase 3: Adjust pointers 10.819ms
[4.549s][info][gc,phases,start] GC(146) Phase 4: Compact heap
[4.550s][info][gc,phases      ] GC(146) Phase 4: Compact heap 0.839ms
[4.551s][info][gc,heap        ] GC(146) Eden regions: 0->0(10)
[4.551s][info][gc,heap        ] GC(146) Survivor regions: 0->0(0)
[4.551s][info][gc,heap        ] GC(146) Old regions: 192->181
[4.551s][info][gc,heap        ] GC(146) Archive regions: 2->2
[4.551s][info][gc,heap        ] GC(146) Humongous regions: 10->5
[4.551s][info][gc,metaspace   ] GC(146) Metaspace: 780K(1024K)->780K(1024K) NonClass: 713K(832K)->713K(832K) Class: 67K(192K)->67K(192K)
[4.551s][info][gc             ] GC(146) Pause Full (G1 Compaction Pause) 202M->185M(204M) 52.255ms
[4.551s][info][gc,cpu         ] GC(146) User=0.20s Sys=0.00s Real=0.06s
[4.552s][info][gc,heap,exit   ] Heap
[4.552s][info][gc,heap,exit   ]  garbage-first heap   total 208896K, used 190613K [0x00000007f3400000, 0x0000000800000000)
[4.552s][info][gc,heap,exit   ]   region size 1024K, 1 young (1024K), 0 survivors (0K)
[4.552s][info][gc,heap,exit   ]  Metaspace       used 787K, committed 1024K, reserved 1056768K
[4.553s][info][gc,heap,exit   ]   class space    used 69K, committed 192K, reserved 1048576K
