[0.078s][info][gc] Using G1
[0.080s][info][gc,init] Version: 17+35-2724 (release)
[0.080s][info][gc,init] CPUs: 8 total, 8 available
[0.080s][info][gc,init] Memory: 8192M
[0.080s][info][gc,init] Large Page Support: Disabled
[0.080s][info][gc,init] NUMA Support: Disabled
[0.080s][info][gc,init] Compressed Oops: Enabled (Zero based)
[0.080s][info][gc,init] Heap Region Size: 1M
[0.080s][info][gc,init] Heap Min Capacity: 52M
[0.080s][info][gc,init] Heap Initial Capacity: 52M
[0.080s][info][gc,init] Heap Max Capacity: 204M
[0.080s][info][gc,init] Pre-touch: Disabled
[0.080s][info][gc,init] Parallel Workers: 8
[0.080s][info][gc,init] Concurrent Workers: 2
[0.080s][info][gc,init] Concurrent Refinement Workers: 8
[0.080s][info][gc,init] Periodic GC: Disabled
[0.080s][info][gc,metaspace] CDS archive(s) mapped at: [0x0000000800000000-0x0000000800bd0000-0x0000000800bd0000), size 12386304, SharedBaseAddress: 0x0000000800000000, ArchiveRelocationMode: 0.
[0.080s][info][gc,metaspace] Compressed class space mapped at: 0x0000000800c00000-0x0000000840c00000, reserved size: 1073741824
[0.080s][info][gc,metaspace] Narrow klass base: 0x0000000800000000, Narrow klass shift: 0, Narrow klass range: 0x100000000
[0.647s][info][gc,start    ] GC(0) Pause Young (Normal) (G1 Evacuation Pause)
[0.647s][info][gc,task     ] GC(0) Using 2 workers of 8 for evacuation
[0.664s][info][gc,phases   ] GC(0)   Pre Evacuate Collection Set: 0.0ms
[0.664s][info][gc,phases   ] GC(0)   Merge Heap Roots: 0.0ms
[0.664s][info][gc,phases   ] GC(0)   Evacuate Collection Set: 16.1ms
[0.664s][info][gc,phases   ] GC(0)   Post Evacuate Collection Set: 0.3ms
[0.664s][info][gc,phases   ] GC(0)   Other: 0.3ms
[0.664s][info][gc,heap     ] GC(0) Eden regions: 23->0(10)
[0.664s][info][gc,heap     ] GC(0) Survivor regions: 0->3(3)
[0.664s][info][gc,heap     ] GC(0) Old regions: 0->10
[0.664s][info][gc,heap     ] GC(0) Archive regions: 2->2
[0.664s][info][gc,heap     ] GC(0) Humongous regions: 0->0
[0.664s][info][gc,metaspace] GC(0) Metaspace: 783K(1024K)->783K(1024K) NonClass: 716K(832K)->716K(832K) Class: 67K(192K)->67K(192K)
[0.664s][info][gc          ] GC(0) Pause Young (Normal) (G1 Evacuation Pause) 23M->13M(54M) 17.039ms
[0.664s][info][gc,cpu      ] GC(0) User=0.02s Sys=0.01s Real=0.01s
[0.705s][info][gc,start    ] GC(1) Pause Young (Normal) (G1 Evacuation Pause)
[0.705s][info][gc,task     ] GC(1) Using 2 workers of 8 for evacuation
[0.718s][info][gc,phases   ] GC(1)   Pre Evacuate Collection Set: 0.0ms
[0.718s][info][gc,phases   ] GC(1)   Merge Heap Roots: 0.1ms
[0.718s][info][gc,phases   ] GC(1)   Evacuate Collection Set: 12.1ms
[0.718s][info][gc,phases   ] GC(1)   Post Evacuate Collection Set: 0.2ms
[0.718s][info][gc,phases   ] GC(1)   Other: 0.3ms
[0.718s][info][gc,heap     ] GC(1) Eden regions: 10->0(8)
[0.718s][info][gc,heap     ] GC(1) Survivor regions: 3->2(2)
[0.718s][info][gc,heap     ] GC(1) Old regions: 10->16
[0.718s][info][gc,heap     ] GC(1) Archive regions: 2->2
[0.718s][info][gc,heap     ] GC(1) Humongous regions: 0->0
[0.718s][info][gc,metaspace] GC(1) Metaspace: 784K(1024K)->784K(1024K) NonClass: 716K(832K)->716K(832K) Class: 67K(192K)->67K(192K)
[0.718s][info][gc          ] GC(1) Pause Young (Normal) (G1 Evacuation Pause) 23M->18M(54M) 12.926ms
[0.718s][info][gc,cpu      ] GC(1) User=0.02s Sys=0.01s Real=0.01s
[0.754s][info][gc,start    ] GC(2) Pause Young (Normal) (G1 Evacuation Pause)
[0.754s][info][gc,task     ] GC(2) Using 2 workers of 8 for evacuation
[0.762s][info][gc,phases   ] GC(2)   Pre Evacuate Collection Set: 0.0ms
[0.762s][info][gc,phases   ] GC(2)   Merge Heap Roots: 0.1ms
[0.762s][info][gc,phases   ] GC(2)   Evacuate Collection Set: 7.1ms
[0.762s][info][gc,phases   ] GC(2)   Post Evacuate Collection Set: 0.2ms
[0.762s][info][gc,phases   ] GC(2)   Other: 0.1ms
[0.762s][info][gc,heap     ] GC(2) Eden regions: 8->0(8)
[0.762s][info][gc,heap     ] GC(2) Survivor regions: 2->2(2)
[0.762s][info][gc,heap     ] GC(2) Old regions: 16->21
[0.762s][info][gc,heap     ] GC(2) Archive regions: 2->2
[0.762s][info][gc,heap     ] GC(2) Humongous regions: 0->0
[0.762s][info][gc,metaspace] GC(2) Metaspace: 785K(1024K)->785K(1024K) NonClass: 718K(832K)->718K(832K) Class: 67K(192K)->67K(192K)
[0.762s][info][gc          ] GC(2) Pause Young (Normal) (G1 Evacuation Pause) 26M->23M(54M) 7.832ms
[0.762s][info][gc,cpu      ] GC(2) User=0.02s Sys=0.00s Real=0.01s
[0.766s][info][gc,start    ] GC(3) Pause Young (Concurrent Start) (G1 Humongous Allocation)
[0.766s][info][gc,task     ] GC(3) Using 2 workers of 8 for evacuation
[0.772s][info][gc,phases   ] GC(3)   Pre Evacuate Collection Set: 0.0ms
[0.773s][info][gc,phases   ] GC(3)   Merge Heap Roots: 0.1ms
[0.773s][info][gc,phases   ] GC(3)   Evacuate Collection Set: 5.8ms
[0.773s][info][gc,phases   ] GC(3)   Post Evacuate Collection Set: 0.1ms
[0.773s][info][gc,phases   ] GC(3)   Other: 0.2ms
[0.773s][info][gc,heap     ] GC(3) Eden regions: 2->0(8)
[0.773s][info][gc,heap     ] GC(3) Survivor regions: 2->1(2)
[0.773s][info][gc,heap     ] GC(3) Old regions: 21->23
[0.773s][info][gc,heap     ] GC(3) Archive regions: 2->2
[0.773s][info][gc,heap     ] GC(3) Humongous regions: 0->0
[0.773s][info][gc,metaspace] GC(3) Metaspace: 785K(1024K)->785K(1024K) NonClass: 718K(832K)->718K(832K) Class: 67K(192K)->67K(192K)
[0.773s][info][gc          ] GC(3) Pause Young (Concurrent Start) (G1 Humongous Allocation) 24M->24M(54M) 6.405ms
[0.773s][info][gc,cpu      ] GC(3) User=0.01s Sys=0.01s Real=0.00s
[0.773s][info][gc          ] GC(4) Concurrent Mark Cycle
[0.773s][info][gc,marking  ] GC(4) Concurrent Clear Claimed Marks
[0.773s][info][gc,marking  ] GC(4) Concurrent Clear Claimed Marks 0.022ms
[0.773s][info][gc,marking  ] GC(4) Concurrent Scan Root Regions
[0.774s][info][gc,marking  ] GC(4) Concurrent Scan Root Regions 0.634ms
[0.774s][info][gc,marking  ] GC(4) Concurrent Mark
[0.774s][info][gc,marking  ] GC(4) Concurrent Mark From Roots
[0.774s][info][gc,task     ] GC(4) Using 2 workers of 2 for marking
[0.785s][info][gc,marking  ] GC(4) Concurrent Mark From Roots 11.542ms
[0.785s][info][gc,marking  ] GC(4) Concurrent Preclean
[0.785s][info][gc,marking  ] GC(4) Concurrent Preclean 0.043ms
[0.785s][info][gc,start    ] GC(4) Pause Remark
[0.786s][info][gc          ] GC(4) Pause Remark 28M->28M(54M) 0.520ms
[0.786s][info][gc,cpu      ] GC(4) User=0.01s Sys=0.00s Real=0.00s
[0.786s][info][gc,marking  ] GC(4) Concurrent Mark 12.397ms
[0.786s][info][gc,marking  ] GC(4) Concurrent Rebuild Remembered Sets
[0.792s][info][gc,marking  ] GC(4) Concurrent Rebuild Remembered Sets 5.982ms
[0.792s][info][gc,start    ] GC(4) Pause Cleanup
[0.792s][info][gc          ] GC(4) Pause Cleanup 28M->28M(54M) 0.070ms
[0.792s][info][gc,cpu      ] GC(4) User=0.00s Sys=0.00s Real=0.00s
[0.792s][info][gc,marking  ] GC(4) Concurrent Cleanup for Next Mark
[0.793s][info][gc,marking  ] GC(4) Concurrent Cleanup for Next Mark 0.593ms
[0.793s][info][gc          ] GC(4) Concurrent Mark Cycle 20.108ms
[0.808s][info][gc,start    ] GC(5) Pause Young (Normal) (G1 Evacuation Pause)
[0.808s][info][gc,task     ] GC(5) Using 2 workers of 8 for evacuation
[0.816s][info][gc,phases   ] GC(5)   Pre Evacuate Collection Set: 0.1ms
[0.816s][info][gc,phases   ] GC(5)   Merge Heap Roots: 0.1ms
[0.816s][info][gc,phases   ] GC(5)   Evacuate Collection Set: 7.9ms
[0.816s][info][gc,phases   ] GC(5)   Post Evacuate Collection Set: 0.2ms
[0.816s][info][gc,phases   ] GC(5)   Other: 0.1ms
[0.816s][info][gc,heap     ] GC(5) Eden regions: 8->0(5)
[0.816s][info][gc,heap     ] GC(5) Survivor regions: 1->2(2)
[0.816s][info][gc,heap     ] GC(5) Old regions: 23->27
[0.816s][info][gc,heap     ] GC(5) Archive regions: 2->2
[0.816s][info][gc,heap     ] GC(5) Humongous regions: 2->2
[0.816s][info][gc,metaspace] GC(5) Metaspace: 785K(1024K)->785K(1024K) NonClass: 718K(832K)->718K(832K) Class: 67K(192K)->67K(192K)
[0.816s][info][gc          ] GC(5) Pause Young (Normal) (G1 Evacuation Pause) 34M->31M(54M) 8.530ms
[0.816s][info][gc,cpu      ] GC(5) User=0.02s Sys=0.00s Real=0.01s
[0.821s][info][gc,start    ] GC(6) Pause Young (Concurrent Start) (G1 Humongous Allocation)
[0.821s][info][gc,task     ] GC(6) Using 2 workers of 8 for evacuation
[0.827s][info][gc,phases   ] GC(6)   Pre Evacuate Collection Set: 0.0ms
[0.827s][info][gc,phases   ] GC(6)   Merge Heap Roots: 0.1ms
[0.827s][info][gc,phases   ] GC(6)   Evacuate Collection Set: 5.9ms
[0.827s][info][gc,phases   ] GC(6)   Post Evacuate Collection Set: 0.1ms
[0.827s][info][gc,phases   ] GC(6)   Other: 0.2ms
[0.827s][info][gc,heap     ] GC(6) Eden regions: 2->0(5)
[0.827s][info][gc,heap     ] GC(6) Survivor regions: 2->1(1)
[0.827s][info][gc,heap     ] GC(6) Old regions: 27->30
[0.827s][info][gc,heap     ] GC(6) Archive regions: 2->2
[0.827s][info][gc,heap     ] GC(6) Humongous regions: 2->2
[0.827s][info][gc,metaspace] GC(6) Metaspace: 785K(1024K)->785K(1024K) NonClass: 718K(832K)->718K(832K) Class: 67K(192K)->67K(192K)
[0.827s][info][gc          ] GC(6) Pause Young (Concurrent Start) (G1 Humongous Allocation) 33M->33M(54M) 6.447ms
[0.827s][info][gc,cpu      ] GC(6) User=0.01s Sys=0.00s Real=0.01s
[0.827s][info][gc          ] GC(7) Concurrent Mark Cycle
[0.827s][info][gc,marking  ] GC(7) Concurrent Clear Claimed Marks
[0.827s][info][gc,marking  ] GC(7) Concurrent Clear Claimed Marks 0.016ms
[0.827s][info][gc,marking  ] GC(7) Concurrent Scan Root Regions
[0.828s][info][gc,marking  ] GC(7) Concurrent Scan Root Regions 0.426ms
[0.828s][info][gc,marking  ] GC(7) Concurrent Mark
[0.828s][info][gc,marking  ] GC(7) Concurrent Mark From Roots
[0.828s][info][gc,task     ] GC(7) Using 2 workers of 2 for marking
[0.843s][info][gc,marking  ] GC(7) Concurrent Mark From Roots 14.668ms
[0.843s][info][gc,marking  ] GC(7) Concurrent Preclean
[0.843s][info][gc,marking  ] GC(7) Concurrent Preclean 0.116ms
[0.843s][info][gc,start    ] GC(7) Pause Remark
[0.843s][info][gc          ] GC(7) Pause Remark 37M->36M(64M) 0.488ms
[0.843s][info][gc,cpu      ] GC(7) User=0.00s Sys=0.00s Real=0.00s
[0.843s][info][gc,marking  ] GC(7) Concurrent Mark 15.537ms
[0.843s][info][gc,marking  ] GC(7) Concurrent Rebuild Remembered Sets
[0.851s][info][gc,start    ] GC(8) Pause Young (Normal) (G1 Evacuation Pause)
[0.851s][info][gc,task     ] GC(8) Using 2 workers of 8 for evacuation
[0.860s][info][gc,phases   ] GC(8)   Pre Evacuate Collection Set: 0.0ms
[0.860s][info][gc,phases   ] GC(8)   Merge Heap Roots: 0.1ms
[0.860s][info][gc,phases   ] GC(8)   Evacuate Collection Set: 8.7ms
[0.860s][info][gc,phases   ] GC(8)   Post Evacuate Collection Set: 0.2ms
[0.860s][info][gc,phases   ] GC(8)   Other: 0.1ms
[0.860s][info][gc,heap     ] GC(8) Eden regions: 5->0(7)
[0.860s][info][gc,heap     ] GC(8) Survivor regions: 1->1(1)
[0.860s][info][gc,heap     ] GC(8) Old regions: 30->33
[0.860s][info][gc,heap     ] GC(8) Archive regions: 2->2
[0.860s][info][gc,heap     ] GC(8) Humongous regions: 2->2
[0.860s][info][gc,metaspace] GC(8) Metaspace: 786K(1024K)->786K(1024K) NonClass: 718K(832K)->718K(832K) Class: 67K(192K)->67K(192K)
[0.860s][info][gc          ] GC(8) Pause Young (Normal) (G1 Evacuation Pause) 38M->36M(64M) 9.210ms
[0.860s][info][gc,cpu      ] GC(8) User=0.02s Sys=0.00s Real=0.01s
[0.862s][info][gc,marking  ] GC(7) Concurrent Rebuild Remembered Sets 18.564ms
[0.862s][info][gc,start    ] GC(7) Pause Cleanup
[0.862s][info][gc          ] GC(7) Pause Cleanup 37M->37M(64M) 0.061ms
[0.862s][info][gc,cpu      ] GC(7) User=0.00s Sys=0.00s Real=0.00s
[0.862s][info][gc,marking  ] GC(7) Concurrent Cleanup for Next Mark
[0.863s][info][gc,marking  ] GC(7) Concurrent Cleanup for Next Mark 0.674ms
[0.863s][info][gc          ] GC(7) Concurrent Mark Cycle 35.722ms
[0.884s][info][gc,start    ] GC(9) Pause Young (Prepare Mixed) (G1 Evacuation Pause)
[0.884s][info][gc,task     ] GC(9) Using 2 workers of 8 for evacuation
[0.893s][info][gc,phases   ] GC(9)   Pre Evacuate Collection Set: 0.0ms
[0.893s][info][gc,phases   ] GC(9)   Merge Heap Roots: 0.1ms
[0.893s][info][gc,phases   ] GC(9)   Evacuate Collection Set: 8.5ms
[0.893s][info][gc,phases   ] GC(9)   Post Evacuate Collection Set: 0.2ms
[0.893s][info][gc,phases   ] GC(9)   Other: 0.1ms
[0.893s][info][gc,heap     ] GC(9) Eden regions: 7->0(2)
[0.893s][info][gc,heap     ] GC(9) Survivor regions: 1->1(1)
[0.893s][info][gc,heap     ] GC(9) Old regions: 33->39
[0.893s][info][gc,heap     ] GC(9) Archive regions: 2->2
[0.893s][info][gc,heap     ] GC(9) Humongous regions: 3->3
[0.893s][info][gc,metaspace] GC(9) Metaspace: 786K(1024K)->786K(1024K) NonClass: 718K(832K)->718K(832K) Class: 67K(192K)->67K(192K)
[0.893s][info][gc          ] GC(9) Pause Young (Prepare Mixed) (G1 Evacuation Pause) 44M->43M(64M) 9.101ms
[0.893s][info][gc,cpu      ] GC(9) User=0.01s Sys=0.00s Real=0.01s
[0.898s][info][gc,start    ] GC(10) Pause Young (Mixed) (G1 Evacuation Pause)
[0.898s][info][gc,task     ] GC(10) Using 2 workers of 8 for evacuation
[0.908s][info][gc,phases   ] GC(10)   Pre Evacuate Collection Set: 0.0ms
[0.908s][info][gc,phases   ] GC(10)   Merge Heap Roots: 0.1ms
[0.908s][info][gc,phases   ] GC(10)   Evacuate Collection Set: 9.0ms
[0.908s][info][gc,phases   ] GC(10)   Post Evacuate Collection Set: 0.6ms
[0.908s][info][gc,phases   ] GC(10)   Other: 0.2ms
[0.908s][info][gc,heap     ] GC(10) Eden regions: 2->0(21)
[0.908s][info][gc,heap     ] GC(10) Survivor regions: 1->1(1)
[0.908s][info][gc,heap     ] GC(10) Old regions: 39->39
[0.908s][info][gc,heap     ] GC(10) Archive regions: 2->2
[0.908s][info][gc,heap     ] GC(10) Humongous regions: 3->3
[0.908s][info][gc,metaspace] GC(10) Metaspace: 786K(1024K)->786K(1024K) NonClass: 718K(832K)->718K(832K) Class: 67K(192K)->67K(192K)
[0.908s][info][gc          ] GC(10) Pause Young (Mixed) (G1 Evacuation Pause) 45M->43M(110M) 10.032ms
[0.908s][info][gc,cpu      ] GC(10) User=0.02s Sys=0.01s Real=0.01s
[0.983s][info][gc,start    ] GC(11) Pause Young (Normal) (G1 Evacuation Pause)
[0.983s][info][gc,task     ] GC(11) Using 2 workers of 8 for evacuation
[1.006s][info][gc,phases   ] GC(11)   Pre Evacuate Collection Set: 0.0ms
[1.006s][info][gc,phases   ] GC(11)   Merge Heap Roots: 0.2ms
[1.006s][info][gc,phases   ] GC(11)   Evacuate Collection Set: 21.8ms
[1.006s][info][gc,phases   ] GC(11)   Post Evacuate Collection Set: 0.2ms
[1.006s][info][gc,phases   ] GC(11)   Other: 0.1ms
[1.006s][info][gc,heap     ] GC(11) Eden regions: 21->0(14)
[1.006s][info][gc,heap     ] GC(11) Survivor regions: 1->3(3)
[1.006s][info][gc,heap     ] GC(11) Old regions: 39->52
[1.006s][info][gc,heap     ] GC(11) Archive regions: 2->2
[1.006s][info][gc,heap     ] GC(11) Humongous regions: 5->5
[1.006s][info][gc,metaspace] GC(11) Metaspace: 786K(1024K)->786K(1024K) NonClass: 718K(832K)->718K(832K) Class: 67K(192K)->67K(192K)
[1.006s][info][gc          ] GC(11) Pause Young (Normal) (G1 Evacuation Pause) 66M->60M(110M) 22.471ms
[1.006s][info][gc,cpu      ] GC(11) User=0.04s Sys=0.00s Real=0.03s
[1.013s][info][gc,start    ] GC(12) Pause Young (Concurrent Start) (G1 Humongous Allocation)
[1.013s][info][gc,task     ] GC(12) Using 2 workers of 8 for evacuation
[1.023s][info][gc,phases   ] GC(12)   Pre Evacuate Collection Set: 0.0ms
[1.023s][info][gc,phases   ] GC(12)   Merge Heap Roots: 0.1ms
[1.023s][info][gc,phases   ] GC(12)   Evacuate Collection Set: 9.2ms
[1.023s][info][gc,phases   ] GC(12)   Post Evacuate Collection Set: 0.2ms
[1.023s][info][gc,phases   ] GC(12)   Other: 0.2ms
[1.023s][info][gc,heap     ] GC(12) Eden regions: 3->0(13)
[1.023s][info][gc,heap     ] GC(12) Survivor regions: 3->2(3)
[1.023s][info][gc,heap     ] GC(12) Old regions: 52->55
[1.023s][info][gc,heap     ] GC(12) Archive regions: 2->2
[1.023s][info][gc,heap     ] GC(12) Humongous regions: 5->5
[1.023s][info][gc,metaspace] GC(12) Metaspace: 786K(1024K)->786K(1024K) NonClass: 718K(832K)->718K(832K) Class: 67K(192K)->67K(192K)
[1.023s][info][gc          ] GC(12) Pause Young (Concurrent Start) (G1 Humongous Allocation) 63M->62M(110M) 9.963ms
[1.023s][info][gc,cpu      ] GC(12) User=0.02s Sys=0.00s Real=0.01s
[1.023s][info][gc          ] GC(13) Concurrent Mark Cycle
[1.023s][info][gc,marking  ] GC(13) Concurrent Clear Claimed Marks
[1.023s][info][gc,marking  ] GC(13) Concurrent Clear Claimed Marks 0.011ms
[1.023s][info][gc,marking  ] GC(13) Concurrent Scan Root Regions
[1.024s][info][gc,marking  ] GC(13) Concurrent Scan Root Regions 0.678ms
[1.024s][info][gc,marking  ] GC(13) Concurrent Mark
[1.024s][info][gc,marking  ] GC(13) Concurrent Mark From Roots
[1.024s][info][gc,task     ] GC(13) Using 2 workers of 2 for marking
[1.047s][info][gc,marking  ] GC(13) Concurrent Mark From Roots 23.410ms
[1.047s][info][gc,marking  ] GC(13) Concurrent Preclean
[1.047s][info][gc,marking  ] GC(13) Concurrent Preclean 0.036ms
[1.047s][info][gc,start    ] GC(13) Pause Remark
[1.048s][info][gc          ] GC(13) Pause Remark 69M->64M(110M) 0.391ms
[1.048s][info][gc,cpu      ] GC(13) User=0.00s Sys=0.00s Real=0.00s
[1.048s][info][gc,marking  ] GC(13) Concurrent Mark 24.193ms
[1.048s][info][gc,marking  ] GC(13) Concurrent Rebuild Remembered Sets
[1.063s][info][gc,marking  ] GC(13) Concurrent Rebuild Remembered Sets 14.657ms
[1.063s][info][gc,start    ] GC(13) Pause Cleanup
[1.063s][info][gc          ] GC(13) Pause Cleanup 68M->68M(110M) 0.080ms
[1.063s][info][gc,cpu      ] GC(13) User=0.00s Sys=0.00s Real=0.00s
[1.063s][info][gc,marking  ] GC(13) Concurrent Cleanup for Next Mark
[1.064s][info][gc,marking  ] GC(13) Concurrent Cleanup for Next Mark 1.070ms
[1.064s][info][gc          ] GC(13) Concurrent Mark Cycle 41.248ms
[1.082s][info][gc,start    ] GC(14) Pause Young (Prepare Mixed) (G1 Evacuation Pause)
[1.082s][info][gc,task     ] GC(14) Using 2 workers of 8 for evacuation
[1.099s][info][gc,phases   ] GC(14)   Pre Evacuate Collection Set: 0.0ms
[1.099s][info][gc,phases   ] GC(14)   Merge Heap Roots: 0.2ms
[1.099s][info][gc,phases   ] GC(14)   Evacuate Collection Set: 16.4ms
[1.099s][info][gc,phases   ] GC(14)   Post Evacuate Collection Set: 0.2ms
[1.099s][info][gc,phases   ] GC(14)   Other: 0.2ms
[1.099s][info][gc,heap     ] GC(14) Eden regions: 13->0(3)
[1.099s][info][gc,heap     ] GC(14) Survivor regions: 2->2(2)
[1.099s][info][gc,heap     ] GC(14) Old regions: 54->63
[1.099s][info][gc,heap     ] GC(14) Archive regions: 2->2
[1.099s][info][gc,heap     ] GC(14) Humongous regions: 7->7
[1.099s][info][gc,metaspace] GC(14) Metaspace: 786K(1024K)->786K(1024K) NonClass: 718K(832K)->718K(832K) Class: 67K(192K)->67K(192K)
[1.099s][info][gc          ] GC(14) Pause Young (Prepare Mixed) (G1 Evacuation Pause) 76M->72M(110M) 17.157ms
[1.099s][info][gc,cpu      ] GC(14) User=0.03s Sys=0.01s Real=0.02s
[1.109s][info][gc,start    ] GC(15) Pause Young (Mixed) (G1 Evacuation Pause)
[1.110s][info][gc,task     ] GC(15) Using 2 workers of 8 for evacuation
[1.127s][info][gc,phases   ] GC(15)   Pre Evacuate Collection Set: 0.0ms
[1.127s][info][gc,phases   ] GC(15)   Merge Heap Roots: 0.1ms
[1.127s][info][gc,phases   ] GC(15)   Evacuate Collection Set: 17.1ms
[1.127s][info][gc,phases   ] GC(15)   Post Evacuate Collection Set: 0.1ms
[1.127s][info][gc,phases   ] GC(15)   Other: 0.2ms
[1.127s][info][gc,heap     ] GC(15) Eden regions: 3->0(10)
[1.127s][info][gc,heap     ] GC(15) Survivor regions: 2->1(1)
[1.127s][info][gc,heap     ] GC(15) Old regions: 63->60
[1.127s][info][gc,heap     ] GC(15) Archive regions: 2->2
[1.127s][info][gc,heap     ] GC(15) Humongous regions: 7->7
[1.127s][info][gc,metaspace] GC(15) Metaspace: 786K(1024K)->786K(1024K) NonClass: 718K(832K)->718K(832K) Class: 67K(192K)->67K(192K)
[1.127s][info][gc          ] GC(15) Pause Young (Mixed) (G1 Evacuation Pause) 75M->68M(110M) 17.713ms
[1.127s][info][gc,cpu      ] GC(15) User=0.03s Sys=0.00s Real=0.02s
[1.141s][info][gc,start    ] GC(16) Pause Young (Concurrent Start) (G1 Humongous Allocation)
[1.141s][info][gc,task     ] GC(16) Using 2 workers of 8 for evacuation
[1.150s][info][gc,phases   ] GC(16)   Pre Evacuate Collection Set: 0.0ms
[1.150s][info][gc,phases   ] GC(16)   Merge Heap Roots: 0.1ms
[1.150s][info][gc,phases   ] GC(16)   Evacuate Collection Set: 7.6ms
[1.150s][info][gc,phases   ] GC(16)   Post Evacuate Collection Set: 0.8ms
[1.150s][info][gc,phases   ] GC(16)   Other: 0.2ms
[1.150s][info][gc,heap     ] GC(16) Eden regions: 7->0(23)
[1.150s][info][gc,heap     ] GC(16) Survivor regions: 1->2(2)
[1.150s][info][gc,heap     ] GC(16) Old regions: 60->64
[1.150s][info][gc,heap     ] GC(16) Archive regions: 2->2
[1.150s][info][gc,heap     ] GC(16) Humongous regions: 7->7
[1.150s][info][gc,metaspace] GC(16) Metaspace: 786K(1024K)->786K(1024K) NonClass: 718K(832K)->718K(832K) Class: 67K(192K)->67K(192K)
[1.150s][info][gc          ] GC(16) Pause Young (Concurrent Start) (G1 Humongous Allocation) 75M->73M(148M) 9.102ms
[1.150s][info][gc,cpu      ] GC(16) User=0.02s Sys=0.00s Real=0.01s
[1.150s][info][gc          ] GC(17) Concurrent Mark Cycle
[1.150s][info][gc,marking  ] GC(17) Concurrent Clear Claimed Marks
[1.150s][info][gc,marking  ] GC(17) Concurrent Clear Claimed Marks 0.013ms
[1.150s][info][gc,marking  ] GC(17) Concurrent Scan Root Regions
[1.154s][info][gc,marking  ] GC(17) Concurrent Scan Root Regions 3.833ms
[1.154s][info][gc,marking  ] GC(17) Concurrent Mark
[1.154s][info][gc,marking  ] GC(17) Concurrent Mark From Roots
[1.154s][info][gc,task     ] GC(17) Using 2 workers of 2 for marking
[1.184s][info][gc,marking  ] GC(17) Concurrent Mark From Roots 30.167ms
[1.184s][info][gc,marking  ] GC(17) Concurrent Preclean
[1.185s][info][gc,marking  ] GC(17) Concurrent Preclean 0.047ms
[1.185s][info][gc,start    ] GC(17) Pause Remark
[1.185s][info][gc          ] GC(17) Pause Remark 82M->77M(148M) 0.577ms
[1.185s][info][gc,cpu      ] GC(17) User=0.00s Sys=0.00s Real=0.00s
[1.185s][info][gc,marking  ] GC(17) Concurrent Mark 31.155ms
[1.185s][info][gc,marking  ] GC(17) Concurrent Rebuild Remembered Sets
[1.203s][info][gc,marking  ] GC(17) Concurrent Rebuild Remembered Sets 17.897ms
[1.204s][info][gc,start    ] GC(17) Pause Cleanup
[1.204s][info][gc          ] GC(17) Pause Cleanup 84M->84M(148M) 0.092ms
[1.204s][info][gc,cpu      ] GC(17) User=0.00s Sys=0.00s Real=0.00s
[1.204s][info][gc,marking  ] GC(17) Concurrent Cleanup for Next Mark
[1.204s][info][gc,marking  ] GC(17) Concurrent Cleanup for Next Mark 0.581ms
[1.204s][info][gc          ] GC(17) Concurrent Mark Cycle 53.994ms
[1.248s][info][gc,start    ] GC(18) Pause Young (Prepare Mixed) (G1 Evacuation Pause)
[1.248s][info][gc,task     ] GC(18) Using 3 workers of 8 for evacuation
[1.276s][info][gc,phases   ] GC(18)   Pre Evacuate Collection Set: 0.1ms
[1.276s][info][gc,phases   ] GC(18)   Merge Heap Roots: 0.2ms
[1.276s][info][gc,phases   ] GC(18)   Evacuate Collection Set: 27.0ms
[1.276s][info][gc,phases   ] GC(18)   Post Evacuate Collection Set: 0.3ms
[1.276s][info][gc,phases   ] GC(18)   Other: 0.4ms
[1.276s][info][gc,heap     ] GC(18) Eden regions: 23->0(3)
[1.276s][info][gc,heap     ] GC(18) Survivor regions: 2->4(4)
[1.276s][info][gc,heap     ] GC(18) Old regions: 64->80
[1.276s][info][gc,heap     ] GC(18) Archive regions: 2->2
[1.276s][info][gc,heap     ] GC(18) Humongous regions: 8->8
[1.276s][info][gc,metaspace] GC(18) Metaspace: 786K(1024K)->786K(1024K) NonClass: 718K(832K)->718K(832K) Class: 67K(192K)->67K(192K)
[1.276s][info][gc          ] GC(18) Pause Young (Prepare Mixed) (G1 Evacuation Pause) 97M->92M(148M) 28.091ms
[1.276s][info][gc,cpu      ] GC(18) User=0.07s Sys=0.01s Real=0.03s
[1.288s][info][gc,start    ] GC(19) Pause Young (Mixed) (G1 Evacuation Pause)
[1.288s][info][gc,task     ] GC(19) Using 3 workers of 8 for evacuation
[1.302s][info][gc,phases   ] GC(19)   Pre Evacuate Collection Set: 0.0ms
[1.302s][info][gc,phases   ] GC(19)   Merge Heap Roots: 0.2ms
[1.302s][info][gc,phases   ] GC(19)   Evacuate Collection Set: 13.6ms
[1.302s][info][gc,phases   ] GC(19)   Post Evacuate Collection Set: 0.1ms
[1.302s][info][gc,phases   ] GC(19)   Other: 0.1ms
[1.302s][info][gc,heap     ] GC(19) Eden regions: 3->0(14)
[1.302s][info][gc,heap     ] GC(19) Survivor regions: 4->1(1)
[1.302s][info][gc,heap     ] GC(19) Old regions: 80->81
[1.302s][info][gc,heap     ] GC(19) Archive regions: 2->2
[1.302s][info][gc,heap     ] GC(19) Humongous regions: 8->8
[1.302s][info][gc,metaspace] GC(19) Metaspace: 786K(1024K)->786K(1024K) NonClass: 718K(832K)->718K(832K) Class: 67K(192K)->67K(192K)
[1.302s][info][gc          ] GC(19) Pause Young (Mixed) (G1 Evacuation Pause) 95M->90M(148M) 14.213ms
[1.302s][info][gc,cpu      ] GC(19) User=0.04s Sys=0.00s Real=0.01s
[1.341s][info][gc,start    ] GC(20) Pause Young (Concurrent Start) (G1 Evacuation Pause)
[1.341s][info][gc,task     ] GC(20) Using 3 workers of 8 for evacuation
[1.353s][info][gc,phases   ] GC(20)   Pre Evacuate Collection Set: 0.1ms
[1.353s][info][gc,phases   ] GC(20)   Merge Heap Roots: 0.2ms
[1.353s][info][gc,phases   ] GC(20)   Evacuate Collection Set: 10.8ms
[1.353s][info][gc,phases   ] GC(20)   Post Evacuate Collection Set: 0.2ms
[1.353s][info][gc,phases   ] GC(20)   Other: 0.2ms
[1.353s][info][gc,heap     ] GC(20) Eden regions: 14->0(9)
[1.353s][info][gc,heap     ] GC(20) Survivor regions: 1->2(2)
[1.353s][info][gc,heap     ] GC(20) Old regions: 81->91
[1.353s][info][gc,heap     ] GC(20) Archive regions: 2->2
[1.353s][info][gc,heap     ] GC(20) Humongous regions: 10->10
[1.353s][info][gc,metaspace] GC(20) Metaspace: 786K(1024K)->786K(1024K) NonClass: 718K(832K)->718K(832K) Class: 67K(192K)->67K(192K)
[1.353s][info][gc          ] GC(20) Pause Young (Concurrent Start) (G1 Evacuation Pause) 106M->103M(148M) 11.691ms
[1.353s][info][gc,cpu      ] GC(20) User=0.03s Sys=0.00s Real=0.01s
[1.353s][info][gc          ] GC(21) Concurrent Mark Cycle
[1.353s][info][gc,marking  ] GC(21) Concurrent Clear Claimed Marks
[1.353s][info][gc,marking  ] GC(21) Concurrent Clear Claimed Marks 0.015ms
[1.353s][info][gc,marking  ] GC(21) Concurrent Scan Root Regions
[1.366s][info][gc,marking  ] GC(21) Concurrent Scan Root Regions 13.147ms
[1.366s][info][gc,marking  ] GC(21) Concurrent Mark
[1.366s][info][gc,marking  ] GC(21) Concurrent Mark From Roots
[1.366s][info][gc,task     ] GC(21) Using 2 workers of 2 for marking
[1.387s][info][gc,start    ] GC(22) Pause Young (Normal) (G1 Evacuation Pause)
[1.387s][info][gc,task     ] GC(22) Using 3 workers of 8 for evacuation
[1.408s][info][gc,phases   ] GC(22)   Pre Evacuate Collection Set: 0.0ms
[1.408s][info][gc,phases   ] GC(22)   Merge Heap Roots: 0.1ms
[1.408s][info][gc,phases   ] GC(22)   Evacuate Collection Set: 20.2ms
[1.408s][info][gc,phases   ] GC(22)   Post Evacuate Collection Set: 0.2ms
[1.408s][info][gc,phases   ] GC(22)   Other: 0.1ms
[1.408s][info][gc,heap     ] GC(22) Eden regions: 9->0(5)
[1.408s][info][gc,heap     ] GC(22) Survivor regions: 2->2(2)
[1.408s][info][gc,heap     ] GC(22) Old regions: 91->100
[1.408s][info][gc,heap     ] GC(22) Archive regions: 2->2
[1.408s][info][gc,heap     ] GC(22) Humongous regions: 12->12
[1.408s][info][gc,metaspace] GC(22) Metaspace: 786K(1024K)->786K(1024K) NonClass: 718K(832K)->718K(832K) Class: 67K(192K)->67K(192K)
[1.408s][info][gc          ] GC(22) Pause Young (Normal) (G1 Evacuation Pause) 114M->114M(148M) 20.857ms
[1.408s][info][gc,cpu      ] GC(22) User=0.06s Sys=0.00s Real=0.02s
[1.424s][info][gc,start    ] GC(23) Pause Young (Normal) (G1 Evacuation Pause)
[1.424s][info][gc,task     ] GC(23) Using 3 workers of 8 for evacuation
[1.440s][info][gc,phases   ] GC(23)   Pre Evacuate Collection Set: 0.0ms
[1.440s][info][gc,phases   ] GC(23)   Merge Heap Roots: 0.1ms
[1.440s][info][gc,phases   ] GC(23)   Evacuate Collection Set: 15.4ms
[1.440s][info][gc,phases   ] GC(23)   Post Evacuate Collection Set: 0.5ms
[1.440s][info][gc,phases   ] GC(23)   Other: 0.1ms
[1.440s][info][gc,heap     ] GC(23) Eden regions: 5->0(11)
[1.440s][info][gc,heap     ] GC(23) Survivor regions: 2->1(1)
[1.440s][info][gc,heap     ] GC(23) Old regions: 100->105
[1.440s][info][gc,heap     ] GC(23) Archive regions: 2->2
[1.440s][info][gc,heap     ] GC(23) Humongous regions: 12->12
[1.440s][info][gc,metaspace] GC(23) Metaspace: 786K(1024K)->786K(1024K) NonClass: 718K(832K)->718K(832K) Class: 67K(192K)->67K(192K)
[1.440s][info][gc          ] GC(23) Pause Young (Normal) (G1 Evacuation Pause) 119M->118M(171M) 16.338ms
[1.440s][info][gc,cpu      ] GC(23) User=0.04s Sys=0.00s Real=0.02s
[1.444s][info][gc,marking  ] GC(21) Concurrent Mark From Roots 77.641ms
[1.444s][info][gc,marking  ] GC(21) Concurrent Preclean
[1.444s][info][gc,marking  ] GC(21) Concurrent Preclean 0.034ms
[1.444s][info][gc,start    ] GC(21) Pause Remark
[1.445s][info][gc          ] GC(21) Pause Remark 121M->113M(192M) 0.768ms
[1.445s][info][gc,cpu      ] GC(21) User=0.00s Sys=0.00s Real=0.01s
[1.445s][info][gc,marking  ] GC(21) Concurrent Mark 78.779ms
[1.445s][info][gc,marking  ] GC(21) Concurrent Rebuild Remembered Sets
[1.482s][info][gc,marking  ] GC(21) Concurrent Rebuild Remembered Sets 37.250ms
[1.482s][info][gc,start    ] GC(21) Pause Cleanup
[1.483s][info][gc          ] GC(21) Pause Cleanup 121M->121M(192M) 0.129ms
[1.483s][info][gc,cpu      ] GC(21) User=0.00s Sys=0.00s Real=0.00s
[1.483s][info][gc,marking  ] GC(21) Concurrent Cleanup for Next Mark
[1.484s][info][gc,marking  ] GC(21) Concurrent Cleanup for Next Mark 0.965ms
[1.484s][info][gc          ] GC(21) Concurrent Mark Cycle 130.819ms
[1.489s][info][gc,start    ] GC(24) Pause Young (Prepare Mixed) (G1 Evacuation Pause)
[1.489s][info][gc,task     ] GC(24) Using 4 workers of 8 for evacuation
[1.502s][info][gc,phases   ] GC(24)   Pre Evacuate Collection Set: 0.0ms
[1.502s][info][gc,phases   ] GC(24)   Merge Heap Roots: 0.1ms
[1.502s][info][gc,phases   ] GC(24)   Evacuate Collection Set: 12.3ms
[1.502s][info][gc,phases   ] GC(24)   Post Evacuate Collection Set: 0.2ms
[1.502s][info][gc,phases   ] GC(24)   Other: 0.2ms
[1.502s][info][gc,heap     ] GC(24) Eden regions: 11->0(7)
[1.502s][info][gc,heap     ] GC(24) Survivor regions: 1->2(2)
[1.502s][info][gc,heap     ] GC(24) Old regions: 105->113
[1.502s][info][gc,heap     ] GC(24) Archive regions: 2->2
[1.502s][info][gc,heap     ] GC(24) Humongous regions: 6->6
[1.502s][info][gc,metaspace] GC(24) Metaspace: 786K(1024K)->786K(1024K) NonClass: 718K(832K)->718K(832K) Class: 67K(192K)->67K(192K)
[1.502s][info][gc          ] GC(24) Pause Young (Prepare Mixed) (G1 Evacuation Pause) 123M->121M(192M) 13.093ms
[1.502s][info][gc,cpu      ] GC(24) User=0.05s Sys=0.00s Real=0.01s
[1.527s][info][gc,start    ] GC(25) Pause Young (Mixed) (G1 Evacuation Pause)
[1.527s][info][gc,task     ] GC(25) Using 4 workers of 8 for evacuation
[1.550s][info][gc,phases   ] GC(25)   Pre Evacuate Collection Set: 0.1ms
[1.550s][info][gc,phases   ] GC(25)   Merge Heap Roots: 0.3ms
[1.550s][info][gc,phases   ] GC(25)   Evacuate Collection Set: 22.3ms
[1.550s][info][gc,phases   ] GC(25)   Post Evacuate Collection Set: 0.2ms
[1.550s][info][gc,phases   ] GC(25)   Other: 0.1ms
[1.550s][info][gc,heap     ] GC(25) Eden regions: 7->0(17)
[1.550s][info][gc,heap     ] GC(25) Survivor regions: 2->2(2)
[1.550s][info][gc,heap     ] GC(25) Old regions: 113->109
[1.550s][info][gc,heap     ] GC(25) Archive regions: 2->2
[1.550s][info][gc,heap     ] GC(25) Humongous regions: 8->8
[1.550s][info][gc,metaspace] GC(25) Metaspace: 786K(1024K)->786K(1024K) NonClass: 718K(832K)->718K(832K) Class: 67K(192K)->67K(192K)
[1.550s][info][gc          ] GC(25) Pause Young (Mixed) (G1 Evacuation Pause) 130M->119M(192M) 23.183ms
[1.550s][info][gc,cpu      ] GC(25) User=0.08s Sys=0.00s Real=0.02s
[1.604s][info][gc,start    ] GC(26) Pause Young (Normal) (G1 Evacuation Pause)
[1.604s][info][gc,task     ] GC(26) Using 4 workers of 8 for evacuation
[1.616s][info][gc,phases   ] GC(26)   Pre Evacuate Collection Set: 0.0ms
[1.617s][info][gc,phases   ] GC(26)   Merge Heap Roots: 0.1ms
[1.617s][info][gc,phases   ] GC(26)   Evacuate Collection Set: 12.5ms
[1.617s][info][gc,phases   ] GC(26)   Post Evacuate Collection Set: 0.2ms
[1.617s][info][gc,phases   ] GC(26)   Other: 0.1ms
[1.617s][info][gc,heap     ] GC(26) Eden regions: 17->0(11)
[1.617s][info][gc,heap     ] GC(26) Survivor regions: 2->3(3)
[1.617s][info][gc,heap     ] GC(26) Old regions: 109->122
[1.617s][info][gc,heap     ] GC(26) Archive regions: 2->2
[1.617s][info][gc,heap     ] GC(26) Humongous regions: 10->10
[1.617s][info][gc,metaspace] GC(26) Metaspace: 786K(1024K)->786K(1024K) NonClass: 718K(832K)->718K(832K) Class: 67K(192K)->67K(192K)
[1.617s][info][gc          ] GC(26) Pause Young (Normal) (G1 Evacuation Pause) 138M->135M(192M) 13.108ms
[1.617s][info][gc,cpu      ] GC(26) User=0.05s Sys=0.00s Real=0.02s
[1.666s][info][gc,start    ] GC(27) Pause Young (Normal) (G1 Evacuation Pause)
[1.666s][info][gc,task     ] GC(27) Using 4 workers of 8 for evacuation
[1.679s][info][gc,phases   ] GC(27)   Pre Evacuate Collection Set: 0.0ms
[1.679s][info][gc,phases   ] GC(27)   Merge Heap Roots: 0.2ms
[1.679s][info][gc,phases   ] GC(27)   Evacuate Collection Set: 12.1ms
[1.679s][info][gc,phases   ] GC(27)   Post Evacuate Collection Set: 0.2ms
[1.679s][info][gc,phases   ] GC(27)   Other: 0.1ms
[1.679s][info][gc,heap     ] GC(27) Eden regions: 11->0(7)
[1.679s][info][gc,heap     ] GC(27) Survivor regions: 3->2(2)
[1.679s][info][gc,heap     ] GC(27) Old regions: 122->133
[1.679s][info][gc,heap     ] GC(27) Archive regions: 2->2
[1.679s][info][gc,heap     ] GC(27) Humongous regions: 16->16
[1.679s][info][gc,metaspace] GC(27) Metaspace: 786K(1024K)->786K(1024K) NonClass: 718K(832K)->718K(832K) Class: 67K(192K)->67K(192K)
[1.679s][info][gc          ] GC(27) Pause Young (Normal) (G1 Evacuation Pause) 152M->151M(192M) 12.739ms
[1.679s][info][gc,cpu      ] GC(27) User=0.05s Sys=0.00s Real=0.01s
[1.688s][info][gc,start    ] GC(28) Pause Young (Concurrent Start) (G1 Humongous Allocation)
[1.688s][info][gc,task     ] GC(28) Using 4 workers of 8 for evacuation
[1.702s][info][gc,phases   ] GC(28)   Pre Evacuate Collection Set: 0.0ms
[1.702s][info][gc,phases   ] GC(28)   Merge Heap Roots: 0.1ms
[1.702s][info][gc,phases   ] GC(28)   Evacuate Collection Set: 13.7ms
[1.702s][info][gc,phases   ] GC(28)   Post Evacuate Collection Set: 0.3ms
[1.702s][info][gc,phases   ] GC(28)   Other: 0.1ms
[1.702s][info][gc,heap     ] GC(28) Eden regions: 5->0(7)
[1.702s][info][gc,heap     ] GC(28) Survivor regions: 2->2(2)
[1.702s][info][gc,heap     ] GC(28) Old regions: 133->137
[1.702s][info][gc,heap     ] GC(28) Archive regions: 2->2
[1.702s][info][gc,heap     ] GC(28) Humongous regions: 16->16
[1.702s][info][gc,metaspace] GC(28) Metaspace: 786K(1024K)->786K(1024K) NonClass: 718K(832K)->718K(832K) Class: 67K(192K)->67K(192K)
[1.702s][info][gc          ] GC(28) Pause Young (Concurrent Start) (G1 Humongous Allocation) 156M->155M(197M) 14.437ms
[1.702s][info][gc,cpu      ] GC(28) User=0.05s Sys=0.00s Real=0.01s
[1.702s][info][gc          ] GC(29) Concurrent Mark Cycle
[1.702s][info][gc,marking  ] GC(29) Concurrent Clear Claimed Marks
[1.702s][info][gc,marking  ] GC(29) Concurrent Clear Claimed Marks 0.016ms
[1.702s][info][gc,marking  ] GC(29) Concurrent Scan Root Regions
[1.703s][info][gc,marking  ] GC(29) Concurrent Scan Root Regions 0.980ms
[1.703s][info][gc,marking  ] GC(29) Concurrent Mark
[1.703s][info][gc,marking  ] GC(29) Concurrent Mark From Roots
[1.703s][info][gc,task     ] GC(29) Using 2 workers of 2 for marking
[1.743s][info][gc,start    ] GC(30) Pause Young (Normal) (G1 Evacuation Pause)
[1.744s][info][gc,task     ] GC(30) Using 4 workers of 8 for evacuation
[1.754s][info][gc,phases   ] GC(30)   Pre Evacuate Collection Set: 0.0ms
[1.754s][info][gc,phases   ] GC(30)   Merge Heap Roots: 0.1ms
[1.754s][info][gc,phases   ] GC(30)   Evacuate Collection Set: 10.0ms
[1.754s][info][gc,phases   ] GC(30)   Post Evacuate Collection Set: 0.2ms
[1.754s][info][gc,phases   ] GC(30)   Other: 0.1ms
[1.754s][info][gc,heap     ] GC(30) Eden regions: 7->0(7)
[1.754s][info][gc,heap     ] GC(30) Survivor regions: 2->2(2)
[1.754s][info][gc,heap     ] GC(30) Old regions: 137->144
[1.754s][info][gc,heap     ] GC(30) Archive regions: 2->2
[1.754s][info][gc,heap     ] GC(30) Humongous regions: 19->19
[1.754s][info][gc,metaspace] GC(30) Metaspace: 786K(1024K)->786K(1024K) NonClass: 718K(832K)->718K(832K) Class: 67K(192K)->67K(192K)
[1.754s][info][gc          ] GC(30) Pause Young (Normal) (G1 Evacuation Pause) 165M->165M(197M) 10.578ms
[1.754s][info][gc,cpu      ] GC(30) User=0.04s Sys=0.01s Real=0.01s
[1.763s][info][gc,marking  ] GC(29) Concurrent Mark From Roots 59.581ms
[1.763s][info][gc,marking  ] GC(29) Concurrent Preclean
[1.763s][info][gc,marking  ] GC(29) Concurrent Preclean 0.053ms
[1.763s][info][gc,start    ] GC(29) Pause Remark
[1.764s][info][gc          ] GC(29) Pause Remark 170M->156M(204M) 0.568ms
[1.764s][info][gc,cpu      ] GC(29) User=0.00s Sys=0.00s Real=0.00s
[1.764s][info][gc,marking  ] GC(29) Concurrent Mark 60.473ms
[1.764s][info][gc,marking  ] GC(29) Concurrent Rebuild Remembered Sets
[1.781s][info][gc,start    ] GC(31) Pause Young (Normal) (G1 Evacuation Pause)
[1.781s][info][gc,task     ] GC(31) Using 4 workers of 8 for evacuation
[1.791s][info][gc,phases   ] GC(31)   Pre Evacuate Collection Set: 0.1ms
[1.792s][info][gc,phases   ] GC(31)   Merge Heap Roots: 0.1ms
[1.792s][info][gc,phases   ] GC(31)   Evacuate Collection Set: 9.8ms
[1.792s][info][gc,phases   ] GC(31)   Post Evacuate Collection Set: 0.2ms
[1.792s][info][gc,phases   ] GC(31)   Other: 0.1ms
[1.792s][info][gc,heap     ] GC(31) Eden regions: 7->0(8)
[1.792s][info][gc,heap     ] GC(31) Survivor regions: 2->2(2)
[1.792s][info][gc,heap     ] GC(31) Old regions: 143->148
[1.792s][info][gc,heap     ] GC(31) Archive regions: 2->2
[1.792s][info][gc,heap     ] GC(31) Humongous regions: 9->9
[1.792s][info][gc,metaspace] GC(31) Metaspace: 786K(1024K)->786K(1024K) NonClass: 718K(832K)->718K(832K) Class: 67K(192K)->67K(192K)
[1.792s][info][gc          ] GC(31) Pause Young (Normal) (G1 Evacuation Pause) 161M->159M(204M) 10.527ms
[1.792s][info][gc,cpu      ] GC(31) User=0.03s Sys=0.01s Real=0.01s
[1.817s][info][gc,marking  ] GC(29) Concurrent Rebuild Remembered Sets 53.357ms
[1.817s][info][gc,start    ] GC(29) Pause Cleanup
[1.817s][info][gc          ] GC(29) Pause Cleanup 164M->164M(204M) 0.132ms
[1.817s][info][gc,cpu      ] GC(29) User=0.00s Sys=0.00s Real=0.00s
[1.818s][info][gc,marking  ] GC(29) Concurrent Cleanup for Next Mark
[1.818s][info][gc,marking  ] GC(29) Concurrent Cleanup for Next Mark 0.735ms
[1.818s][info][gc          ] GC(29) Concurrent Mark Cycle 116.136ms
[1.831s][info][gc,start    ] GC(32) Pause Young (Prepare Mixed) (G1 Evacuation Pause)
[1.831s][info][gc,task     ] GC(32) Using 4 workers of 8 for evacuation
[1.843s][info][gc,phases   ] GC(32)   Pre Evacuate Collection Set: 0.1ms
[1.843s][info][gc,phases   ] GC(32)   Merge Heap Roots: 0.3ms
[1.844s][info][gc,phases   ] GC(32)   Evacuate Collection Set: 11.9ms
[1.844s][info][gc,phases   ] GC(32)   Post Evacuate Collection Set: 0.2ms
[1.844s][info][gc,phases   ] GC(32)   Other: 0.3ms
[1.844s][info][gc,heap     ] GC(32) Eden regions: 8->0(8)
[1.844s][info][gc,heap     ] GC(32) Survivor regions: 2->2(2)
[1.844s][info][gc,heap     ] GC(32) Old regions: 148->156
[1.844s][info][gc,heap     ] GC(32) Archive regions: 2->2
[1.844s][info][gc,heap     ] GC(32) Humongous regions: 9->9
[1.844s][info][gc,metaspace] GC(32) Metaspace: 786K(1024K)->786K(1024K) NonClass: 718K(832K)->718K(832K) Class: 67K(192K)->67K(192K)
[1.844s][info][gc          ] GC(32) Pause Young (Prepare Mixed) (G1 Evacuation Pause) 167M->167M(204M) 12.917ms
[1.844s][info][gc,cpu      ] GC(32) User=0.04s Sys=0.01s Real=0.01s
[1.869s][info][gc,start    ] GC(33) Pause Young (Mixed) (G1 Evacuation Pause)
[1.869s][info][gc,task     ] GC(33) Using 4 workers of 8 for evacuation
[1.887s][info][gc,phases   ] GC(33)   Pre Evacuate Collection Set: 0.1ms
[1.887s][info][gc,phases   ] GC(33)   Merge Heap Roots: 0.2ms
[1.888s][info][gc,phases   ] GC(33)   Evacuate Collection Set: 18.1ms
[1.888s][info][gc,phases   ] GC(33)   Post Evacuate Collection Set: 0.2ms
[1.888s][info][gc,phases   ] GC(33)   Other: 0.1ms
[1.888s][info][gc,heap     ] GC(33) Eden regions: 8->0(8)
[1.888s][info][gc,heap     ] GC(33) Survivor regions: 2->2(2)
[1.888s][info][gc,heap     ] GC(33) Old regions: 156->144
[1.888s][info][gc,heap     ] GC(33) Archive regions: 2->2
[1.888s][info][gc,heap     ] GC(33) Humongous regions: 12->12
[1.888s][info][gc,metaspace] GC(33) Metaspace: 786K(1024K)->786K(1024K) NonClass: 718K(832K)->718K(832K) Class: 67K(192K)->67K(192K)
[1.888s][info][gc          ] GC(33) Pause Young (Mixed) (G1 Evacuation Pause) 178M->158M(204M) 18.786ms
[1.888s][info][gc,cpu      ] GC(33) User=0.07s Sys=0.00s Real=0.02s
[1.915s][info][gc,start    ] GC(34) Pause Young (Mixed) (G1 Evacuation Pause)
[1.915s][info][gc,task     ] GC(34) Using 4 workers of 8 for evacuation
[1.936s][info][gc,phases   ] GC(34)   Pre Evacuate Collection Set: 0.0ms
[1.936s][info][gc,phases   ] GC(34)   Merge Heap Roots: 0.4ms
[1.936s][info][gc,phases   ] GC(34)   Evacuate Collection Set: 19.8ms
[1.936s][info][gc,phases   ] GC(34)   Post Evacuate Collection Set: 0.2ms
[1.936s][info][gc,phases   ] GC(34)   Other: 0.1ms
[1.936s][info][gc,heap     ] GC(34) Eden regions: 8->0(8)
[1.936s][info][gc,heap     ] GC(34) Survivor regions: 2->2(2)
[1.936s][info][gc,heap     ] GC(34) Old regions: 144->138
[1.936s][info][gc,heap     ] GC(34) Archive regions: 2->2
[1.936s][info][gc,heap     ] GC(34) Humongous regions: 12->12
[1.936s][info][gc,metaspace] GC(34) Metaspace: 786K(1024K)->786K(1024K) NonClass: 718K(832K)->718K(832K) Class: 67K(192K)->67K(192K)
[1.936s][info][gc          ] GC(34) Pause Young (Mixed) (G1 Evacuation Pause) 166M->152M(204M) 20.733ms
[1.936s][info][gc,cpu      ] GC(34) User=0.09s Sys=0.00s Real=0.02s
[1.964s][info][gc,start    ] GC(35) Pause Young (Mixed) (G1 Evacuation Pause)
[1.964s][info][gc,task     ] GC(35) Using 4 workers of 8 for evacuation
[1.984s][info][gc,phases   ] GC(35)   Pre Evacuate Collection Set: 0.1ms
[1.984s][info][gc,phases   ] GC(35)   Merge Heap Roots: 0.3ms
[1.984s][info][gc,phases   ] GC(35)   Evacuate Collection Set: 19.3ms
[1.984s][info][gc,phases   ] GC(35)   Post Evacuate Collection Set: 0.2ms
[1.984s][info][gc,phases   ] GC(35)   Other: 0.3ms
[1.984s][info][gc,heap     ] GC(35) Eden regions: 8->0(8)
[1.984s][info][gc,heap     ] GC(35) Survivor regions: 2->2(2)
[1.984s][info][gc,heap     ] GC(35) Old regions: 138->143
[1.985s][info][gc,heap     ] GC(35) Archive regions: 2->2
[1.985s][info][gc,heap     ] GC(35) Humongous regions: 15->15
[1.985s][info][gc,metaspace] GC(35) Metaspace: 786K(1024K)->786K(1024K) NonClass: 718K(832K)->718K(832K) Class: 67K(192K)->67K(192K)
[1.985s][info][gc          ] GC(35) Pause Young (Mixed) (G1 Evacuation Pause) 163M->160M(204M) 20.277ms
[1.985s][info][gc,cpu      ] GC(35) User=0.08s Sys=0.00s Real=0.02s
[2.003s][info][gc,start    ] GC(36) Pause Young (Concurrent Start) (G1 Evacuation Pause)
[2.003s][info][gc,task     ] GC(36) Using 4 workers of 8 for evacuation
[2.016s][info][gc,phases   ] GC(36)   Pre Evacuate Collection Set: 0.0ms
[2.016s][info][gc,phases   ] GC(36)   Merge Heap Roots: 0.1ms
[2.016s][info][gc,phases   ] GC(36)   Evacuate Collection Set: 12.2ms
[2.016s][info][gc,phases   ] GC(36)   Post Evacuate Collection Set: 0.2ms
[2.016s][info][gc,phases   ] GC(36)   Other: 0.1ms
[2.016s][info][gc,heap     ] GC(36) Eden regions: 8->0(8)
[2.016s][info][gc,heap     ] GC(36) Survivor regions: 2->2(2)
[2.016s][info][gc,heap     ] GC(36) Old regions: 143->149
[2.016s][info][gc,heap     ] GC(36) Archive regions: 2->2
[2.016s][info][gc,heap     ] GC(36) Humongous regions: 15->15
[2.016s][info][gc,metaspace] GC(36) Metaspace: 786K(1024K)->786K(1024K) NonClass: 718K(832K)->718K(832K) Class: 67K(192K)->67K(192K)
[2.016s][info][gc          ] GC(36) Pause Young (Concurrent Start) (G1 Evacuation Pause) 168M->166M(204M) 12.751ms
[2.016s][info][gc,cpu      ] GC(36) User=0.05s Sys=0.01s Real=0.02s
[2.016s][info][gc          ] GC(37) Concurrent Mark Cycle
[2.016s][info][gc,marking  ] GC(37) Concurrent Clear Claimed Marks
[2.016s][info][gc,marking  ] GC(37) Concurrent Clear Claimed Marks 0.011ms
[2.016s][info][gc,marking  ] GC(37) Concurrent Scan Root Regions
[2.023s][info][gc,marking  ] GC(37) Concurrent Scan Root Regions 6.877ms
[2.023s][info][gc,marking  ] GC(37) Concurrent Mark
[2.023s][info][gc,marking  ] GC(37) Concurrent Mark From Roots
[2.023s][info][gc,task     ] GC(37) Using 2 workers of 2 for marking
[2.053s][info][gc,start    ] GC(38) Pause Young (Normal) (G1 Evacuation Pause)
[2.053s][info][gc,task     ] GC(38) Using 4 workers of 8 for evacuation
[2.063s][info][gc,phases   ] GC(38)   Pre Evacuate Collection Set: 0.1ms
[2.063s][info][gc,phases   ] GC(38)   Merge Heap Roots: 0.1ms
[2.063s][info][gc,phases   ] GC(38)   Evacuate Collection Set: 9.0ms
[2.063s][info][gc,phases   ] GC(38)   Post Evacuate Collection Set: 0.2ms
[2.063s][info][gc,phases   ] GC(38)   Other: 0.1ms
[2.063s][info][gc,heap     ] GC(38) Eden regions: 8->0(8)
[2.063s][info][gc,heap     ] GC(38) Survivor regions: 2->2(2)
[2.063s][info][gc,heap     ] GC(38) Old regions: 149->158
[2.063s][info][gc,heap     ] GC(38) Archive regions: 2->2
[2.063s][info][gc,heap     ] GC(38) Humongous regions: 18->18
[2.063s][info][gc,metaspace] GC(38) Metaspace: 786K(1024K)->786K(1024K) NonClass: 718K(832K)->718K(832K) Class: 67K(192K)->67K(192K)
[2.063s][info][gc          ] GC(38) Pause Young (Normal) (G1 Evacuation Pause) 177M->178M(204M) 9.640ms
[2.063s][info][gc,cpu      ] GC(38) User=0.04s Sys=0.00s Real=0.01s
[2.084s][info][gc,start    ] GC(39) Pause Young (Normal) (G1 Evacuation Pause)
[2.084s][info][gc,task     ] GC(39) Using 4 workers of 8 for evacuation
[2.094s][info][gc,phases   ] GC(39)   Pre Evacuate Collection Set: 0.0ms
[2.094s][info][gc,phases   ] GC(39)   Merge Heap Roots: 0.1ms
[2.094s][info][gc,phases   ] GC(39)   Evacuate Collection Set: 9.0ms
[2.094s][info][gc,phases   ] GC(39)   Post Evacuate Collection Set: 0.2ms
[2.094s][info][gc,phases   ] GC(39)   Other: 0.1ms
[2.094s][info][gc,heap     ] GC(39) Eden regions: 8->0(8)
[2.094s][info][gc,heap     ] GC(39) Survivor regions: 2->2(2)
[2.094s][info][gc,heap     ] GC(39) Old regions: 158->164
[2.094s][info][gc,heap     ] GC(39) Archive regions: 2->2
[2.094s][info][gc,heap     ] GC(39) Humongous regions: 21->21
[2.094s][info][gc,metaspace] GC(39) Metaspace: 786K(1024K)->786K(1024K) NonClass: 718K(832K)->718K(832K) Class: 67K(192K)->67K(192K)
[2.094s][info][gc          ] GC(39) Pause Young (Normal) (G1 Evacuation Pause) 189M->187M(204M) 9.562ms
[2.094s][info][gc,cpu      ] GC(39) User=0.03s Sys=0.00s Real=0.01s
[2.100s][info][gc,marking  ] GC(37) Concurrent Mark From Roots 76.892ms
[2.100s][info][gc,marking  ] GC(37) Concurrent Preclean
[2.100s][info][gc,marking  ] GC(37) Concurrent Preclean 0.034ms
[2.100s][info][gc,start    ] GC(37) Pause Remark
[2.101s][info][gc          ] GC(37) Pause Remark 188M->175M(204M) 0.458ms
[2.101s][info][gc,cpu      ] GC(37) User=0.00s Sys=0.00s Real=0.00s
[2.101s][info][gc,marking  ] GC(37) Concurrent Mark 77.739ms
[2.101s][info][gc,marking  ] GC(37) Concurrent Rebuild Remembered Sets
[2.126s][info][gc,start    ] GC(40) Pause Young (Normal) (G1 Evacuation Pause)
[2.126s][info][gc,task     ] GC(40) Using 4 workers of 8 for evacuation
[2.137s][info][gc,phases   ] GC(40)   Pre Evacuate Collection Set: 0.0ms
[2.137s][info][gc,phases   ] GC(40)   Merge Heap Roots: 0.1ms
[2.137s][info][gc,phases   ] GC(40)   Evacuate Collection Set: 10.5ms
[2.137s][info][gc,phases   ] GC(40)   Post Evacuate Collection Set: 0.2ms
[2.137s][info][gc,phases   ] GC(40)   Other: 0.1ms
[2.137s][info][gc,heap     ] GC(40) Eden regions: 8->0(8)
[2.137s][info][gc,heap     ] GC(40) Survivor regions: 2->2(2)
[2.137s][info][gc,heap     ] GC(40) Old regions: 163->171
[2.137s][info][gc,heap     ] GC(40) Archive regions: 2->2
[2.137s][info][gc,heap     ] GC(40) Humongous regions: 9->9
[2.137s][info][gc,metaspace] GC(40) Metaspace: 786K(1024K)->786K(1024K) NonClass: 718K(832K)->718K(832K) Class: 67K(192K)->67K(192K)
[2.137s][info][gc          ] GC(40) Pause Young (Normal) (G1 Evacuation Pause) 182M->182M(204M) 11.186ms
[2.137s][info][gc,cpu      ] GC(40) User=0.04s Sys=0.00s Real=0.01s
[2.162s][info][gc,start    ] GC(41) Pause Young (Normal) (G1 Preventive Collection)
[2.162s][info][gc,task     ] GC(41) Using 4 workers of 8 for evacuation
[2.185s][info][gc,phases   ] GC(41)   Pre Evacuate Collection Set: 0.8ms
[2.185s][info][gc,phases   ] GC(41)   Merge Heap Roots: 0.2ms
[2.185s][info][gc,phases   ] GC(41)   Evacuate Collection Set: 20.9ms
[2.185s][info][gc,phases   ] GC(41)   Post Evacuate Collection Set: 0.2ms
[2.185s][info][gc,phases   ] GC(41)   Other: 0.1ms
[2.185s][info][gc,heap     ] GC(41) Eden regions: 7->0(8)
[2.185s][info][gc,heap     ] GC(41) Survivor regions: 2->2(2)
[2.185s][info][gc,heap     ] GC(41) Old regions: 171->177
[2.185s][info][gc,heap     ] GC(41) Archive regions: 2->2
[2.185s][info][gc,heap     ] GC(41) Humongous regions: 12->12
[2.185s][info][gc,metaspace] GC(41) Metaspace: 786K(1024K)->786K(1024K) NonClass: 718K(832K)->718K(832K) Class: 67K(192K)->67K(192K)
[2.185s][info][gc          ] GC(41) Pause Young (Normal) (G1 Preventive Collection) 192M->191M(204M) 22.473ms
[2.185s][info][gc,cpu      ] GC(41) User=0.05s Sys=0.00s Real=0.03s
[2.200s][info][gc,marking  ] GC(37) Concurrent Rebuild Remembered Sets 98.956ms
[2.200s][info][gc,start    ] GC(37) Pause Cleanup
[2.200s][info][gc          ] GC(37) Pause Cleanup 193M->193M(204M) 0.267ms
[2.201s][info][gc,cpu      ] GC(37) User=0.00s Sys=0.00s Real=0.00s
[2.201s][info][gc,marking  ] GC(37) Concurrent Cleanup for Next Mark
[2.201s][info][gc,marking  ] GC(37) Concurrent Cleanup for Next Mark 0.427ms
[2.201s][info][gc          ] GC(37) Concurrent Mark Cycle 184.824ms
[2.213s][info][gc,start    ] GC(42) Pause Young (Prepare Mixed) (G1 Preventive Collection)
[2.213s][info][gc,task     ] GC(42) Using 4 workers of 8 for evacuation
[2.224s][info][gc,phases   ] GC(42)   Pre Evacuate Collection Set: 0.1ms
[2.224s][info][gc,phases   ] GC(42)   Merge Heap Roots: 0.2ms
[2.224s][info][gc,phases   ] GC(42)   Evacuate Collection Set: 10.8ms
[2.224s][info][gc,phases   ] GC(42)   Post Evacuate Collection Set: 0.3ms
[2.224s][info][gc,phases   ] GC(42)   Other: 0.4ms
[2.224s][info][gc,heap     ] GC(42) Eden regions: 4->0(8)
[2.224s][info][gc,heap     ] GC(42) Survivor regions: 2->2(2)
[2.224s][info][gc,heap     ] GC(42) Old regions: 177->181
[2.224s][info][gc,heap     ] GC(42) Archive regions: 2->2
[2.224s][info][gc,heap     ] GC(42) Humongous regions: 12->12
[2.224s][info][gc,metaspace] GC(42) Metaspace: 786K(1024K)->786K(1024K) NonClass: 718K(832K)->718K(832K) Class: 67K(192K)->67K(192K)
[2.225s][info][gc          ] GC(42) Pause Young (Prepare Mixed) (G1 Preventive Collection) 195M->195M(204M) 11.950ms
[2.225s][info][gc,cpu      ] GC(42) User=0.04s Sys=0.00s Real=0.01s
[2.233s][info][gc,start    ] GC(43) Pause Young (Mixed) (G1 Preventive Collection)
[2.233s][info][gc,task     ] GC(43) Using 4 workers of 8 for evacuation
[2.258s][info][gc          ] GC(43) To-space exhausted
[2.258s][info][gc,phases   ] GC(43)   Pre Evacuate Collection Set: 0.0ms
[2.258s][info][gc,phases   ] GC(43)   Merge Heap Roots: 0.3ms
[2.258s][info][gc,phases   ] GC(43)   Evacuate Collection Set: 23.2ms
[2.258s][info][gc,phases   ] GC(43)   Post Evacuate Collection Set: 1.3ms
[2.258s][info][gc,phases   ] GC(43)   Other: 0.3ms
[2.258s][info][gc,heap     ] GC(43) Eden regions: 1->0(9)
[2.258s][info][gc,heap     ] GC(43) Survivor regions: 2->1(2)
[2.258s][info][gc,heap     ] GC(43) Old regions: 181->179
[2.258s][info][gc,heap     ] GC(43) Archive regions: 2->2
[2.258s][info][gc,heap     ] GC(43) Humongous regions: 12->12
[2.258s][info][gc,metaspace] GC(43) Metaspace: 786K(1024K)->786K(1024K) NonClass: 718K(832K)->718K(832K) Class: 67K(192K)->67K(192K)
[2.258s][info][gc          ] GC(43) Pause Young (Mixed) (G1 Preventive Collection) 196M->192M(204M) 25.220ms
[2.258s][info][gc,cpu      ] GC(43) User=0.10s Sys=0.00s Real=0.03s
[2.268s][info][gc,start    ] GC(44) Pause Young (Mixed) (G1 Preventive Collection)
[2.268s][info][gc,task     ] GC(44) Using 4 workers of 8 for evacuation
[2.299s][info][gc          ] GC(44) To-space exhausted
[2.299s][info][gc,phases   ] GC(44)   Pre Evacuate Collection Set: 0.0ms
[2.299s][info][gc,phases   ] GC(44)   Merge Heap Roots: 0.5ms
[2.299s][info][gc,phases   ] GC(44)   Evacuate Collection Set: 26.6ms
[2.299s][info][gc,phases   ] GC(44)   Post Evacuate Collection Set: 3.6ms
[2.299s][info][gc,phases   ] GC(44)   Other: 0.2ms
[2.299s][info][gc,heap     ] GC(44) Eden regions: 2->0(8)
[2.299s][info][gc,heap     ] GC(44) Survivor regions: 1->2(2)
[2.299s][info][gc,heap     ] GC(44) Old regions: 179->187
[2.299s][info][gc,heap     ] GC(44) Archive regions: 2->2
[2.299s][info][gc,heap     ] GC(44) Humongous regions: 12->12
[2.299s][info][gc,metaspace] GC(44) Metaspace: 786K(1024K)->786K(1024K) NonClass: 718K(832K)->718K(832K) Class: 67K(192K)->67K(192K)
[2.299s][info][gc          ] GC(44) Pause Young (Mixed) (G1 Preventive Collection) 194M->201M(204M) 31.005ms
[2.299s][info][gc,cpu      ] GC(44) User=0.11s Sys=0.00s Real=0.03s
[2.303s][info][gc,start    ] GC(45) Pause Young (Mixed) (G1 Evacuation Pause)
[2.303s][info][gc,task     ] GC(45) Using 4 workers of 8 for evacuation
[2.316s][info][gc          ] GC(45) To-space exhausted
[2.316s][info][gc,phases   ] GC(45)   Pre Evacuate Collection Set: 0.1ms
[2.316s][info][gc,phases   ] GC(45)   Merge Heap Roots: 0.2ms
[2.316s][info][gc,phases   ] GC(45)   Evacuate Collection Set: 10.3ms
[2.316s][info][gc,phases   ] GC(45)   Post Evacuate Collection Set: 2.3ms
[2.316s][info][gc,phases   ] GC(45)   Other: 0.2ms
[2.316s][info][gc,heap     ] GC(45) Eden regions: 1->0(10)
[2.316s][info][gc,heap     ] GC(45) Survivor regions: 2->0(0)
[2.316s][info][gc,heap     ] GC(45) Old regions: 187->190
[2.316s][info][gc,heap     ] GC(45) Archive regions: 2->2
[2.316s][info][gc,heap     ] GC(45) Humongous regions: 12->12
[2.316s][info][gc,metaspace] GC(45) Metaspace: 786K(1024K)->786K(1024K) NonClass: 718K(832K)->718K(832K) Class: 67K(192K)->67K(192K)
[2.317s][info][gc          ] GC(45) Pause Young (Mixed) (G1 Evacuation Pause) 202M->202M(204M) 13.290ms
[2.317s][info][gc,cpu      ] GC(45) User=0.05s Sys=0.00s Real=0.02s
[2.317s][info][gc,ergo     ] Attempting full compaction
[2.317s][info][gc,task     ] GC(46) Using 4 workers of 8 for full compaction
[2.317s][info][gc,start    ] GC(46) Pause Full (G1 Compaction Pause)
[2.317s][info][gc,phases,start] GC(46) Phase 1: Mark live objects
[2.354s][info][gc,phases      ] GC(46) Phase 1: Mark live objects 37.140ms
[2.354s][info][gc,phases,start] GC(46) Phase 2: Prepare for compaction
[2.363s][info][gc,phases      ] GC(46) Phase 2: Prepare for compaction 8.749ms
[2.363s][info][gc,phases,start] GC(46) Phase 3: Adjust pointers
[2.375s][info][gc,phases      ] GC(46) Phase 3: Adjust pointers 12.793ms
[2.376s][info][gc,phases,start] GC(46) Phase 4: Compact heap
[2.381s][info][gc,phases      ] GC(46) Phase 4: Compact heap 5.177ms
[2.381s][info][gc,heap        ] GC(46) Eden regions: 0->0(18)
[2.381s][info][gc,heap        ] GC(46) Survivor regions: 0->0(0)
[2.381s][info][gc,heap        ] GC(46) Old regions: 190->119
[2.381s][info][gc,heap        ] GC(46) Archive regions: 2->2
[2.381s][info][gc,heap        ] GC(46) Humongous regions: 12->3
[2.381s][info][gc,metaspace   ] GC(46) Metaspace: 786K(1024K)->786K(1024K) NonClass: 718K(832K)->718K(832K) Class: 67K(192K)->67K(192K)
[2.381s][info][gc             ] GC(46) Pause Full (G1 Compaction Pause) 202M->120M(204M) 64.658ms
[2.382s][info][gc,cpu         ] GC(46) User=0.24s Sys=0.00s Real=0.06s
[2.445s][info][gc,start       ] GC(47) Pause Young (Normal) (G1 Evacuation Pause)
[2.445s][info][gc,task        ] GC(47) Using 4 workers of 8 for evacuation
[2.461s][info][gc,phases      ] GC(47)   Pre Evacuate Collection Set: 0.0ms
[2.461s][info][gc,phases      ] GC(47)   Merge Heap Roots: 0.1ms
[2.461s][info][gc,phases      ] GC(47)   Evacuate Collection Set: 15.4ms
[2.461s][info][gc,phases      ] GC(47)   Post Evacuate Collection Set: 0.3ms
[2.461s][info][gc,phases      ] GC(47)   Other: 0.1ms
[2.461s][info][gc,heap        ] GC(47) Eden regions: 18->0(12)
[2.461s][info][gc,heap        ] GC(47) Survivor regions: 0->3(3)
[2.461s][info][gc,heap        ] GC(47) Old regions: 119->131
[2.461s][info][gc,heap        ] GC(47) Archive regions: 2->2
[2.461s][info][gc,heap        ] GC(47) Humongous regions: 6->6
[2.461s][info][gc,metaspace   ] GC(47) Metaspace: 786K(1024K)->786K(1024K) NonClass: 718K(832K)->718K(832K) Class: 67K(192K)->67K(192K)
[2.461s][info][gc             ] GC(47) Pause Young (Normal) (G1 Evacuation Pause) 141M->138M(204M) 16.147ms
[2.461s][info][gc,cpu         ] GC(47) User=0.05s Sys=0.00s Real=0.01s
[2.466s][info][gc,start       ] GC(48) Pause Young (Concurrent Start) (G1 Humongous Allocation)
[2.466s][info][gc,task        ] GC(48) Using 4 workers of 8 for evacuation
[2.471s][info][gc,phases      ] GC(48)   Pre Evacuate Collection Set: 0.0ms
[2.472s][info][gc,phases      ] GC(48)   Merge Heap Roots: 0.1ms
[2.472s][info][gc,phases      ] GC(48)   Evacuate Collection Set: 4.8ms
[2.472s][info][gc,phases      ] GC(48)   Post Evacuate Collection Set: 0.1ms
[2.472s][info][gc,phases      ] GC(48)   Other: 0.1ms
[2.472s][info][gc,heap        ] GC(48) Eden regions: 3->0(12)
[2.472s][info][gc,heap        ] GC(48) Survivor regions: 3->2(2)
[2.472s][info][gc,heap        ] GC(48) Old regions: 131->135
[2.472s][info][gc,heap        ] GC(48) Archive regions: 2->2
[2.472s][info][gc,heap        ] GC(48) Humongous regions: 6->6
[2.472s][info][gc,metaspace   ] GC(48) Metaspace: 786K(1024K)->786K(1024K) NonClass: 718K(832K)->718K(832K) Class: 67K(192K)->67K(192K)
[2.472s][info][gc             ] GC(48) Pause Young (Concurrent Start) (G1 Humongous Allocation) 140M->141M(204M) 5.474ms
[2.472s][info][gc,cpu         ] GC(48) User=0.02s Sys=0.00s Real=0.00s
[2.472s][info][gc             ] GC(49) Concurrent Mark Cycle
[2.472s][info][gc,marking     ] GC(49) Concurrent Clear Claimed Marks
[2.472s][info][gc,marking     ] GC(49) Concurrent Clear Claimed Marks 0.011ms
[2.472s][info][gc,marking     ] GC(49) Concurrent Scan Root Regions
[2.474s][info][gc,marking     ] GC(49) Concurrent Scan Root Regions 1.870ms
[2.474s][info][gc,marking     ] GC(49) Concurrent Mark
[2.474s][info][gc,marking     ] GC(49) Concurrent Mark From Roots
[2.474s][info][gc,task        ] GC(49) Using 2 workers of 2 for marking
[2.529s][info][gc,start       ] GC(50) Pause Young (Normal) (G1 Evacuation Pause)
[2.529s][info][gc,task        ] GC(50) Using 4 workers of 8 for evacuation
[2.542s][info][gc,phases      ] GC(50)   Pre Evacuate Collection Set: 0.0ms
[2.542s][info][gc,phases      ] GC(50)   Merge Heap Roots: 0.1ms
[2.542s][info][gc,phases      ] GC(50)   Evacuate Collection Set: 12.8ms
[2.542s][info][gc,phases      ] GC(50)   Post Evacuate Collection Set: 0.2ms
[2.542s][info][gc,phases      ] GC(50)   Other: 0.2ms
[2.542s][info][gc,heap        ] GC(50) Eden regions: 12->0(8)
[2.542s][info][gc,heap        ] GC(50) Survivor regions: 2->2(2)
[2.542s][info][gc,heap        ] GC(50) Old regions: 135->146
[2.542s][info][gc,heap        ] GC(50) Archive regions: 2->2
[2.542s][info][gc,heap        ] GC(50) Humongous regions: 9->9
[2.542s][info][gc,metaspace   ] GC(50) Metaspace: 786K(1024K)->786K(1024K) NonClass: 718K(832K)->718K(832K) Class: 67K(192K)->67K(192K)
[2.542s][info][gc             ] GC(50) Pause Young (Normal) (G1 Evacuation Pause) 156M->155M(204M) 13.462ms
[2.542s][info][gc,cpu         ] GC(50) User=0.05s Sys=0.00s Real=0.01s
[2.554s][info][gc,marking     ] GC(49) Concurrent Mark From Roots 80.144ms
[2.554s][info][gc,marking     ] GC(49) Concurrent Preclean
[2.554s][info][gc,marking     ] GC(49) Concurrent Preclean 0.034ms
[2.554s][info][gc,start       ] GC(49) Pause Remark
[2.554s][info][gc             ] GC(49) Pause Remark 162M->159M(204M) 0.404ms
[2.555s][info][gc,cpu         ] GC(49) User=0.00s Sys=0.00s Real=0.00s
[2.555s][info][gc,marking     ] GC(49) Concurrent Mark 80.888ms
[2.555s][info][gc,marking     ] GC(49) Concurrent Rebuild Remembered Sets
[2.569s][info][gc,start       ] GC(51) Pause Young (Normal) (G1 Evacuation Pause)
[2.569s][info][gc,task        ] GC(51) Using 4 workers of 8 for evacuation
[2.578s][info][gc,phases      ] GC(51)   Pre Evacuate Collection Set: 0.0ms
[2.579s][info][gc,phases      ] GC(51)   Merge Heap Roots: 0.1ms
[2.579s][info][gc,phases      ] GC(51)   Evacuate Collection Set: 8.7ms
[2.579s][info][gc,phases      ] GC(51)   Post Evacuate Collection Set: 0.2ms
[2.579s][info][gc,phases      ] GC(51)   Other: 0.2ms
[2.579s][info][gc,heap        ] GC(51) Eden regions: 8->0(8)
[2.579s][info][gc,heap        ] GC(51) Survivor regions: 2->2(2)
[2.579s][info][gc,heap        ] GC(51) Old regions: 146->153
[2.579s][info][gc,heap        ] GC(51) Archive regions: 2->2
[2.579s][info][gc,heap        ] GC(51) Humongous regions: 9->9
[2.579s][info][gc,metaspace   ] GC(51) Metaspace: 786K(1024K)->786K(1024K) NonClass: 718K(832K)->718K(832K) Class: 67K(192K)->67K(192K)
[2.579s][info][gc             ] GC(51) Pause Young (Normal) (G1 Evacuation Pause) 163M->162M(204M) 9.335ms
[2.579s][info][gc,cpu         ] GC(51) User=0.03s Sys=0.00s Real=0.01s
[2.611s][info][gc,start       ] GC(52) Pause Young (Normal) (G1 Evacuation Pause)
[2.611s][info][gc,task        ] GC(52) Using 4 workers of 8 for evacuation
[2.635s][info][gc,phases      ] GC(52)   Pre Evacuate Collection Set: 0.0ms
[2.635s][info][gc,phases      ] GC(52)   Merge Heap Roots: 0.2ms
[2.635s][info][gc,phases      ] GC(52)   Evacuate Collection Set: 22.7ms
[2.635s][info][gc,phases      ] GC(52)   Post Evacuate Collection Set: 0.2ms
[2.635s][info][gc,phases      ] GC(52)   Other: 0.2ms
[2.635s][info][gc,heap        ] GC(52) Eden regions: 8->0(8)
[2.635s][info][gc,heap        ] GC(52) Survivor regions: 2->2(2)
[2.635s][info][gc,heap        ] GC(52) Old regions: 153->161
[2.635s][info][gc,heap        ] GC(52) Archive regions: 2->2
[2.635s][info][gc,heap        ] GC(52) Humongous regions: 9->9
[2.635s][info][gc,metaspace   ] GC(52) Metaspace: 786K(1024K)->786K(1024K) NonClass: 718K(832K)->718K(832K) Class: 67K(192K)->67K(192K)
[2.635s][info][gc             ] GC(52) Pause Young (Normal) (G1 Evacuation Pause) 170M->170M(204M) 23.383ms
[2.635s][info][gc,cpu         ] GC(52) User=0.08s Sys=0.00s Real=0.03s
[2.639s][info][gc,marking     ] GC(49) Concurrent Rebuild Remembered Sets 84.591ms
[2.639s][info][gc,start       ] GC(49) Pause Cleanup
[2.639s][info][gc             ] GC(49) Pause Cleanup 172M->172M(204M) 0.094ms
[2.639s][info][gc,cpu         ] GC(49) User=0.00s Sys=0.00s Real=0.00s
[2.640s][info][gc,marking     ] GC(49) Concurrent Cleanup for Next Mark
[2.640s][info][gc,marking     ] GC(49) Concurrent Cleanup for Next Mark 0.226ms
[2.640s][info][gc             ] GC(49) Concurrent Mark Cycle 168.014ms
[2.660s][info][gc,start       ] GC(53) Pause Young (Prepare Mixed) (G1 Evacuation Pause)
[2.660s][info][gc,task        ] GC(53) Using 4 workers of 8 for evacuation
[2.683s][info][gc,phases      ] GC(53)   Pre Evacuate Collection Set: 0.0ms
[2.683s][info][gc,phases      ] GC(53)   Merge Heap Roots: 0.1ms
[2.683s][info][gc,phases      ] GC(53)   Evacuate Collection Set: 22.9ms
[2.683s][info][gc,phases      ] GC(53)   Post Evacuate Collection Set: 0.2ms
[2.683s][info][gc,phases      ] GC(53)   Other: 0.1ms
[2.683s][info][gc,heap        ] GC(53) Eden regions: 8->0(8)
[2.683s][info][gc,heap        ] GC(53) Survivor regions: 2->2(2)
[2.683s][info][gc,heap        ] GC(53) Old regions: 161->168
[2.683s][info][gc,heap        ] GC(53) Archive regions: 2->2
[2.683s][info][gc,heap        ] GC(53) Humongous regions: 12->12
[2.683s][info][gc,metaspace   ] GC(53) Metaspace: 786K(1024K)->786K(1024K) NonClass: 718K(832K)->718K(832K) Class: 67K(192K)->67K(192K)
[2.683s][info][gc             ] GC(53) Pause Young (Prepare Mixed) (G1 Evacuation Pause) 181M->180M(204M) 23.513ms
[2.683s][info][gc,cpu         ] GC(53) User=0.09s Sys=0.00s Real=0.02s
[2.716s][info][gc,start       ] GC(54) Pause Young (Mixed) (G1 Preventive Collection)
[2.716s][info][gc,task        ] GC(54) Using 4 workers of 8 for evacuation
[2.736s][info][gc,phases      ] GC(54)   Pre Evacuate Collection Set: 0.0ms
[2.736s][info][gc,phases      ] GC(54)   Merge Heap Roots: 0.1ms
[2.736s][info][gc,phases      ] GC(54)   Evacuate Collection Set: 19.8ms
[2.736s][info][gc,phases      ] GC(54)   Post Evacuate Collection Set: 0.3ms
[2.736s][info][gc,phases      ] GC(54)   Other: 0.2ms
[2.736s][info][gc,heap        ] GC(54) Eden regions: 8->0(8)
[2.736s][info][gc,heap        ] GC(54) Survivor regions: 2->2(2)
[2.736s][info][gc,heap        ] GC(54) Old regions: 168->175
[2.736s][info][gc,heap        ] GC(54) Archive regions: 2->2
[2.736s][info][gc,heap        ] GC(54) Humongous regions: 12->12
[2.736s][info][gc,metaspace   ] GC(54) Metaspace: 786K(1024K)->786K(1024K) NonClass: 718K(832K)->718K(832K) Class: 67K(192K)->67K(192K)
[2.736s][info][gc             ] GC(54) Pause Young (Mixed) (G1 Preventive Collection) 188M->188M(204M) 20.646ms
[2.736s][info][gc,cpu         ] GC(54) User=0.07s Sys=0.01s Real=0.02s
[2.748s][info][gc,start       ] GC(55) Pause Young (Concurrent Start) (G1 Humongous Allocation)
[2.748s][info][gc,task        ] GC(55) Using 4 workers of 8 for evacuation
[2.753s][info][gc,phases      ] GC(55)   Pre Evacuate Collection Set: 0.1ms
[2.753s][info][gc,phases      ] GC(55)   Merge Heap Roots: 0.1ms
[2.753s][info][gc,phases      ] GC(55)   Evacuate Collection Set: 4.8ms
[2.753s][info][gc,phases      ] GC(55)   Post Evacuate Collection Set: 0.2ms
[2.753s][info][gc,phases      ] GC(55)   Other: 0.3ms
[2.753s][info][gc,heap        ] GC(55) Eden regions: 4->0(8)
[2.753s][info][gc,heap        ] GC(55) Survivor regions: 2->2(2)
[2.753s][info][gc,heap        ] GC(55) Old regions: 175->178
[2.753s][info][gc,heap        ] GC(55) Archive regions: 2->2
[2.753s][info][gc,heap        ] GC(55) Humongous regions: 12->12
[2.753s][info][gc,metaspace   ] GC(55) Metaspace: 786K(1024K)->786K(1024K) NonClass: 718K(832K)->718K(832K) Class: 67K(192K)->67K(192K)
[2.753s][info][gc             ] GC(55) Pause Young (Concurrent Start) (G1 Humongous Allocation) 191M->191M(204M) 5.702ms
[2.753s][info][gc,cpu         ] GC(55) User=0.02s Sys=0.00s Real=0.00s
[2.753s][info][gc             ] GC(56) Concurrent Mark Cycle
[2.753s][info][gc,marking     ] GC(56) Concurrent Clear Claimed Marks
[2.753s][info][gc,marking     ] GC(56) Concurrent Clear Claimed Marks 0.017ms
[2.753s][info][gc,marking     ] GC(56) Concurrent Scan Root Regions
[2.756s][info][gc,marking     ] GC(56) Concurrent Scan Root Regions 2.985ms
[2.756s][info][gc,marking     ] GC(56) Concurrent Mark
[2.756s][info][gc,marking     ] GC(56) Concurrent Mark From Roots
[2.756s][info][gc,task        ] GC(56) Using 2 workers of 2 for marking
[2.766s][info][gc,start       ] GC(57) Pause Young (Normal) (G1 Preventive Collection)
[2.766s][info][gc,task        ] GC(57) Using 4 workers of 8 for evacuation
[2.771s][info][gc,phases      ] GC(57)   Pre Evacuate Collection Set: 0.0ms
[2.771s][info][gc,phases      ] GC(57)   Merge Heap Roots: 0.1ms
[2.771s][info][gc,phases      ] GC(57)   Evacuate Collection Set: 4.1ms
[2.771s][info][gc,phases      ] GC(57)   Post Evacuate Collection Set: 0.2ms
[2.771s][info][gc,phases      ] GC(57)   Other: 0.1ms
[2.771s][info][gc,heap        ] GC(57) Eden regions: 2->0(8)
[2.771s][info][gc,heap        ] GC(57) Survivor regions: 2->2(2)
[2.771s][info][gc,heap        ] GC(57) Old regions: 178->180
[2.771s][info][gc,heap        ] GC(57) Archive regions: 2->2
[2.771s][info][gc,heap        ] GC(57) Humongous regions: 15->15
[2.771s][info][gc,metaspace   ] GC(57) Metaspace: 786K(1024K)->786K(1024K) NonClass: 718K(832K)->718K(832K) Class: 67K(192K)->67K(192K)
[2.771s][info][gc             ] GC(57) Pause Young (Normal) (G1 Preventive Collection) 196M->196M(204M) 4.629ms
[2.771s][info][gc,cpu         ] GC(57) User=0.02s Sys=0.00s Real=0.00s
[2.776s][info][gc,start       ] GC(58) Pause Young (Normal) (G1 Preventive Collection)
[2.776s][info][gc,task        ] GC(58) Using 4 workers of 8 for evacuation
[2.779s][info][gc,phases      ] GC(58)   Pre Evacuate Collection Set: 0.0ms
[2.780s][info][gc,phases      ] GC(58)   Merge Heap Roots: 0.0ms
[2.780s][info][gc,phases      ] GC(58)   Evacuate Collection Set: 3.1ms
[2.780s][info][gc,phases      ] GC(58)   Post Evacuate Collection Set: 0.2ms
[2.780s][info][gc,phases      ] GC(58)   Other: 0.1ms
[2.780s][info][gc,heap        ] GC(58) Eden regions: 1->0(8)
[2.780s][info][gc,heap        ] GC(58) Survivor regions: 2->2(2)
[2.780s][info][gc,heap        ] GC(58) Old regions: 180->182
[2.780s][info][gc,heap        ] GC(58) Archive regions: 2->2
[2.780s][info][gc,heap        ] GC(58) Humongous regions: 15->15
[2.780s][info][gc,metaspace   ] GC(58) Metaspace: 786K(1024K)->786K(1024K) NonClass: 718K(832K)->718K(832K) Class: 67K(192K)->67K(192K)
[2.780s][info][gc             ] GC(58) Pause Young (Normal) (G1 Preventive Collection) 197M->197M(204M) 3.639ms
[2.780s][info][gc,cpu         ] GC(58) User=0.02s Sys=0.00s Real=0.00s
[2.785s][info][gc,start       ] GC(59) Pause Young (Normal) (G1 Preventive Collection)
[2.785s][info][gc,task        ] GC(59) Using 4 workers of 8 for evacuation
[2.788s][info][gc             ] GC(59) To-space exhausted
[2.789s][info][gc,phases      ] GC(59)   Pre Evacuate Collection Set: 0.0ms
[2.789s][info][gc,phases      ] GC(59)   Merge Heap Roots: 0.0ms
[2.789s][info][gc,phases      ] GC(59)   Evacuate Collection Set: 2.4ms
[2.789s][info][gc,phases      ] GC(59)   Post Evacuate Collection Set: 0.7ms
[2.789s][info][gc,phases      ] GC(59)   Other: 0.2ms
[2.789s][info][gc,heap        ] GC(59) Eden regions: 1->0(8)
[2.789s][info][gc,heap        ] GC(59) Survivor regions: 2->2(2)
[2.789s][info][gc,heap        ] GC(59) Old regions: 182->184
[2.789s][info][gc,heap        ] GC(59) Archive regions: 2->2
[2.789s][info][gc,heap        ] GC(59) Humongous regions: 15->15
[2.789s][info][gc,metaspace   ] GC(59) Metaspace: 786K(1024K)->786K(1024K) NonClass: 718K(832K)->718K(832K) Class: 67K(192K)->67K(192K)
[2.789s][info][gc             ] GC(59) Pause Young (Normal) (G1 Preventive Collection) 198M->200M(204M) 3.492ms
[2.789s][info][gc,cpu         ] GC(59) User=0.01s Sys=0.00s Real=0.00s
[2.794s][info][gc,start       ] GC(60) Pause Young (Normal) (G1 Evacuation Pause)
[2.794s][info][gc,task        ] GC(60) Using 4 workers of 8 for evacuation
[2.800s][info][gc             ] GC(60) To-space exhausted
[2.800s][info][gc,phases      ] GC(60)   Pre Evacuate Collection Set: 0.0ms
[2.800s][info][gc,phases      ] GC(60)   Merge Heap Roots: 0.1ms
[2.800s][info][gc,phases      ] GC(60)   Evacuate Collection Set: 4.3ms
[2.800s][info][gc,phases      ] GC(60)   Post Evacuate Collection Set: 2.0ms
[2.800s][info][gc,phases      ] GC(60)   Other: 0.2ms
[2.800s][info][gc,heap        ] GC(60) Eden regions: 1->0(10)
[2.800s][info][gc,heap        ] GC(60) Survivor regions: 2->0(0)
[2.800s][info][gc,heap        ] GC(60) Old regions: 184->187
[2.800s][info][gc,heap        ] GC(60) Archive regions: 2->2
[2.800s][info][gc,heap        ] GC(60) Humongous regions: 15->15
[2.801s][info][gc,metaspace   ] GC(60) Metaspace: 786K(1024K)->786K(1024K) NonClass: 718K(832K)->718K(832K) Class: 67K(192K)->67K(192K)
[2.801s][info][gc             ] GC(60) Pause Young (Normal) (G1 Evacuation Pause) 201M->201M(204M) 6.783ms
[2.801s][info][gc,cpu         ] GC(60) User=0.02s Sys=0.00s Real=0.01s
[2.801s][info][gc,ergo        ] Attempting full compaction
[2.801s][info][gc,task        ] GC(61) Using 4 workers of 8 for full compaction
[2.801s][info][gc,start       ] GC(61) Pause Full (G1 Compaction Pause)
[2.801s][info][gc,phases,start] GC(61) Phase 1: Mark live objects
[2.848s][info][gc,phases      ] GC(61) Phase 1: Mark live objects 47.285ms
[2.848s][info][gc,phases,start] GC(61) Phase 2: Prepare for compaction
[2.852s][info][gc,phases      ] GC(61) Phase 2: Prepare for compaction 3.541ms
[2.852s][info][gc,phases,start] GC(61) Phase 3: Adjust pointers
[2.866s][info][gc,phases      ] GC(61) Phase 3: Adjust pointers 14.280ms
[2.866s][info][gc,phases,start] GC(61) Phase 4: Compact heap
[2.869s][info][gc,phases      ] GC(61) Phase 4: Compact heap 3.051ms
[2.870s][info][gc,heap        ] GC(61) Eden regions: 0->0(10)
[2.870s][info][gc,heap        ] GC(61) Survivor regions: 0->0(0)
[2.870s][info][gc,heap        ] GC(61) Old regions: 187->145
[2.870s][info][gc,heap        ] GC(61) Archive regions: 2->2
[2.870s][info][gc,heap        ] GC(61) Humongous regions: 15->6
[2.870s][info][gc,metaspace   ] GC(61) Metaspace: 786K(1024K)->786K(1024K) NonClass: 718K(832K)->718K(832K) Class: 67K(192K)->67K(192K)
[2.870s][info][gc             ] GC(61) Pause Full (G1 Compaction Pause) 201M->149M(204M) 69.253ms
[2.870s][info][gc,cpu         ] GC(61) User=0.26s Sys=0.01s Real=0.07s
[2.870s][info][gc,marking     ] GC(56) Concurrent Mark From Roots 113.866ms
[2.870s][info][gc,marking     ] GC(56) Concurrent Mark Abort
[2.870s][info][gc             ] GC(56) Concurrent Mark Cycle 117.026ms
[2.904s][info][gc,start       ] GC(62) Pause Young (Normal) (G1 Evacuation Pause)
[2.904s][info][gc,task        ] GC(62) Using 4 workers of 8 for evacuation
[2.912s][info][gc,phases      ] GC(62)   Pre Evacuate Collection Set: 0.0ms
[2.912s][info][gc,phases      ] GC(62)   Merge Heap Roots: 0.1ms
[2.912s][info][gc,phases      ] GC(62)   Evacuate Collection Set: 7.3ms
[2.912s][info][gc,phases      ] GC(62)   Post Evacuate Collection Set: 0.2ms
[2.912s][info][gc,phases      ] GC(62)   Other: 0.1ms
[2.912s][info][gc,heap        ] GC(62) Eden regions: 10->0(8)
[2.912s][info][gc,heap        ] GC(62) Survivor regions: 0->2(2)
[2.912s][info][gc,heap        ] GC(62) Old regions: 145->152
[2.912s][info][gc,heap        ] GC(62) Archive regions: 2->2
[2.912s][info][gc,heap        ] GC(62) Humongous regions: 6->6
[2.912s][info][gc,metaspace   ] GC(62) Metaspace: 786K(1024K)->786K(1024K) NonClass: 718K(832K)->718K(832K) Class: 67K(192K)->67K(192K)
[2.912s][info][gc             ] GC(62) Pause Young (Normal) (G1 Evacuation Pause) 159M->157M(204M) 7.845ms
[2.912s][info][gc,cpu         ] GC(62) User=0.03s Sys=0.00s Real=0.01s
[2.915s][info][gc,start       ] GC(63) Pause Young (Concurrent Start) (G1 Humongous Allocation)
[2.915s][info][gc,task        ] GC(63) Using 4 workers of 8 for evacuation
[2.918s][info][gc,phases      ] GC(63)   Pre Evacuate Collection Set: 0.0ms
[2.918s][info][gc,phases      ] GC(63)   Merge Heap Roots: 0.1ms
[2.918s][info][gc,phases      ] GC(63)   Evacuate Collection Set: 2.5ms
[2.918s][info][gc,phases      ] GC(63)   Post Evacuate Collection Set: 0.2ms
[2.918s][info][gc,phases      ] GC(63)   Other: 0.1ms
[2.918s][info][gc,heap        ] GC(63) Eden regions: 2->0(8)
[2.918s][info][gc,heap        ] GC(63) Survivor regions: 2->2(2)
[2.918s][info][gc,heap        ] GC(63) Old regions: 152->154
[2.918s][info][gc,heap        ] GC(63) Archive regions: 2->2
[2.918s][info][gc,heap        ] GC(63) Humongous regions: 6->6
[2.918s][info][gc,metaspace   ] GC(63) Metaspace: 786K(1024K)->786K(1024K) NonClass: 718K(832K)->718K(832K) Class: 67K(192K)->67K(192K)
[2.918s][info][gc             ] GC(63) Pause Young (Concurrent Start) (G1 Humongous Allocation) 158M->159M(204M) 3.046ms
[2.918s][info][gc,cpu         ] GC(63) User=0.01s Sys=0.00s Real=0.00s
[2.919s][info][gc             ] GC(64) Concurrent Mark Cycle
[2.919s][info][gc,marking     ] GC(64) Concurrent Clear Claimed Marks
[2.919s][info][gc,marking     ] GC(64) Concurrent Clear Claimed Marks 0.015ms
[2.919s][info][gc,marking     ] GC(64) Concurrent Scan Root Regions
[2.923s][info][gc,marking     ] GC(64) Concurrent Scan Root Regions 4.085ms
[2.923s][info][gc,marking     ] GC(64) Concurrent Mark
[2.923s][info][gc,marking     ] GC(64) Concurrent Mark From Roots
[2.923s][info][gc,task        ] GC(64) Using 2 workers of 2 for marking
[2.970s][info][gc,start       ] GC(65) Pause Young (Normal) (G1 Evacuation Pause)
[2.970s][info][gc,task        ] GC(65) Using 4 workers of 8 for evacuation
[2.980s][info][gc,phases      ] GC(65)   Pre Evacuate Collection Set: 0.0ms
[2.980s][info][gc,phases      ] GC(65)   Merge Heap Roots: 0.1ms
[2.980s][info][gc,phases      ] GC(65)   Evacuate Collection Set: 9.3ms
[2.980s][info][gc,phases      ] GC(65)   Post Evacuate Collection Set: 0.2ms
[2.980s][info][gc,phases      ] GC(65)   Other: 0.1ms
[2.980s][info][gc,heap        ] GC(65) Eden regions: 8->0(8)
[2.980s][info][gc,heap        ] GC(65) Survivor regions: 2->2(2)
[2.980s][info][gc,heap        ] GC(65) Old regions: 154->161
[2.980s][info][gc,heap        ] GC(65) Archive regions: 2->2
[2.980s][info][gc,heap        ] GC(65) Humongous regions: 9->9
[2.980s][info][gc,metaspace   ] GC(65) Metaspace: 786K(1024K)->786K(1024K) NonClass: 718K(832K)->718K(832K) Class: 67K(192K)->67K(192K)
[2.980s][info][gc             ] GC(65) Pause Young (Normal) (G1 Evacuation Pause) 170M->170M(204M) 9.894ms
[2.980s][info][gc,cpu         ] GC(65) User=0.04s Sys=0.00s Real=0.01s
[3.012s][info][gc,start       ] GC(66) Pause Young (Normal) (G1 Evacuation Pause)
[3.012s][info][gc,task        ] GC(66) Using 4 workers of 8 for evacuation
[3.021s][info][gc,phases      ] GC(66)   Pre Evacuate Collection Set: 0.1ms
[3.021s][info][gc,phases      ] GC(66)   Merge Heap Roots: 0.2ms
[3.021s][info][gc,phases      ] GC(66)   Evacuate Collection Set: 8.8ms
[3.021s][info][gc,phases      ] GC(66)   Post Evacuate Collection Set: 0.2ms
[3.021s][info][gc,phases      ] GC(66)   Other: 0.2ms
[3.021s][info][gc,heap        ] GC(66) Eden regions: 8->0(8)
[3.021s][info][gc,heap        ] GC(66) Survivor regions: 2->2(2)
[3.021s][info][gc,heap        ] GC(66) Old regions: 161->168
[3.021s][info][gc,heap        ] GC(66) Archive regions: 2->2
[3.021s][info][gc,heap        ] GC(66) Humongous regions: 9->9
[3.021s][info][gc,metaspace   ] GC(66) Metaspace: 786K(1024K)->786K(1024K) NonClass: 718K(832K)->718K(832K) Class: 67K(192K)->67K(192K)
[3.021s][info][gc             ] GC(66) Pause Young (Normal) (G1 Evacuation Pause) 178M->176M(204M) 9.515ms
[3.021s][info][gc,cpu         ] GC(66) User=0.04s Sys=0.00s Real=0.01s
[3.022s][info][gc,marking     ] GC(64) Concurrent Mark From Roots 99.458ms
[3.022s][info][gc,marking     ] GC(64) Concurrent Preclean
[3.022s][info][gc,marking     ] GC(64) Concurrent Preclean 0.034ms
[3.022s][info][gc,start       ] GC(64) Pause Remark
[3.023s][info][gc             ] GC(64) Pause Remark 177M->169M(204M) 0.515ms
[3.023s][info][gc,cpu         ] GC(64) User=0.00s Sys=0.00s Real=0.00s
[3.023s][info][gc,marking     ] GC(64) Concurrent Mark 100.300ms
[3.023s][info][gc,marking     ] GC(64) Concurrent Rebuild Remembered Sets
[3.074s][info][gc,start       ] GC(67) Pause Young (Normal) (G1 Evacuation Pause)
[3.264s][info][gc,task        ] GC(67) Using 4 workers of 8 for evacuation
[3.274s][info][gc,phases      ] GC(67)   Pre Evacuate Collection Set: 0.1ms
[3.274s][info][gc,phases      ] GC(67)   Merge Heap Roots: 0.1ms
[3.274s][info][gc,phases      ] GC(67)   Evacuate Collection Set: 9.9ms
[3.274s][info][gc,phases      ] GC(67)   Post Evacuate Collection Set: 0.2ms
[3.274s][info][gc,phases      ] GC(67)   Other: 189.6ms
[3.274s][info][gc,heap        ] GC(67) Eden regions: 8->0(8)
[3.274s][info][gc,heap        ] GC(67) Survivor regions: 2->2(2)
[3.274s][info][gc,heap        ] GC(67) Old regions: 163->171
[3.274s][info][gc,heap        ] GC(67) Archive regions: 2->2
[3.274s][info][gc,heap        ] GC(67) Humongous regions: 9->9
[3.274s][info][gc,metaspace   ] GC(67) Metaspace: 786K(1024K)->786K(1024K) NonClass: 718K(832K)->718K(832K) Class: 67K(192K)->67K(192K)
[3.274s][info][gc             ] GC(67) Pause Young (Normal) (G1 Evacuation Pause) 180M->180M(204M) 200.053ms
[3.274s][info][gc,cpu         ] GC(67) User=0.04s Sys=0.00s Real=0.20s
[3.278s][info][gc,marking     ] GC(64) Concurrent Rebuild Remembered Sets 255.282ms
[3.305s][info][gc,start       ] GC(68) Pause Young (Normal) (G1 Preventive Collection)
[3.394s][info][gc,task        ] GC(68) Using 4 workers of 8 for evacuation
[3.411s][info][gc,phases      ] GC(68)   Pre Evacuate Collection Set: 0.1ms
[3.472s][info][gc,phases      ] GC(68)   Merge Heap Roots: 0.3ms
[3.472s][info][gc,phases      ] GC(68)   Evacuate Collection Set: 16.2ms
[3.472s][info][gc,phases      ] GC(68)   Post Evacuate Collection Set: 0.2ms
[3.472s][info][gc,phases      ] GC(68)   Other: 89.8ms
[3.472s][info][gc,heap        ] GC(68) Eden regions: 8->0(8)
[3.472s][info][gc,heap        ] GC(68) Survivor regions: 2->2(2)
[3.472s][info][gc,heap        ] GC(68) Old regions: 171->178
[3.472s][info][gc,heap        ] GC(68) Archive regions: 2->2
[3.472s][info][gc,heap        ] GC(68) Humongous regions: 9->9
[3.472s][info][gc,metaspace   ] GC(68) Metaspace: 786K(1024K)->786K(1024K) NonClass: 718K(832K)->718K(832K) Class: 67K(192K)->67K(192K)
[3.472s][info][gc             ] GC(68) Pause Young (Normal) (G1 Preventive Collection) 188M->187M(204M) 167.312ms
[3.472s][info][gc,cpu         ] GC(68) User=0.06s Sys=0.01s Real=0.16s
[3.472s][info][gc,start       ] GC(64) Pause Cleanup
[3.473s][info][gc             ] GC(64) Pause Cleanup 187M->187M(204M) 0.438ms
[3.473s][info][gc,cpu         ] GC(64) User=0.00s Sys=0.00s Real=0.00s
[3.473s][info][gc,marking     ] GC(64) Concurrent Cleanup for Next Mark
[3.474s][info][gc,marking     ] GC(64) Concurrent Cleanup for Next Mark 0.772ms
[3.474s][info][gc             ] GC(64) Concurrent Mark Cycle 555.458ms
[3.491s][info][gc,start       ] GC(69) Pause Young (Concurrent Start) (G1 Humongous Allocation)
[3.491s][info][gc,task        ] GC(69) Using 4 workers of 8 for evacuation
[3.523s][info][gc,phases      ] GC(69)   Pre Evacuate Collection Set: 0.1ms
[3.523s][info][gc,phases      ] GC(69)   Merge Heap Roots: 0.2ms
[3.523s][info][gc,phases      ] GC(69)   Evacuate Collection Set: 30.3ms
[3.523s][info][gc,phases      ] GC(69)   Post Evacuate Collection Set: 0.6ms
[3.523s][info][gc,phases      ] GC(69)   Other: 0.8ms
[3.523s][info][gc,heap        ] GC(69) Eden regions: 2->0(8)
[3.523s][info][gc,heap        ] GC(69) Survivor regions: 2->2(2)
[3.523s][info][gc,heap        ] GC(69) Old regions: 178->180
[3.523s][info][gc,heap        ] GC(69) Archive regions: 2->2
[3.523s][info][gc,heap        ] GC(69) Humongous regions: 9->9
[3.523s][info][gc,metaspace   ] GC(69) Metaspace: 786K(1024K)->786K(1024K) NonClass: 718K(832K)->718K(832K) Class: 67K(192K)->67K(192K)
[3.523s][info][gc             ] GC(69) Pause Young (Concurrent Start) (G1 Humongous Allocation) 189M->189M(204M) 32.178ms
[3.523s][info][gc,cpu         ] GC(69) User=0.07s Sys=0.02s Real=0.03s
[3.523s][info][gc             ] GC(70) Concurrent Mark Cycle
[3.523s][info][gc,marking     ] GC(70) Concurrent Clear Claimed Marks
[3.523s][info][gc,marking     ] GC(70) Concurrent Clear Claimed Marks 0.020ms
[3.523s][info][gc,marking     ] GC(70) Concurrent Scan Root Regions
[3.524s][info][gc,marking     ] GC(70) Concurrent Scan Root Regions 0.955ms
[3.524s][info][gc,marking     ] GC(70) Concurrent Mark
[3.524s][info][gc,marking     ] GC(70) Concurrent Mark From Roots
[3.524s][info][gc,task        ] GC(70) Using 2 workers of 2 for marking
[3.691s][info][gc,start       ] GC(71) Pause Young (Normal) (G1 Preventive Collection)
[3.691s][info][gc,task        ] GC(71) Using 4 workers of 8 for evacuation
[3.714s][info][gc,phases      ] GC(71)   Pre Evacuate Collection Set: 0.1ms
[3.714s][info][gc,phases      ] GC(71)   Merge Heap Roots: 0.2ms
[3.714s][info][gc,phases      ] GC(71)   Evacuate Collection Set: 22.1ms
[3.714s][info][gc,phases      ] GC(71)   Post Evacuate Collection Set: 0.5ms
[3.714s][info][gc,phases      ] GC(71)   Other: 0.2ms
[3.714s][info][gc,heap        ] GC(71) Eden regions: 3->0(8)
[3.714s][info][gc,heap        ] GC(71) Survivor regions: 2->2(2)
[3.714s][info][gc,heap        ] GC(71) Old regions: 180->183
[3.714s][info][gc,heap        ] GC(71) Archive regions: 2->2
[3.714s][info][gc,heap        ] GC(71) Humongous regions: 12->12
[3.714s][info][gc,metaspace   ] GC(71) Metaspace: 786K(1024K)->786K(1024K) NonClass: 718K(832K)->718K(832K) Class: 67K(192K)->67K(192K)
[3.714s][info][gc             ] GC(71) Pause Young (Normal) (G1 Preventive Collection) 195M->195M(204M) 23.249ms
[3.714s][info][gc,cpu         ] GC(71) User=0.03s Sys=0.03s Real=0.02s
[3.763s][info][gc,start       ] GC(72) Pause Young (Normal) (G1 Preventive Collection)
[3.763s][info][gc,task        ] GC(72) Using 4 workers of 8 for evacuation
[3.768s][info][gc,phases      ] GC(72)   Pre Evacuate Collection Set: 0.2ms
[3.768s][info][gc,phases      ] GC(72)   Merge Heap Roots: 0.1ms
[3.768s][info][gc,phases      ] GC(72)   Evacuate Collection Set: 4.5ms
[3.768s][info][gc,phases      ] GC(72)   Post Evacuate Collection Set: 0.2ms
[3.768s][info][gc,phases      ] GC(72)   Other: 0.5ms
[3.768s][info][gc,heap        ] GC(72) Eden regions: 1->0(8)
[3.768s][info][gc,heap        ] GC(72) Survivor regions: 2->2(2)
[3.768s][info][gc,heap        ] GC(72) Old regions: 183->185
[3.768s][info][gc,heap        ] GC(72) Archive regions: 2->2
[3.768s][info][gc,heap        ] GC(72) Humongous regions: 12->12
[3.768s][info][gc,metaspace   ] GC(72) Metaspace: 786K(1024K)->786K(1024K) NonClass: 718K(832K)->718K(832K) Class: 67K(192K)->67K(192K)
[3.768s][info][gc             ] GC(72) Pause Young (Normal) (G1 Preventive Collection) 196M->196M(204M) 5.823ms
[3.768s][info][gc,cpu         ] GC(72) User=0.02s Sys=0.00s Real=0.01s
[3.811s][info][gc,start       ] GC(73) Pause Young (Normal) (G1 Preventive Collection)
[3.811s][info][gc,task        ] GC(73) Using 4 workers of 8 for evacuation
[3.815s][info][gc,phases      ] GC(73)   Pre Evacuate Collection Set: 0.1ms
[3.815s][info][gc,phases      ] GC(73)   Merge Heap Roots: 0.0ms
[3.815s][info][gc,phases      ] GC(73)   Evacuate Collection Set: 3.9ms
[3.815s][info][gc,phases      ] GC(73)   Post Evacuate Collection Set: 0.2ms
[3.815s][info][gc,phases      ] GC(73)   Other: 0.1ms
[3.815s][info][gc,heap        ] GC(73) Eden regions: 1->0(8)
[3.815s][info][gc,heap        ] GC(73) Survivor regions: 2->2(2)
[3.815s][info][gc,heap        ] GC(73) Old regions: 185->185
[3.815s][info][gc,heap        ] GC(73) Archive regions: 2->2
[3.815s][info][gc,heap        ] GC(73) Humongous regions: 12->12
[3.815s][info][gc,metaspace   ] GC(73) Metaspace: 786K(1024K)->786K(1024K) NonClass: 718K(832K)->718K(832K) Class: 67K(192K)->67K(192K)
[3.815s][info][gc             ] GC(73) Pause Young (Normal) (G1 Preventive Collection) 197M->197M(204M) 4.498ms
[3.815s][info][gc,cpu         ] GC(73) User=0.01s Sys=0.00s Real=0.01s
[3.844s][info][gc,start       ] GC(74) Pause Young (Normal) (G1 Preventive Collection)
[3.844s][info][gc,task        ] GC(74) Using 4 workers of 8 for evacuation
[3.850s][info][gc             ] GC(74) To-space exhausted
[3.850s][info][gc,phases      ] GC(74)   Pre Evacuate Collection Set: 0.1ms
[3.850s][info][gc,phases      ] GC(74)   Merge Heap Roots: 0.1ms
[3.851s][info][gc,phases      ] GC(74)   Evacuate Collection Set: 4.3ms
[3.851s][info][gc,phases      ] GC(74)   Post Evacuate Collection Set: 1.6ms
[3.851s][info][gc,phases      ] GC(74)   Other: 0.3ms
[3.851s][info][gc,heap        ] GC(74) Eden regions: 1->0(9)
[3.851s][info][gc,heap        ] GC(74) Survivor regions: 2->1(2)
[3.851s][info][gc,heap        ] GC(74) Old regions: 185->189
[3.851s][info][gc,heap        ] GC(74) Archive regions: 2->2
[3.851s][info][gc,heap        ] GC(74) Humongous regions: 12->12
[3.851s][info][gc,metaspace   ] GC(74) Metaspace: 786K(1024K)->786K(1024K) NonClass: 718K(832K)->718K(832K) Class: 67K(192K)->67K(192K)
[3.851s][info][gc             ] GC(74) Pause Young (Normal) (G1 Preventive Collection) 198M->200M(204M) 6.415ms
[3.851s][info][gc,cpu         ] GC(74) User=0.02s Sys=0.00s Real=0.01s
[3.851s][info][gc,ergo        ] Attempting full compaction
[3.851s][info][gc,task        ] GC(75) Using 4 workers of 8 for full compaction
[3.851s][info][gc,start       ] GC(75) Pause Full (G1 Compaction Pause)
[3.851s][info][gc,phases,start] GC(75) Phase 1: Mark live objects
[3.979s][info][gc,phases      ] GC(75) Phase 1: Mark live objects 127.314ms
[3.979s][info][gc,phases,start] GC(75) Phase 2: Prepare for compaction
[3.984s][info][gc,phases      ] GC(75) Phase 2: Prepare for compaction 4.995ms
[3.984s][info][gc,phases,start] GC(75) Phase 3: Adjust pointers
[4.006s][info][gc,phases      ] GC(75) Phase 3: Adjust pointers 21.919ms
[4.006s][info][gc,phases,start] GC(75) Phase 4: Compact heap
[4.026s][info][gc,phases      ] GC(75) Phase 4: Compact heap 19.697ms
[4.028s][info][gc,heap        ] GC(75) Eden regions: 0->0(10)
[4.028s][info][gc,heap        ] GC(75) Survivor regions: 1->0(2)
[4.028s][info][gc,heap        ] GC(75) Old regions: 189->158
[4.028s][info][gc,heap        ] GC(75) Archive regions: 2->2
[4.028s][info][gc,heap        ] GC(75) Humongous regions: 12->6
[4.028s][info][gc,metaspace   ] GC(75) Metaspace: 786K(1024K)->786K(1024K) NonClass: 718K(832K)->718K(832K) Class: 67K(192K)->67K(192K)
[4.028s][info][gc             ] GC(75) Pause Full (G1 Compaction Pause) 200M->163M(204M) 177.240ms
[4.028s][info][gc,cpu         ] GC(75) User=0.35s Sys=0.18s Real=0.18s
[4.029s][info][gc,marking     ] GC(70) Concurrent Mark From Roots 504.124ms
[4.029s][info][gc,marking     ] GC(70) Concurrent Mark Abort
[4.029s][info][gc             ] GC(70) Concurrent Mark Cycle 505.317ms
[4.086s][info][gc,start       ] GC(76) Pause Young (Normal) (G1 Evacuation Pause)
[4.086s][info][gc,task        ] GC(76) Using 4 workers of 8 for evacuation
[4.110s][info][gc,phases      ] GC(76)   Pre Evacuate Collection Set: 0.0ms
[4.110s][info][gc,phases      ] GC(76)   Merge Heap Roots: 0.1ms
[4.110s][info][gc,phases      ] GC(76)   Evacuate Collection Set: 23.5ms
[4.110s][info][gc,phases      ] GC(76)   Post Evacuate Collection Set: 0.2ms
[4.110s][info][gc,phases      ] GC(76)   Other: 0.2ms
[4.110s][info][gc,heap        ] GC(76) Eden regions: 10->0(8)
[4.110s][info][gc,heap        ] GC(76) Survivor regions: 0->2(2)
[4.110s][info][gc,heap        ] GC(76) Old regions: 158->165
[4.110s][info][gc,heap        ] GC(76) Archive regions: 2->2
[4.110s][info][gc,heap        ] GC(76) Humongous regions: 6->6
[4.110s][info][gc,metaspace   ] GC(76) Metaspace: 786K(1024K)->786K(1024K) NonClass: 718K(832K)->718K(832K) Class: 67K(192K)->67K(192K)
[4.110s][info][gc             ] GC(76) Pause Young (Normal) (G1 Evacuation Pause) 173M->171M(204M) 24.363ms
[4.110s][info][gc,cpu         ] GC(76) User=0.04s Sys=0.02s Real=0.02s
[4.115s][info][gc,start       ] GC(77) Pause Young (Concurrent Start) (G1 Humongous Allocation)
[4.115s][info][gc,task        ] GC(77) Using 4 workers of 8 for evacuation
[4.122s][info][gc,phases      ] GC(77)   Pre Evacuate Collection Set: 0.0ms
[4.122s][info][gc,phases      ] GC(77)   Merge Heap Roots: 0.1ms
[4.122s][info][gc,phases      ] GC(77)   Evacuate Collection Set: 6.6ms
[4.122s][info][gc,phases      ] GC(77)   Post Evacuate Collection Set: 0.2ms
[4.122s][info][gc,phases      ] GC(77)   Other: 0.2ms
[4.122s][info][gc,heap        ] GC(77) Eden regions: 2->0(8)
[4.122s][info][gc,heap        ] GC(77) Survivor regions: 2->2(2)
[4.122s][info][gc,heap        ] GC(77) Old regions: 165->167
[4.122s][info][gc,heap        ] GC(77) Archive regions: 2->2
[4.122s][info][gc,heap        ] GC(77) Humongous regions: 6->6
[4.122s][info][gc,metaspace   ] GC(77) Metaspace: 786K(1024K)->786K(1024K) NonClass: 718K(832K)->718K(832K) Class: 67K(192K)->67K(192K)
[4.122s][info][gc             ] GC(77) Pause Young (Concurrent Start) (G1 Humongous Allocation) 172M->172M(204M) 7.420ms
[4.122s][info][gc,cpu         ] GC(77) User=0.02s Sys=0.01s Real=0.00s
[4.122s][info][gc             ] GC(78) Concurrent Mark Cycle
[4.122s][info][gc,marking     ] GC(78) Concurrent Clear Claimed Marks
[4.122s][info][gc,marking     ] GC(78) Concurrent Clear Claimed Marks 0.024ms
[4.122s][info][gc,marking     ] GC(78) Concurrent Scan Root Regions
[4.127s][info][gc,marking     ] GC(78) Concurrent Scan Root Regions 4.675ms
[4.127s][info][gc,marking     ] GC(78) Concurrent Mark
[4.127s][info][gc,marking     ] GC(78) Concurrent Mark From Roots
[4.127s][info][gc,task        ] GC(78) Using 2 workers of 2 for marking
[4.182s][info][gc,start       ] GC(79) Pause Young (Normal) (G1 Evacuation Pause)
[4.182s][info][gc,task        ] GC(79) Using 4 workers of 8 for evacuation
[4.204s][info][gc,phases      ] GC(79)   Pre Evacuate Collection Set: 0.1ms
[4.204s][info][gc,phases      ] GC(79)   Merge Heap Roots: 0.1ms
[4.204s][info][gc,phases      ] GC(79)   Evacuate Collection Set: 22.1ms
[4.204s][info][gc,phases      ] GC(79)   Post Evacuate Collection Set: 0.2ms
[4.205s][info][gc,phases      ] GC(79)   Other: 0.2ms
[4.205s][info][gc,heap        ] GC(79) Eden regions: 8->0(8)
[4.205s][info][gc,heap        ] GC(79) Survivor regions: 2->2(2)
[4.205s][info][gc,heap        ] GC(79) Old regions: 167->174
[4.205s][info][gc,heap        ] GC(79) Archive regions: 2->2
[4.205s][info][gc,heap        ] GC(79) Humongous regions: 9->9
[4.205s][info][gc,metaspace   ] GC(79) Metaspace: 786K(1024K)->786K(1024K) NonClass: 718K(832K)->718K(832K) Class: 67K(192K)->67K(192K)
[4.205s][info][gc             ] GC(79) Pause Young (Normal) (G1 Evacuation Pause) 183M->183M(204M) 22.843ms
[4.205s][info][gc,cpu         ] GC(79) User=0.04s Sys=0.02s Real=0.02s
[4.238s][info][gc,start       ] GC(80) Pause Young (Normal) (G1 Preventive Collection)
[4.238s][info][gc,task        ] GC(80) Using 4 workers of 8 for evacuation
[4.265s][info][gc,phases      ] GC(80)   Pre Evacuate Collection Set: 0.1ms
[4.265s][info][gc,phases      ] GC(80)   Merge Heap Roots: 0.1ms
[4.265s][info][gc,phases      ] GC(80)   Evacuate Collection Set: 26.2ms
[4.265s][info][gc,phases      ] GC(80)   Post Evacuate Collection Set: 0.2ms
[4.265s][info][gc,phases      ] GC(80)   Other: 0.1ms
[4.265s][info][gc,heap        ] GC(80) Eden regions: 7->0(8)
[4.265s][info][gc,heap        ] GC(80) Survivor regions: 2->2(2)
[4.265s][info][gc,heap        ] GC(80) Old regions: 174->180
[4.265s][info][gc,heap        ] GC(80) Archive regions: 2->2
[4.265s][info][gc,heap        ] GC(80) Humongous regions: 9->9
[4.265s][info][gc,metaspace   ] GC(80) Metaspace: 786K(1024K)->786K(1024K) NonClass: 718K(832K)->718K(832K) Class: 67K(192K)->67K(192K)
[4.265s][info][gc             ] GC(80) Pause Young (Normal) (G1 Preventive Collection) 190M->190M(204M) 27.075ms
[4.265s][info][gc,cpu         ] GC(80) User=0.04s Sys=0.02s Real=0.03s
[4.274s][info][gc,start       ] GC(81) Pause Young (Normal) (G1 Preventive Collection)
[4.274s][info][gc,task        ] GC(81) Using 4 workers of 8 for evacuation
[4.282s][info][gc,phases      ] GC(81)   Pre Evacuate Collection Set: 0.1ms
[4.282s][info][gc,phases      ] GC(81)   Merge Heap Roots: 0.1ms
[4.282s][info][gc,phases      ] GC(81)   Evacuate Collection Set: 7.6ms
[4.282s][info][gc,phases      ] GC(81)   Post Evacuate Collection Set: 0.2ms
[4.282s][info][gc,phases      ] GC(81)   Other: 0.2ms
[4.282s][info][gc,heap        ] GC(81) Eden regions: 3->0(8)
[4.282s][info][gc,heap        ] GC(81) Survivor regions: 2->2(2)
[4.282s][info][gc,heap        ] GC(81) Old regions: 180->183
[4.282s][info][gc,heap        ] GC(81) Archive regions: 2->2
[4.282s][info][gc,heap        ] GC(81) Humongous regions: 9->9
[4.282s][info][gc,metaspace   ] GC(81) Metaspace: 786K(1024K)->786K(1024K) NonClass: 718K(832K)->718K(832K) Class: 67K(192K)->67K(192K)
[4.282s][info][gc             ] GC(81) Pause Young (Normal) (G1 Preventive Collection) 192M->192M(204M) 8.405ms
[4.282s][info][gc,cpu         ] GC(81) User=0.03s Sys=0.01s Real=0.01s
[4.282s][info][gc,ergo        ] Attempting full compaction
[4.282s][info][gc,task        ] GC(82) Using 4 workers of 8 for full compaction
[4.283s][info][gc,start       ] GC(82) Pause Full (G1 Compaction Pause)
[4.283s][info][gc,phases,start] GC(82) Phase 1: Mark live objects
[4.341s][info][gc,phases      ] GC(82) Phase 1: Mark live objects 58.415ms
[4.341s][info][gc,phases,start] GC(82) Phase 2: Prepare for compaction
[4.345s][info][gc,phases      ] GC(82) Phase 2: Prepare for compaction 3.172ms
[4.345s][info][gc,phases,start] GC(82) Phase 3: Adjust pointers
[4.361s][info][gc,phases      ] GC(82) Phase 3: Adjust pointers 16.045ms
[4.361s][info][gc,phases,start] GC(82) Phase 4: Compact heap
[4.364s][info][gc,phases      ] GC(82) Phase 4: Compact heap 2.740ms
[4.364s][info][gc,heap        ] GC(82) Eden regions: 0->0(10)
[4.364s][info][gc,heap        ] GC(82) Survivor regions: 2->0(2)
[4.364s][info][gc,heap        ] GC(82) Old regions: 183->161
[4.364s][info][gc,heap        ] GC(82) Archive regions: 2->2
[4.364s][info][gc,heap        ] GC(82) Humongous regions: 9->3
[4.364s][info][gc,metaspace   ] GC(82) Metaspace: 786K(1024K)->786K(1024K) NonClass: 718K(832K)->718K(832K) Class: 67K(192K)->67K(192K)
[4.364s][info][gc             ] GC(82) Pause Full (G1 Compaction Pause) 192M->162M(204M) 81.886ms
[4.365s][info][gc,cpu         ] GC(82) User=0.27s Sys=0.00s Real=0.09s
[4.365s][info][gc,marking     ] GC(78) Concurrent Mark From Roots 237.672ms
[4.365s][info][gc,marking     ] GC(78) Concurrent Mark Abort
[4.365s][info][gc             ] GC(78) Concurrent Mark Cycle 242.569ms
[4.415s][info][gc,start       ] GC(83) Pause Young (Normal) (G1 Evacuation Pause)
[4.416s][info][gc,task        ] GC(83) Using 4 workers of 8 for evacuation
[4.429s][info][gc,phases      ] GC(83)   Pre Evacuate Collection Set: 0.1ms
[4.429s][info][gc,phases      ] GC(83)   Merge Heap Roots: 0.1ms
[4.429s][info][gc,phases      ] GC(83)   Evacuate Collection Set: 13.0ms
[4.429s][info][gc,phases      ] GC(83)   Post Evacuate Collection Set: 0.2ms
[4.429s][info][gc,phases      ] GC(83)   Other: 0.1ms
[4.429s][info][gc,heap        ] GC(83) Eden regions: 10->0(8)
[4.429s][info][gc,heap        ] GC(83) Survivor regions: 0->2(2)
[4.429s][info][gc,heap        ] GC(83) Old regions: 161->170
[4.429s][info][gc,heap        ] GC(83) Archive regions: 2->2
[4.429s][info][gc,heap        ] GC(83) Humongous regions: 6->6
[4.429s][info][gc,metaspace   ] GC(83) Metaspace: 786K(1024K)->786K(1024K) NonClass: 718K(832K)->718K(832K) Class: 67K(192K)->67K(192K)
[4.429s][info][gc             ] GC(83) Pause Young (Normal) (G1 Evacuation Pause) 175M->175M(204M) 13.545ms
[4.429s][info][gc,cpu         ] GC(83) User=0.04s Sys=0.01s Real=0.01s
[4.452s][info][gc,start       ] GC(84) Pause Young (Concurrent Start) (G1 Evacuation Pause)
[4.452s][info][gc,task        ] GC(84) Using 4 workers of 8 for evacuation
[4.459s][info][gc,phases      ] GC(84)   Pre Evacuate Collection Set: 0.0ms
[4.459s][info][gc,phases      ] GC(84)   Merge Heap Roots: 0.1ms
[4.459s][info][gc,phases      ] GC(84)   Evacuate Collection Set: 7.0ms
[4.459s][info][gc,phases      ] GC(84)   Post Evacuate Collection Set: 0.1ms
[4.459s][info][gc,phases      ] GC(84)   Other: 0.1ms
[4.459s][info][gc,heap        ] GC(84) Eden regions: 8->0(8)
[4.459s][info][gc,heap        ] GC(84) Survivor regions: 2->2(2)
[4.459s][info][gc,heap        ] GC(84) Old regions: 170->176
[4.459s][info][gc,heap        ] GC(84) Archive regions: 2->2
[4.459s][info][gc,heap        ] GC(84) Humongous regions: 6->6
[4.459s][info][gc,metaspace   ] GC(84) Metaspace: 786K(1024K)->786K(1024K) NonClass: 718K(832K)->718K(832K) Class: 67K(192K)->67K(192K)
[4.459s][info][gc             ] GC(84) Pause Young (Concurrent Start) (G1 Evacuation Pause) 183M->182M(204M) 7.643ms
[4.459s][info][gc,cpu         ] GC(84) User=0.03s Sys=0.00s Real=0.01s
[4.459s][info][gc             ] GC(85) Concurrent Mark Cycle
[4.460s][info][gc,marking     ] GC(85) Concurrent Clear Claimed Marks
[4.460s][info][gc,marking     ] GC(85) Concurrent Clear Claimed Marks 0.017ms
[4.460s][info][gc,marking     ] GC(85) Concurrent Scan Root Regions
[4.470s][info][gc,marking     ] GC(85) Concurrent Scan Root Regions 10.123ms
[4.470s][info][gc,marking     ] GC(85) Concurrent Mark
[4.470s][info][gc,marking     ] GC(85) Concurrent Mark From Roots
[4.470s][info][gc,task        ] GC(85) Using 2 workers of 2 for marking
[4.491s][info][gc,start       ] GC(86) Pause Young (Normal) (G1 Preventive Collection)
[4.491s][info][gc,task        ] GC(86) Using 4 workers of 8 for evacuation
[4.500s][info][gc,phases      ] GC(86)   Pre Evacuate Collection Set: 0.1ms
[4.501s][info][gc,phases      ] GC(86)   Merge Heap Roots: 0.1ms
[4.501s][info][gc,phases      ] GC(86)   Evacuate Collection Set: 8.7ms
[4.501s][info][gc,phases      ] GC(86)   Post Evacuate Collection Set: 0.2ms
[4.501s][info][gc,phases      ] GC(86)   Other: 0.2ms
[4.501s][info][gc,heap        ] GC(86) Eden regions: 6->0(8)
[4.501s][info][gc,heap        ] GC(86) Survivor regions: 2->2(2)
[4.501s][info][gc,heap        ] GC(86) Old regions: 176->183
[4.501s][info][gc,heap        ] GC(86) Archive regions: 2->2
[4.501s][info][gc,heap        ] GC(86) Humongous regions: 9->9
[4.501s][info][gc,metaspace   ] GC(86) Metaspace: 786K(1024K)->786K(1024K) NonClass: 718K(832K)->718K(832K) Class: 67K(192K)->67K(192K)
[4.501s][info][gc             ] GC(86) Pause Young (Normal) (G1 Preventive Collection) 191M->191M(204M) 9.431ms
[4.501s][info][gc,cpu         ] GC(86) User=0.04s Sys=0.00s Real=0.01s
[4.512s][info][gc,start       ] GC(87) Pause Young (Normal) (G1 Preventive Collection)
[4.512s][info][gc,task        ] GC(87) Using 4 workers of 8 for evacuation
[4.517s][info][gc,phases      ] GC(87)   Pre Evacuate Collection Set: 0.0ms
[4.517s][info][gc,phases      ] GC(87)   Merge Heap Roots: 0.1ms
[4.517s][info][gc,phases      ] GC(87)   Evacuate Collection Set: 4.3ms
[4.517s][info][gc,phases      ] GC(87)   Post Evacuate Collection Set: 0.2ms
[4.517s][info][gc,phases      ] GC(87)   Other: 0.1ms
[4.517s][info][gc,heap        ] GC(87) Eden regions: 2->0(8)
[4.517s][info][gc,heap        ] GC(87) Survivor regions: 2->2(2)
[4.517s][info][gc,heap        ] GC(87) Old regions: 183->185
[4.517s][info][gc,heap        ] GC(87) Archive regions: 2->2
[4.517s][info][gc,heap        ] GC(87) Humongous regions: 9->9
[4.517s][info][gc,metaspace   ] GC(87) Metaspace: 786K(1024K)->786K(1024K) NonClass: 718K(832K)->718K(832K) Class: 67K(192K)->67K(192K)
[4.517s][info][gc             ] GC(87) Pause Young (Normal) (G1 Preventive Collection) 193M->194M(204M) 4.892ms
[4.517s][info][gc,cpu         ] GC(87) User=0.02s Sys=0.00s Real=0.01s
[4.522s][info][gc,start       ] GC(88) Pause Young (Normal) (G1 Preventive Collection)
[4.522s][info][gc,task        ] GC(88) Using 4 workers of 8 for evacuation
[4.525s][info][gc,phases      ] GC(88)   Pre Evacuate Collection Set: 0.0ms
[4.525s][info][gc,phases      ] GC(88)   Merge Heap Roots: 0.0ms
[4.525s][info][gc,phases      ] GC(88)   Evacuate Collection Set: 2.7ms
[4.525s][info][gc,phases      ] GC(88)   Post Evacuate Collection Set: 0.2ms
[4.525s][info][gc,phases      ] GC(88)   Other: 0.1ms
[4.525s][info][gc,heap        ] GC(88) Eden regions: 1->0(8)
[4.525s][info][gc,heap        ] GC(88) Survivor regions: 2->2(2)
[4.525s][info][gc,heap        ] GC(88) Old regions: 185->188
[4.525s][info][gc,heap        ] GC(88) Archive regions: 2->2
[4.525s][info][gc,heap        ] GC(88) Humongous regions: 9->9
[4.525s][info][gc,metaspace   ] GC(88) Metaspace: 786K(1024K)->786K(1024K) NonClass: 718K(832K)->718K(832K) Class: 67K(192K)->67K(192K)
[4.525s][info][gc             ] GC(88) Pause Young (Normal) (G1 Preventive Collection) 195M->195M(204M) 3.151ms
[4.525s][info][gc,cpu         ] GC(88) User=0.01s Sys=0.00s Real=0.01s
[4.532s][info][gc,start       ] GC(89) Pause Young (Normal) (G1 Preventive Collection)
[4.532s][info][gc,task        ] GC(89) Using 4 workers of 8 for evacuation
[4.535s][info][gc,phases      ] GC(89)   Pre Evacuate Collection Set: 0.1ms
[4.535s][info][gc,phases      ] GC(89)   Merge Heap Roots: 0.1ms
[4.535s][info][gc,phases      ] GC(89)   Evacuate Collection Set: 2.5ms
[4.535s][info][gc,phases      ] GC(89)   Post Evacuate Collection Set: 0.1ms
[4.535s][info][gc,phases      ] GC(89)   Other: 0.1ms
[4.535s][info][gc,heap        ] GC(89) Eden regions: 1->0(8)
[4.535s][info][gc,heap        ] GC(89) Survivor regions: 2->2(2)
[4.535s][info][gc,heap        ] GC(89) Old regions: 188->188
[4.535s][info][gc,heap        ] GC(89) Archive regions: 2->2
[4.535s][info][gc,heap        ] GC(89) Humongous regions: 9->9
[4.535s][info][gc,metaspace   ] GC(89) Metaspace: 786K(1024K)->786K(1024K) NonClass: 718K(832K)->718K(832K) Class: 67K(192K)->67K(192K)
[4.535s][info][gc             ] GC(89) Pause Young (Normal) (G1 Preventive Collection) 196M->196M(204M) 3.051ms
[4.535s][info][gc,cpu         ] GC(89) User=0.01s Sys=0.01s Real=0.01s
[4.540s][info][gc,start       ] GC(90) Pause Young (Normal) (G1 Preventive Collection)
[4.540s][info][gc,task        ] GC(90) Using 4 workers of 8 for evacuation
[4.545s][info][gc             ] GC(90) To-space exhausted
[4.545s][info][gc,phases      ] GC(90)   Pre Evacuate Collection Set: 0.1ms
[4.545s][info][gc,phases      ] GC(90)   Merge Heap Roots: 0.1ms
[4.545s][info][gc,phases      ] GC(90)   Evacuate Collection Set: 3.0ms
[4.545s][info][gc,phases      ] GC(90)   Post Evacuate Collection Set: 1.1ms
[4.545s][info][gc,phases      ] GC(90)   Other: 0.2ms
[4.545s][info][gc,heap        ] GC(90) Eden regions: 1->0(8)
[4.545s][info][gc,heap        ] GC(90) Survivor regions: 2->2(2)
[4.545s][info][gc,heap        ] GC(90) Old regions: 188->190
[4.545s][info][gc,heap        ] GC(90) Archive regions: 2->2
[4.545s][info][gc,heap        ] GC(90) Humongous regions: 9->9
[4.545s][info][gc,metaspace   ] GC(90) Metaspace: 786K(1024K)->786K(1024K) NonClass: 718K(832K)->718K(832K) Class: 67K(192K)->67K(192K)
[4.545s][info][gc             ] GC(90) Pause Young (Normal) (G1 Preventive Collection) 197M->199M(204M) 4.604ms
[4.545s][info][gc,cpu         ] GC(90) User=0.01s Sys=0.00s Real=0.01s
[4.550s][info][gc,start       ] GC(91) Pause Young (Normal) (G1 Evacuation Pause)
[4.550s][info][gc,task        ] GC(91) Using 4 workers of 8 for evacuation
[4.558s][info][gc             ] GC(91) To-space exhausted
[4.558s][info][gc,phases      ] GC(91)   Pre Evacuate Collection Set: 0.0ms
[4.558s][info][gc,phases      ] GC(91)   Merge Heap Roots: 0.1ms
[4.558s][info][gc,phases      ] GC(91)   Evacuate Collection Set: 4.9ms
[4.558s][info][gc,phases      ] GC(91)   Post Evacuate Collection Set: 2.7ms
[4.558s][info][gc,phases      ] GC(91)   Other: 0.2ms
[4.558s][info][gc,heap        ] GC(91) Eden regions: 1->0(10)
[4.558s][info][gc,heap        ] GC(91) Survivor regions: 2->0(0)
[4.558s][info][gc,heap        ] GC(91) Old regions: 190->193
[4.558s][info][gc,heap        ] GC(91) Archive regions: 2->2
[4.558s][info][gc,heap        ] GC(91) Humongous regions: 9->9
[4.558s][info][gc,metaspace   ] GC(91) Metaspace: 786K(1024K)->786K(1024K) NonClass: 718K(832K)->718K(832K) Class: 67K(192K)->67K(192K)
[4.558s][info][gc             ] GC(91) Pause Young (Normal) (G1 Evacuation Pause) 200M->200M(204M) 8.065ms
[4.558s][info][gc,cpu         ] GC(91) User=0.03s Sys=0.00s Real=0.01s
[4.558s][info][gc,ergo        ] Attempting full compaction
[4.558s][info][gc,task        ] GC(92) Using 4 workers of 8 for full compaction
[4.558s][info][gc,start       ] GC(92) Pause Full (G1 Compaction Pause)
[4.558s][info][gc,phases,start] GC(92) Phase 1: Mark live objects
[4.604s][info][gc,phases      ] GC(92) Phase 1: Mark live objects 45.354ms
[4.604s][info][gc,phases,start] GC(92) Phase 2: Prepare for compaction
[4.605s][info][gc,phases      ] GC(92) Phase 2: Prepare for compaction 0.769ms
[4.605s][info][gc,phases,start] GC(92) Phase 3: Adjust pointers
[4.617s][info][gc,phases      ] GC(92) Phase 3: Adjust pointers 12.054ms
[4.617s][info][gc,phases,start] GC(92) Phase 4: Compact heap
[4.617s][info][gc,phases      ] GC(92) Phase 4: Compact heap 0.636ms
[4.618s][info][gc,heap        ] GC(92) Eden regions: 0->0(10)
[4.618s][info][gc,heap        ] GC(92) Survivor regions: 0->0(0)
[4.618s][info][gc,heap        ] GC(92) Old regions: 193->166
[4.618s][info][gc,heap        ] GC(92) Archive regions: 2->2
[4.618s][info][gc,heap        ] GC(92) Humongous regions: 9->3
[4.618s][info][gc,metaspace   ] GC(92) Metaspace: 786K(1024K)->786K(1024K) NonClass: 718K(832K)->718K(832K) Class: 67K(192K)->67K(192K)
[4.618s][info][gc             ] GC(92) Pause Full (G1 Compaction Pause) 200M->167M(204M) 59.705ms
[4.618s][info][gc,cpu         ] GC(92) User=0.23s Sys=0.00s Real=0.06s
[4.618s][info][gc,marking     ] GC(85) Concurrent Mark From Roots 148.305ms
[4.618s][info][gc,marking     ] GC(85) Concurrent Mark Abort
[4.618s][info][gc             ] GC(85) Concurrent Mark Cycle 158.622ms
[4.636s][info][gc,start       ] GC(93) Pause Young (Concurrent Start) (G1 Humongous Allocation)
[4.636s][info][gc,task        ] GC(93) Using 4 workers of 8 for evacuation
[4.640s][info][gc,phases      ] GC(93)   Pre Evacuate Collection Set: 0.1ms
[4.640s][info][gc,phases      ] GC(93)   Merge Heap Roots: 0.1ms
[4.640s][info][gc,phases      ] GC(93)   Evacuate Collection Set: 3.4ms
[4.640s][info][gc,phases      ] GC(93)   Post Evacuate Collection Set: 0.2ms
[4.640s][info][gc,phases      ] GC(93)   Other: 0.2ms
[4.640s][info][gc,heap        ] GC(93) Eden regions: 7->0(8)
[4.640s][info][gc,heap        ] GC(93) Survivor regions: 0->2(2)
[4.640s][info][gc,heap        ] GC(93) Old regions: 166->169
[4.640s][info][gc,heap        ] GC(93) Archive regions: 2->2
[4.640s][info][gc,heap        ] GC(93) Humongous regions: 3->3
[4.640s][info][gc,metaspace   ] GC(93) Metaspace: 786K(1024K)->786K(1024K) NonClass: 718K(832K)->718K(832K) Class: 67K(192K)->67K(192K)
[4.640s][info][gc             ] GC(93) Pause Young (Concurrent Start) (G1 Humongous Allocation) 173M->171M(204M) 3.990ms
[4.640s][info][gc,cpu         ] GC(93) User=0.02s Sys=0.00s Real=0.00s
[4.640s][info][gc             ] GC(94) Concurrent Mark Cycle
[4.640s][info][gc,marking     ] GC(94) Concurrent Clear Claimed Marks
[4.640s][info][gc,marking     ] GC(94) Concurrent Clear Claimed Marks 0.010ms
[4.640s][info][gc,marking     ] GC(94) Concurrent Scan Root Regions
[4.641s][info][gc,marking     ] GC(94) Concurrent Scan Root Regions 0.400ms
[4.641s][info][gc,marking     ] GC(94) Concurrent Mark
[4.641s][info][gc,marking     ] GC(94) Concurrent Mark From Roots
[4.641s][info][gc,task        ] GC(94) Using 2 workers of 2 for marking
[4.677s][info][gc,start       ] GC(95) Pause Young (Normal) (G1 Evacuation Pause)
[4.677s][info][gc,task        ] GC(95) Using 4 workers of 8 for evacuation
[4.686s][info][gc,phases      ] GC(95)   Pre Evacuate Collection Set: 0.1ms
[4.686s][info][gc,phases      ] GC(95)   Merge Heap Roots: 0.1ms
[4.686s][info][gc,phases      ] GC(95)   Evacuate Collection Set: 8.5ms
[4.686s][info][gc,phases      ] GC(95)   Post Evacuate Collection Set: 0.2ms
[4.686s][info][gc,phases      ] GC(95)   Other: 0.2ms
[4.686s][info][gc,heap        ] GC(95) Eden regions: 8->0(8)
[4.686s][info][gc,heap        ] GC(95) Survivor regions: 2->2(2)
[4.686s][info][gc,heap        ] GC(95) Old regions: 169->177
[4.686s][info][gc,heap        ] GC(95) Archive regions: 2->2
[4.686s][info][gc,heap        ] GC(95) Humongous regions: 6->6
[4.686s][info][gc,metaspace   ] GC(95) Metaspace: 786K(1024K)->786K(1024K) NonClass: 718K(832K)->718K(832K) Class: 67K(192K)->67K(192K)
[4.686s][info][gc             ] GC(95) Pause Young (Normal) (G1 Evacuation Pause) 182M->182M(204M) 9.117ms
[4.686s][info][gc,cpu         ] GC(95) User=0.03s Sys=0.00s Real=0.01s
[4.715s][info][gc,start       ] GC(96) Pause Young (Normal) (G1 Preventive Collection)
[4.715s][info][gc,task        ] GC(96) Using 4 workers of 8 for evacuation
[4.722s][info][gc,phases      ] GC(96)   Pre Evacuate Collection Set: 0.0ms
[4.722s][info][gc,phases      ] GC(96)   Merge Heap Roots: 0.1ms
[4.722s][info][gc,phases      ] GC(96)   Evacuate Collection Set: 6.5ms
[4.722s][info][gc,phases      ] GC(96)   Post Evacuate Collection Set: 0.2ms
[4.722s][info][gc,phases      ] GC(96)   Other: 0.1ms
[4.722s][info][gc,heap        ] GC(96) Eden regions: 7->0(8)
[4.722s][info][gc,heap        ] GC(96) Survivor regions: 2->2(2)
[4.722s][info][gc,heap        ] GC(96) Old regions: 177->182
[4.722s][info][gc,heap        ] GC(96) Archive regions: 2->2
[4.722s][info][gc,heap        ] GC(96) Humongous regions: 6->6
[4.722s][info][gc,metaspace   ] GC(96) Metaspace: 786K(1024K)->786K(1024K) NonClass: 718K(832K)->718K(832K) Class: 67K(192K)->67K(192K)
[4.722s][info][gc             ] GC(96) Pause Young (Normal) (G1 Preventive Collection) 188M->188M(204M) 7.028ms
[4.722s][info][gc,cpu         ] GC(96) User=0.03s Sys=0.01s Real=0.00s
[4.737s][info][gc,marking     ] GC(94) Concurrent Mark From Roots 95.789ms
[4.737s][info][gc,marking     ] GC(94) Concurrent Preclean
[4.737s][info][gc,marking     ] GC(94) Concurrent Preclean 0.074ms
[4.737s][info][gc,start       ] GC(94) Pause Remark
[4.738s][info][gc             ] GC(94) Pause Remark 193M->193M(204M) 0.708ms
[4.738s][info][gc,cpu         ] GC(94) User=0.00s Sys=0.00s Real=0.00s
[4.738s][info][gc,marking     ] GC(94) Concurrent Mark 96.998ms
[4.738s][info][gc,marking     ] GC(94) Concurrent Rebuild Remembered Sets
[4.780s][info][gc,start       ] GC(97) Pause Young (Normal) (G1 Preventive Collection)
[4.781s][info][gc,task        ] GC(97) Using 4 workers of 8 for evacuation
[4.787s][info][gc,phases      ] GC(97)   Pre Evacuate Collection Set: 0.1ms
[4.787s][info][gc,phases      ] GC(97)   Merge Heap Roots: 0.2ms
[4.787s][info][gc,phases      ] GC(97)   Evacuate Collection Set: 5.9ms
[4.787s][info][gc,phases      ] GC(97)   Post Evacuate Collection Set: 0.2ms
[4.787s][info][gc,phases      ] GC(97)   Other: 0.1ms
[4.787s][info][gc,heap        ] GC(97) Eden regions: 2->0(8)
[4.787s][info][gc,heap        ] GC(97) Survivor regions: 2->2(2)
[4.787s][info][gc,heap        ] GC(97) Old regions: 182->185
[4.787s][info][gc,heap        ] GC(97) Archive regions: 2->2
[4.787s][info][gc,heap        ] GC(97) Humongous regions: 11->11
[4.787s][info][gc,metaspace   ] GC(97) Metaspace: 786K(1024K)->786K(1024K) NonClass: 718K(832K)->718K(832K) Class: 67K(192K)->67K(192K)
[4.787s][info][gc             ] GC(97) Pause Young (Normal) (G1 Preventive Collection) 195M->195M(204M) 6.543ms
[4.787s][info][gc,cpu         ] GC(97) User=0.03s Sys=0.00s Real=0.01s
[4.789s][info][gc,start       ] GC(98) Pause Young (Normal) (G1 Preventive Collection)
[4.789s][info][gc,task        ] GC(98) Using 4 workers of 8 for evacuation
[4.793s][info][gc,phases      ] GC(98)   Pre Evacuate Collection Set: 0.0ms
[4.793s][info][gc,phases      ] GC(98)   Merge Heap Roots: 0.1ms
[4.793s][info][gc,phases      ] GC(98)   Evacuate Collection Set: 3.0ms
[4.793s][info][gc,phases      ] GC(98)   Post Evacuate Collection Set: 0.2ms
[4.793s][info][gc,phases      ] GC(98)   Other: 0.1ms
[4.793s][info][gc,heap        ] GC(98) Eden regions: 1->0(9)
[4.793s][info][gc,heap        ] GC(98) Survivor regions: 2->1(2)
[4.793s][info][gc,heap        ] GC(98) Old regions: 185->187
[4.793s][info][gc,heap        ] GC(98) Archive regions: 2->2
[4.793s][info][gc,heap        ] GC(98) Humongous regions: 11->11
[4.793s][info][gc,metaspace   ] GC(98) Metaspace: 786K(1024K)->786K(1024K) NonClass: 718K(832K)->718K(832K) Class: 67K(192K)->67K(192K)
[4.793s][info][gc             ] GC(98) Pause Young (Normal) (G1 Preventive Collection) 196M->196M(204M) 3.486ms
[4.793s][info][gc,cpu         ] GC(98) User=0.02s Sys=0.00s Real=0.00s
[4.795s][info][gc,start       ] GC(99) Pause Young (Normal) (G1 Preventive Collection)
[4.795s][info][gc,task        ] GC(99) Using 4 workers of 8 for evacuation
[4.798s][info][gc,phases      ] GC(99)   Pre Evacuate Collection Set: 0.0ms
[4.798s][info][gc,phases      ] GC(99)   Merge Heap Roots: 0.1ms
[4.798s][info][gc,phases      ] GC(99)   Evacuate Collection Set: 1.9ms
[4.798s][info][gc,phases      ] GC(99)   Post Evacuate Collection Set: 0.2ms
[4.798s][info][gc,phases      ] GC(99)   Other: 0.1ms
[4.798s][info][gc,heap        ] GC(99) Eden regions: 1->0(8)
[4.798s][info][gc,heap        ] GC(99) Survivor regions: 1->2(2)
[4.798s][info][gc,heap        ] GC(99) Old regions: 187->187
[4.798s][info][gc,heap        ] GC(99) Archive regions: 2->2
[4.798s][info][gc,heap        ] GC(99) Humongous regions: 11->11
[4.798s][info][gc,metaspace   ] GC(99) Metaspace: 786K(1024K)->786K(1024K) NonClass: 718K(832K)->718K(832K) Class: 67K(192K)->67K(192K)
[4.798s][info][gc             ] GC(99) Pause Young (Normal) (G1 Preventive Collection) 197M->196M(204M) 2.390ms
[4.798s][info][gc,cpu         ] GC(99) User=0.01s Sys=0.00s Real=0.00s
[4.799s][info][gc,start       ] GC(100) Pause Young (Normal) (G1 Humongous Allocation)
[4.799s][info][gc,task        ] GC(100) Using 4 workers of 8 for evacuation
[4.801s][info][gc,phases      ] GC(100)   Pre Evacuate Collection Set: 0.0ms
[4.801s][info][gc,phases      ] GC(100)   Merge Heap Roots: 0.1ms
[4.802s][info][gc,phases      ] GC(100)   Evacuate Collection Set: 2.0ms
[4.802s][info][gc,phases      ] GC(100)   Post Evacuate Collection Set: 0.2ms
[4.802s][info][gc,phases      ] GC(100)   Other: 0.1ms
[4.802s][info][gc,heap        ] GC(100) Eden regions: 1->0(9)
[4.802s][info][gc,heap        ] GC(100) Survivor regions: 2->1(1)
[4.802s][info][gc,heap        ] GC(100) Old regions: 187->187
[4.802s][info][gc,heap        ] GC(100) Archive regions: 2->2
[4.802s][info][gc,heap        ] GC(100) Humongous regions: 11->11
[4.802s][info][gc,metaspace   ] GC(100) Metaspace: 786K(1024K)->786K(1024K) NonClass: 718K(832K)->718K(832K) Class: 67K(192K)->67K(192K)
[4.802s][info][gc             ] GC(100) Pause Young (Normal) (G1 Humongous Allocation) 197M->196M(204M) 2.474ms
[4.802s][info][gc,cpu         ] GC(100) User=0.01s Sys=0.00s Real=0.00s
[4.802s][info][gc,ergo        ] Attempting full compaction
[4.802s][info][gc,task        ] GC(101) Using 4 workers of 8 for full compaction
[4.802s][info][gc,start       ] GC(101) Pause Full (G1 Compaction Pause)
[4.802s][info][gc,phases,start] GC(101) Phase 1: Mark live objects
[4.848s][info][gc,phases      ] GC(101) Phase 1: Mark live objects 46.029ms
[4.848s][info][gc,phases,start] GC(101) Phase 2: Prepare for compaction
[4.849s][info][gc,phases      ] GC(101) Phase 2: Prepare for compaction 0.794ms
[4.849s][info][gc,phases,start] GC(101) Phase 3: Adjust pointers
[4.862s][info][gc,phases      ] GC(101) Phase 3: Adjust pointers 12.714ms
[4.862s][info][gc,phases,start] GC(101) Phase 4: Compact heap
[4.863s][info][gc,phases      ] GC(101) Phase 4: Compact heap 1.468ms
[4.864s][info][gc,heap        ] GC(101) Eden regions: 0->0(10)
[4.864s][info][gc,heap        ] GC(101) Survivor regions: 1->0(1)
[4.864s][info][gc,heap        ] GC(101) Old regions: 187->174
[4.864s][info][gc,heap        ] GC(101) Archive regions: 2->2
[4.864s][info][gc,heap        ] GC(101) Humongous regions: 11->5
[4.864s][info][gc,metaspace   ] GC(101) Metaspace: 786K(1024K)->786K(1024K) NonClass: 718K(832K)->718K(832K) Class: 67K(192K)->67K(192K)
[4.864s][info][gc             ] GC(101) Pause Full (G1 Compaction Pause) 196M->177M(204M) 62.007ms
[4.864s][info][gc,cpu         ] GC(101) User=0.24s Sys=0.00s Real=0.06s
[4.864s][info][gc,marking     ] GC(94) Concurrent Rebuild Remembered Sets 125.962ms
[4.864s][info][gc,marking     ] GC(94) Concurrent Mark Abort
[4.864s][info][gc             ] GC(94) Concurrent Mark Cycle 223.491ms
[4.905s][info][gc,start       ] GC(102) Pause Young (Normal) (G1 Preventive Collection)
[4.905s][info][gc,task        ] GC(102) Using 4 workers of 8 for evacuation
[4.915s][info][gc             ] GC(102) To-space exhausted
[4.915s][info][gc,phases      ] GC(102)   Pre Evacuate Collection Set: 0.0ms
[4.915s][info][gc,phases      ] GC(102)   Merge Heap Roots: 0.1ms
[4.915s][info][gc,phases      ] GC(102)   Evacuate Collection Set: 8.6ms
[4.915s][info][gc,phases      ] GC(102)   Post Evacuate Collection Set: 0.7ms
[4.915s][info][gc,phases      ] GC(102)   Other: 0.3ms
[4.915s][info][gc,heap        ] GC(102) Eden regions: 9->0(8)
[4.915s][info][gc,heap        ] GC(102) Survivor regions: 0->2(2)
[4.915s][info][gc,heap        ] GC(102) Old regions: 174->182
[4.915s][info][gc,heap        ] GC(102) Archive regions: 2->2
[4.915s][info][gc,heap        ] GC(102) Humongous regions: 10->10
[4.915s][info][gc,metaspace   ] GC(102) Metaspace: 786K(1024K)->786K(1024K) NonClass: 718K(832K)->718K(832K) Class: 67K(192K)->67K(192K)
[4.915s][info][gc             ] GC(102) Pause Young (Normal) (G1 Preventive Collection) 191M->192M(204M) 9.857ms
[4.915s][info][gc,cpu         ] GC(102) User=0.03s Sys=0.00s Real=0.01s
[4.929s][info][gc,start       ] GC(103) Pause Young (Concurrent Start) (G1 Preventive Collection)
[4.929s][info][gc,task        ] GC(103) Using 4 workers of 8 for evacuation
[4.935s][info][gc             ] GC(103) To-space exhausted
[4.935s][info][gc,phases      ] GC(103)   Pre Evacuate Collection Set: 0.0ms
[4.935s][info][gc,phases      ] GC(103)   Merge Heap Roots: 0.1ms
[4.935s][info][gc,phases      ] GC(103)   Evacuate Collection Set: 5.0ms
[4.935s][info][gc,phases      ] GC(103)   Post Evacuate Collection Set: 0.8ms
[4.935s][info][gc,phases      ] GC(103)   Other: 0.2ms
[4.935s][info][gc,heap        ] GC(103) Eden regions: 3->0(8)
[4.935s][info][gc,heap        ] GC(103) Survivor regions: 2->2(2)
[4.935s][info][gc,heap        ] GC(103) Old regions: 182->186
[4.935s][info][gc,heap        ] GC(103) Archive regions: 2->2
[4.935s][info][gc,heap        ] GC(103) Humongous regions: 10->10
[4.935s][info][gc,metaspace   ] GC(103) Metaspace: 786K(1024K)->786K(1024K) NonClass: 718K(832K)->718K(832K) Class: 67K(192K)->67K(192K)
[4.935s][info][gc             ] GC(103) Pause Young (Concurrent Start) (G1 Preventive Collection) 195M->196M(204M) 6.260ms
[4.935s][info][gc,cpu         ] GC(103) User=0.02s Sys=0.00s Real=0.01s
[4.935s][info][gc             ] GC(104) Concurrent Mark Cycle
[4.935s][info][gc,marking     ] GC(104) Concurrent Clear Claimed Marks
[4.935s][info][gc,marking     ] GC(104) Concurrent Clear Claimed Marks 0.011ms
[4.935s][info][gc,marking     ] GC(104) Concurrent Scan Root Regions
[4.951s][info][gc,marking     ] GC(104) Concurrent Scan Root Regions 15.595ms
[4.951s][info][gc,start       ] GC(105) Pause Young (Normal) (G1 Preventive Collection)
[4.951s][info][gc,marking     ] GC(104) Concurrent Mark
[4.951s][info][gc,task        ] GC(105) Using 4 workers of 8 for evacuation
[4.951s][info][gc,marking     ] GC(104) Concurrent Mark From Roots
[4.951s][info][gc,task        ] GC(104) Using 2 workers of 2 for marking
[4.955s][info][gc             ] GC(105) To-space exhausted
[4.955s][info][gc,phases      ] GC(105)   Pre Evacuate Collection Set: 12.1ms
[4.955s][info][gc,phases      ] GC(105)   Merge Heap Roots: 0.1ms
[4.955s][info][gc,phases      ] GC(105)   Evacuate Collection Set: 3.2ms
[4.955s][info][gc,phases      ] GC(105)   Post Evacuate Collection Set: 0.8ms
[4.955s][info][gc,phases      ] GC(105)   Other: 0.2ms
[4.955s][info][gc,heap        ] GC(105) Eden regions: 1->0(9)
[4.955s][info][gc,heap        ] GC(105) Survivor regions: 2->1(2)
[4.955s][info][gc,heap        ] GC(105) Old regions: 186->190
[4.955s][info][gc,heap        ] GC(105) Archive regions: 2->2
[4.955s][info][gc,heap        ] GC(105) Humongous regions: 10->10
[4.955s][info][gc,metaspace   ] GC(105) Metaspace: 786K(1024K)->786K(1024K) NonClass: 718K(832K)->718K(832K) Class: 67K(192K)->67K(192K)
[4.955s][info][gc             ] GC(105) Pause Young (Normal) (G1 Preventive Collection) 197M->199M(204M) 4.437ms
[4.955s][info][gc,cpu         ] GC(105) User=0.01s Sys=0.00s Real=0.01s
[4.958s][info][gc,start       ] GC(106) Pause Young (Normal) (G1 Evacuation Pause)
[4.958s][info][gc,task        ] GC(106) Using 4 workers of 8 for evacuation
[4.961s][info][gc             ] GC(106) To-space exhausted
[4.961s][info][gc,phases      ] GC(106)   Pre Evacuate Collection Set: 0.0ms
[4.961s][info][gc,phases      ] GC(106)   Merge Heap Roots: 0.1ms
[4.961s][info][gc,phases      ] GC(106)   Evacuate Collection Set: 2.0ms
[4.961s][info][gc,phases      ] GC(106)   Post Evacuate Collection Set: 0.8ms
[4.961s][info][gc,phases      ] GC(106)   Other: 0.2ms
[4.961s][info][gc,heap        ] GC(106) Eden regions: 1->0(10)
[4.961s][info][gc,heap        ] GC(106) Survivor regions: 1->0(0)
[4.961s][info][gc,heap        ] GC(106) Old regions: 190->192
[4.961s][info][gc,heap        ] GC(106) Archive regions: 2->2
[4.961s][info][gc,heap        ] GC(106) Humongous regions: 10->10
[4.961s][info][gc,metaspace   ] GC(106) Metaspace: 786K(1024K)->786K(1024K) NonClass: 718K(832K)->718K(832K) Class: 67K(192K)->67K(192K)
[4.961s][info][gc             ] GC(106) Pause Young (Normal) (G1 Evacuation Pause) 200M->200M(204M) 3.195ms
[4.961s][info][gc,cpu         ] GC(106) User=0.00s Sys=0.00s Real=0.00s
[4.961s][info][gc,ergo        ] Attempting full compaction
[4.961s][info][gc,task        ] GC(107) Using 4 workers of 8 for full compaction
[4.961s][info][gc,start       ] GC(107) Pause Full (G1 Compaction Pause)
[4.961s][info][gc,phases,start] GC(107) Phase 1: Mark live objects
[5.006s][info][gc,phases      ] GC(107) Phase 1: Mark live objects 44.256ms
[5.006s][info][gc,phases,start] GC(107) Phase 2: Prepare for compaction
[5.006s][info][gc,phases      ] GC(107) Phase 2: Prepare for compaction 0.509ms
[5.006s][info][gc,phases,start] GC(107) Phase 3: Adjust pointers
[5.018s][info][gc,phases      ] GC(107) Phase 3: Adjust pointers 12.155ms
[5.018s][info][gc,phases,start] GC(107) Phase 4: Compact heap
[5.019s][info][gc,phases      ] GC(107) Phase 4: Compact heap 0.996ms
[5.020s][info][gc,heap        ] GC(107) Eden regions: 0->0(10)
[5.020s][info][gc,heap        ] GC(107) Survivor regions: 0->0(0)
[5.020s][info][gc,heap        ] GC(107) Old regions: 192->175
[5.020s][info][gc,heap        ] GC(107) Archive regions: 2->2
[5.020s][info][gc,heap        ] GC(107) Humongous regions: 10->5
[5.020s][info][gc,metaspace   ] GC(107) Metaspace: 786K(1024K)->786K(1024K) NonClass: 718K(832K)->718K(832K) Class: 67K(192K)->67K(192K)
[5.020s][info][gc             ] GC(107) Pause Full (G1 Compaction Pause) 200M->178M(204M) 58.777ms
[5.020s][info][gc,cpu         ] GC(107) User=0.23s Sys=0.01s Real=0.06s
[5.020s][info][gc,marking     ] GC(104) Concurrent Mark From Roots 69.095ms
[5.020s][info][gc,marking     ] GC(104) Concurrent Mark Abort
[5.020s][info][gc             ] GC(104) Concurrent Mark Cycle 84.886ms
[5.031s][info][gc,start       ] GC(108) Pause Young (Concurrent Start) (G1 Humongous Allocation)
[5.031s][info][gc,task        ] GC(108) Using 4 workers of 8 for evacuation
[5.034s][info][gc,phases      ] GC(108)   Pre Evacuate Collection Set: 0.0ms
[5.034s][info][gc,phases      ] GC(108)   Merge Heap Roots: 0.1ms
[5.034s][info][gc,phases      ] GC(108)   Evacuate Collection Set: 2.7ms
[5.034s][info][gc,phases      ] GC(108)   Post Evacuate Collection Set: 0.2ms
[5.034s][info][gc,phases      ] GC(108)   Other: 0.1ms
[5.034s][info][gc,heap        ] GC(108) Eden regions: 5->0(8)
[5.034s][info][gc,heap        ] GC(108) Survivor regions: 0->2(2)
[5.034s][info][gc,heap        ] GC(108) Old regions: 175->177
[5.034s][info][gc,heap        ] GC(108) Archive regions: 2->2
[5.034s][info][gc,heap        ] GC(108) Humongous regions: 5->5
[5.034s][info][gc,metaspace   ] GC(108) Metaspace: 786K(1024K)->786K(1024K) NonClass: 718K(832K)->718K(832K) Class: 67K(192K)->67K(192K)
[5.034s][info][gc             ] GC(108) Pause Young (Concurrent Start) (G1 Humongous Allocation) 183M->181M(204M) 3.311ms
[5.034s][info][gc,cpu         ] GC(108) User=0.01s Sys=0.00s Real=0.00s
[5.034s][info][gc             ] GC(109) Concurrent Mark Cycle
[5.034s][info][gc,marking     ] GC(109) Concurrent Clear Claimed Marks
[5.034s][info][gc,marking     ] GC(109) Concurrent Clear Claimed Marks 0.011ms
[5.034s][info][gc,marking     ] GC(109) Concurrent Scan Root Regions
[5.034s][info][gc,marking     ] GC(109) Concurrent Scan Root Regions 0.374ms
[5.034s][info][gc,marking     ] GC(109) Concurrent Mark
[5.034s][info][gc,marking     ] GC(109) Concurrent Mark From Roots
[5.034s][info][gc,task        ] GC(109) Using 2 workers of 2 for marking
[5.068s][info][gc,start       ] GC(110) Pause Young (Normal) (G1 Preventive Collection)
[5.069s][info][gc,task        ] GC(110) Using 4 workers of 8 for evacuation
[5.077s][info][gc             ] GC(110) To-space exhausted
[5.077s][info][gc,phases      ] GC(110)   Pre Evacuate Collection Set: 0.0ms
[5.077s][info][gc,phases      ] GC(110)   Merge Heap Roots: 0.1ms
[5.077s][info][gc,phases      ] GC(110)   Evacuate Collection Set: 7.3ms
[5.077s][info][gc,phases      ] GC(110)   Post Evacuate Collection Set: 0.7ms
[5.077s][info][gc,phases      ] GC(110)   Other: 0.2ms
[5.077s][info][gc,heap        ] GC(110) Eden regions: 6->0(8)
[5.077s][info][gc,heap        ] GC(110) Survivor regions: 2->2(2)
[5.077s][info][gc,heap        ] GC(110) Old regions: 177->185
[5.077s][info][gc,heap        ] GC(110) Archive regions: 2->2
[5.077s][info][gc,heap        ] GC(110) Humongous regions: 10->10
[5.077s][info][gc,metaspace   ] GC(110) Metaspace: 786K(1024K)->786K(1024K) NonClass: 718K(832K)->718K(832K) Class: 67K(192K)->67K(192K)
[5.077s][info][gc             ] GC(110) Pause Young (Normal) (G1 Preventive Collection) 192M->195M(204M) 8.476ms
[5.077s][info][gc,cpu         ] GC(110) User=0.03s Sys=0.00s Real=0.01s
[5.084s][info][gc,start       ] GC(111) Pause Young (Normal) (G1 Preventive Collection)
[5.084s][info][gc,task        ] GC(111) Using 4 workers of 8 for evacuation
[5.087s][info][gc,phases      ] GC(111)   Pre Evacuate Collection Set: 0.0ms
[5.087s][info][gc,phases      ] GC(111)   Merge Heap Roots: 0.1ms
[5.087s][info][gc,phases      ] GC(111)   Evacuate Collection Set: 3.4ms
[5.087s][info][gc,phases      ] GC(111)   Post Evacuate Collection Set: 0.2ms
[5.087s][info][gc,phases      ] GC(111)   Other: 0.1ms
[5.087s][info][gc,heap        ] GC(111) Eden regions: 1->0(9)
[5.087s][info][gc,heap        ] GC(111) Survivor regions: 2->1(2)
[5.087s][info][gc,heap        ] GC(111) Old regions: 185->188
[5.087s][info][gc,heap        ] GC(111) Archive regions: 2->2
[5.087s][info][gc,heap        ] GC(111) Humongous regions: 10->10
[5.087s][info][gc,metaspace   ] GC(111) Metaspace: 786K(1024K)->786K(1024K) NonClass: 718K(832K)->718K(832K) Class: 67K(192K)->67K(192K)
[5.087s][info][gc             ] GC(111) Pause Young (Normal) (G1 Preventive Collection) 196M->197M(204M) 3.899ms
[5.087s][info][gc,cpu         ] GC(111) User=0.01s Sys=0.00s Real=0.01s
[5.093s][info][gc,start       ] GC(112) Pause Young (Normal) (G1 Preventive Collection)
[5.093s][info][gc,task        ] GC(112) Using 4 workers of 8 for evacuation
[5.096s][info][gc,phases      ] GC(112)   Pre Evacuate Collection Set: 0.0ms
[5.096s][info][gc,phases      ] GC(112)   Merge Heap Roots: 0.0ms
[5.096s][info][gc,phases      ] GC(112)   Evacuate Collection Set: 2.2ms
[5.096s][info][gc,phases      ] GC(112)   Post Evacuate Collection Set: 0.2ms
[5.096s][info][gc,phases      ] GC(112)   Other: 0.1ms
[5.096s][info][gc,heap        ] GC(112) Eden regions: 1->0(8)
[5.096s][info][gc,heap        ] GC(112) Survivor regions: 1->2(2)
[5.096s][info][gc,heap        ] GC(112) Old regions: 188->188
[5.096s][info][gc,heap        ] GC(112) Archive regions: 2->2
[5.096s][info][gc,heap        ] GC(112) Humongous regions: 10->10
[5.096s][info][gc,metaspace   ] GC(112) Metaspace: 786K(1024K)->786K(1024K) NonClass: 718K(832K)->718K(832K) Class: 67K(192K)->67K(192K)
[5.096s][info][gc             ] GC(112) Pause Young (Normal) (G1 Preventive Collection) 198M->198M(204M) 2.748ms
[5.096s][info][gc,cpu         ] GC(112) User=0.01s Sys=0.00s Real=0.01s
[5.102s][info][gc,start       ] GC(113) Pause Young (Normal) (G1 Preventive Collection)
[5.102s][info][gc,task        ] GC(113) Using 4 workers of 8 for evacuation
[5.107s][info][gc             ] GC(113) To-space exhausted
[5.107s][info][gc,phases      ] GC(113)   Pre Evacuate Collection Set: 0.0ms
[5.107s][info][gc,phases      ] GC(113)   Merge Heap Roots: 0.0ms
[5.107s][info][gc,phases      ] GC(113)   Evacuate Collection Set: 3.6ms
[5.107s][info][gc,phases      ] GC(113)   Post Evacuate Collection Set: 1.3ms
[5.107s][info][gc,phases      ] GC(113)   Other: 0.2ms
[5.107s][info][gc,heap        ] GC(113) Eden regions: 1->0(9)
[5.107s][info][gc,heap        ] GC(113) Survivor regions: 2->1(1)
[5.107s][info][gc,heap        ] GC(113) Old regions: 188->191
[5.107s][info][gc,heap        ] GC(113) Archive regions: 2->2
[5.107s][info][gc,heap        ] GC(113) Humongous regions: 10->10
[5.107s][info][gc,metaspace   ] GC(113) Metaspace: 786K(1024K)->786K(1024K) NonClass: 718K(832K)->718K(832K) Class: 67K(192K)->67K(192K)
[5.107s][info][gc             ] GC(113) Pause Young (Normal) (G1 Preventive Collection) 199M->200M(204M) 5.273ms
[5.107s][info][gc,cpu         ] GC(113) User=0.02s Sys=0.00s Real=0.01s
[5.107s][info][gc,ergo        ] Attempting full compaction
[5.107s][info][gc,task        ] GC(114) Using 4 workers of 8 for full compaction
[5.107s][info][gc,start       ] GC(114) Pause Full (G1 Compaction Pause)
[5.107s][info][gc,phases,start] GC(114) Phase 1: Mark live objects
[5.172s][info][gc,phases      ] GC(114) Phase 1: Mark live objects 65.060ms
[5.172s][info][gc,phases,start] GC(114) Phase 2: Prepare for compaction
[5.174s][info][gc,phases      ] GC(114) Phase 2: Prepare for compaction 1.317ms
[5.174s][info][gc,phases,start] GC(114) Phase 3: Adjust pointers
[5.190s][info][gc,phases      ] GC(114) Phase 3: Adjust pointers 16.163ms
[5.190s][info][gc,phases,start] GC(114) Phase 4: Compact heap
[5.191s][info][gc,phases      ] GC(114) Phase 4: Compact heap 1.223ms
[5.192s][info][gc,heap        ] GC(114) Eden regions: 0->0(10)
[5.192s][info][gc,heap        ] GC(114) Survivor regions: 1->0(1)
[5.192s][info][gc,heap        ] GC(114) Old regions: 191->187
[5.192s][info][gc,heap        ] GC(114) Archive regions: 2->2
[5.192s][info][gc,heap        ] GC(114) Humongous regions: 10->10
[5.192s][info][gc,metaspace   ] GC(114) Metaspace: 786K(1024K)->786K(1024K) NonClass: 718K(832K)->718K(832K) Class: 67K(192K)->67K(192K)
[5.192s][info][gc             ] GC(114) Pause Full (G1 Compaction Pause) 200M->195M(204M) 84.637ms
[5.192s][info][gc,cpu         ] GC(114) User=0.32s Sys=0.00s Real=0.08s
[5.192s][info][gc,marking     ] GC(109) Concurrent Mark From Roots 157.390ms
[5.192s][info][gc,marking     ] GC(109) Concurrent Mark Abort
[5.192s][info][gc             ] GC(109) Concurrent Mark Cycle 157.878ms
[5.201s][info][gc,start       ] GC(115) Pause Young (Normal) (G1 Preventive Collection)
[5.201s][info][gc,task        ] GC(115) Using 4 workers of 8 for evacuation
[5.203s][info][gc,phases      ] GC(115)   Pre Evacuate Collection Set: 0.0ms
[5.203s][info][gc,phases      ] GC(115)   Merge Heap Roots: 0.0ms
[5.203s][info][gc,phases      ] GC(115)   Evacuate Collection Set: 2.3ms
[5.203s][info][gc,phases      ] GC(115)   Post Evacuate Collection Set: 0.1ms
[5.203s][info][gc,phases      ] GC(115)   Other: 0.1ms
[5.203s][info][gc,heap        ] GC(115) Eden regions: 2->0(8)
[5.203s][info][gc,heap        ] GC(115) Survivor regions: 0->2(2)
[5.203s][info][gc,heap        ] GC(115) Old regions: 187->188
[5.203s][info][gc,heap        ] GC(115) Archive regions: 2->2
[5.203s][info][gc,heap        ] GC(115) Humongous regions: 10->10
[5.203s][info][gc,metaspace   ] GC(115) Metaspace: 786K(1024K)->786K(1024K) NonClass: 718K(832K)->718K(832K) Class: 67K(192K)->67K(192K)
[5.203s][info][gc             ] GC(115) Pause Young (Normal) (G1 Preventive Collection) 197M->197M(204M) 2.783ms
[5.203s][info][gc,cpu         ] GC(115) User=0.01s Sys=0.00s Real=0.00s
[5.208s][info][gc,start       ] GC(116) Pause Young (Concurrent Start) (G1 Preventive Collection)
[5.208s][info][gc,task        ] GC(116) Using 4 workers of 8 for evacuation
[5.214s][info][gc             ] GC(116) To-space exhausted
[5.214s][info][gc,phases      ] GC(116)   Pre Evacuate Collection Set: 0.0ms
[5.214s][info][gc,phases      ] GC(116)   Merge Heap Roots: 0.1ms
[5.214s][info][gc,phases      ] GC(116)   Evacuate Collection Set: 3.6ms
[5.214s][info][gc,phases      ] GC(116)   Post Evacuate Collection Set: 2.3ms
[5.214s][info][gc,phases      ] GC(116)   Other: 0.2ms
[5.214s][info][gc,heap        ] GC(116) Eden regions: 1->0(10)
[5.214s][info][gc,heap        ] GC(116) Survivor regions: 2->0(1)
[5.214s][info][gc,heap        ] GC(116) Old regions: 188->191
[5.214s][info][gc,heap        ] GC(116) Archive regions: 2->2
[5.214s][info][gc,heap        ] GC(116) Humongous regions: 10->10
[5.214s][info][gc,metaspace   ] GC(116) Metaspace: 786K(1024K)->786K(1024K) NonClass: 718K(832K)->718K(832K) Class: 67K(192K)->67K(192K)
[5.214s][info][gc             ] GC(116) Pause Young (Concurrent Start) (G1 Preventive Collection) 198M->199M(204M) 6.402ms
[5.214s][info][gc,cpu         ] GC(116) User=0.01s Sys=0.00s Real=0.00s
[5.214s][info][gc             ] GC(117) Concurrent Mark Cycle
[5.214s][info][gc,marking     ] GC(117) Concurrent Clear Claimed Marks
[5.214s][info][gc,marking     ] GC(117) Concurrent Clear Claimed Marks 0.011ms
[5.214s][info][gc,marking     ] GC(117) Concurrent Scan Root Regions
[5.220s][info][gc,marking     ] GC(117) Concurrent Scan Root Regions 5.186ms
[5.220s][info][gc,marking     ] GC(117) Concurrent Mark
[5.220s][info][gc,marking     ] GC(117) Concurrent Mark From Roots
[5.220s][info][gc,start       ] GC(118) Pause Young (Normal) (G1 Evacuation Pause)
[5.220s][info][gc,task        ] GC(117) Using 2 workers of 2 for marking
[5.220s][info][gc,task        ] GC(118) Using 4 workers of 8 for evacuation
[5.223s][info][gc             ] GC(118) To-space exhausted
[5.223s][info][gc,phases      ] GC(118)   Pre Evacuate Collection Set: 0.9ms
[5.223s][info][gc,phases      ] GC(118)   Merge Heap Roots: 0.1ms
[5.223s][info][gc,phases      ] GC(118)   Evacuate Collection Set: 2.3ms
[5.223s][info][gc,phases      ] GC(118)   Post Evacuate Collection Set: 1.1ms
[5.223s][info][gc,phases      ] GC(118)   Other: 0.2ms
[5.223s][info][gc,heap        ] GC(118) Eden regions: 1->0(10)
[5.223s][info][gc,heap        ] GC(118) Survivor regions: 0->0(0)
[5.223s][info][gc,heap        ] GC(118) Old regions: 191->192
[5.223s][info][gc,heap        ] GC(118) Archive regions: 2->2
[5.223s][info][gc,heap        ] GC(118) Humongous regions: 10->10
[5.223s][info][gc,metaspace   ] GC(118) Metaspace: 786K(1024K)->786K(1024K) NonClass: 718K(832K)->718K(832K) Class: 67K(192K)->67K(192K)
[5.223s][info][gc             ] GC(118) Pause Young (Normal) (G1 Evacuation Pause) 200M->200M(204M) 3.829ms
[5.223s][info][gc,cpu         ] GC(118) User=0.01s Sys=0.00s Real=0.00s
[5.224s][info][gc,ergo        ] Attempting full compaction
[5.224s][info][gc,task        ] GC(119) Using 4 workers of 8 for full compaction
[5.224s][info][gc,start       ] GC(119) Pause Full (G1 Compaction Pause)
[5.224s][info][gc,phases,start] GC(119) Phase 1: Mark live objects
[5.272s][info][gc,phases      ] GC(119) Phase 1: Mark live objects 47.253ms
[5.272s][info][gc,phases,start] GC(119) Phase 2: Prepare for compaction
[5.272s][info][gc,phases      ] GC(119) Phase 2: Prepare for compaction 0.413ms
[5.272s][info][gc,phases,start] GC(119) Phase 3: Adjust pointers
[5.285s][info][gc,phases      ] GC(119) Phase 3: Adjust pointers 12.296ms
[5.285s][info][gc,phases,start] GC(119) Phase 4: Compact heap
[5.285s][info][gc,phases      ] GC(119) Phase 4: Compact heap 0.443ms
[5.285s][info][gc,heap        ] GC(119) Eden regions: 0->0(10)
[5.285s][info][gc,heap        ] GC(119) Survivor regions: 0->0(0)
[5.285s][info][gc,heap        ] GC(119) Old regions: 192->178
[5.286s][info][gc,heap        ] GC(119) Archive regions: 2->2
[5.286s][info][gc,heap        ] GC(119) Humongous regions: 10->5
[5.286s][info][gc,metaspace   ] GC(119) Metaspace: 786K(1024K)->786K(1024K) NonClass: 718K(832K)->718K(832K) Class: 67K(192K)->67K(192K)
[5.286s][info][gc             ] GC(119) Pause Full (G1 Compaction Pause) 200M->182M(204M) 61.273ms
[5.286s][info][gc,cpu         ] GC(119) User=0.23s Sys=0.01s Real=0.07s
[5.286s][info][gc,marking     ] GC(117) Concurrent Mark From Roots 66.059ms
[5.286s][info][gc,marking     ] GC(117) Concurrent Mark Abort
[5.286s][info][gc             ] GC(117) Concurrent Mark Cycle 71.379ms
[5.299s][info][gc,start       ] GC(120) Pause Young (Concurrent Start) (G1 Humongous Allocation)
[5.299s][info][gc,task        ] GC(120) Using 4 workers of 8 for evacuation
[5.302s][info][gc,phases      ] GC(120)   Pre Evacuate Collection Set: 0.0ms
[5.302s][info][gc,phases      ] GC(120)   Merge Heap Roots: 0.1ms
[5.302s][info][gc,phases      ] GC(120)   Evacuate Collection Set: 3.2ms
[5.302s][info][gc,phases      ] GC(120)   Post Evacuate Collection Set: 0.2ms
[5.302s][info][gc,phases      ] GC(120)   Other: 0.1ms
[5.302s][info][gc,heap        ] GC(120) Eden regions: 7->0(8)
[5.302s][info][gc,heap        ] GC(120) Survivor regions: 0->2(2)
[5.302s][info][gc,heap        ] GC(120) Old regions: 178->181
[5.302s][info][gc,heap        ] GC(120) Archive regions: 2->2
[5.302s][info][gc,heap        ] GC(120) Humongous regions: 5->5
[5.302s][info][gc,metaspace   ] GC(120) Metaspace: 786K(1024K)->786K(1024K) NonClass: 718K(832K)->718K(832K) Class: 67K(192K)->67K(192K)
[5.302s][info][gc             ] GC(120) Pause Young (Concurrent Start) (G1 Humongous Allocation) 188M->186M(204M) 3.784ms
[5.302s][info][gc,cpu         ] GC(120) User=0.02s Sys=0.00s Real=0.00s
[5.302s][info][gc             ] GC(121) Concurrent Mark Cycle
[5.302s][info][gc,marking     ] GC(121) Concurrent Clear Claimed Marks
[5.302s][info][gc,marking     ] GC(121) Concurrent Clear Claimed Marks 0.010ms
[5.302s][info][gc,marking     ] GC(121) Concurrent Scan Root Regions
[5.303s][info][gc,marking     ] GC(121) Concurrent Scan Root Regions 0.404ms
[5.303s][info][gc,marking     ] GC(121) Concurrent Mark
[5.303s][info][gc,marking     ] GC(121) Concurrent Mark From Roots
[5.303s][info][gc,task        ] GC(121) Using 2 workers of 2 for marking
[5.324s][info][gc,start       ] GC(122) Pause Young (Normal) (G1 Preventive Collection)
[5.324s][info][gc,task        ] GC(122) Using 4 workers of 8 for evacuation
[5.331s][info][gc             ] GC(122) To-space exhausted
[5.331s][info][gc,phases      ] GC(122)   Pre Evacuate Collection Set: 0.0ms
[5.331s][info][gc,phases      ] GC(122)   Merge Heap Roots: 0.1ms
[5.331s][info][gc,phases      ] GC(122)   Evacuate Collection Set: 5.9ms
[5.331s][info][gc,phases      ] GC(122)   Post Evacuate Collection Set: 0.8ms
[5.331s][info][gc,phases      ] GC(122)   Other: 0.3ms
[5.331s][info][gc,heap        ] GC(122) Eden regions: 4->0(8)
[5.331s][info][gc,heap        ] GC(122) Survivor regions: 2->2(2)
[5.331s][info][gc,heap        ] GC(122) Old regions: 181->186
[5.331s][info][gc,heap        ] GC(122) Archive regions: 2->2
[5.331s][info][gc,heap        ] GC(122) Humongous regions: 10->10
[5.331s][info][gc,metaspace   ] GC(122) Metaspace: 786K(1024K)->786K(1024K) NonClass: 718K(832K)->718K(832K) Class: 67K(192K)->67K(192K)
[5.331s][info][gc             ] GC(122) Pause Young (Normal) (G1 Preventive Collection) 195M->197M(204M) 7.469ms
[5.331s][info][gc,cpu         ] GC(122) User=0.02s Sys=0.00s Real=0.01s
[5.337s][info][gc,start       ] GC(123) Pause Young (Normal) (G1 Preventive Collection)
[5.337s][info][gc,task        ] GC(123) Using 4 workers of 8 for evacuation
[5.341s][info][gc             ] GC(123) To-space exhausted
[5.341s][info][gc,phases      ] GC(123)   Pre Evacuate Collection Set: 0.0ms
[5.341s][info][gc,phases      ] GC(123)   Merge Heap Roots: 0.1ms
[5.341s][info][gc,phases      ] GC(123)   Evacuate Collection Set: 3.0ms
[5.341s][info][gc,phases      ] GC(123)   Post Evacuate Collection Set: 0.8ms
[5.341s][info][gc,phases      ] GC(123)   Other: 0.2ms
[5.341s][info][gc,heap        ] GC(123) Eden regions: 1->0(9)
[5.341s][info][gc,heap        ] GC(123) Survivor regions: 2->1(2)
[5.341s][info][gc,heap        ] GC(123) Old regions: 186->190
[5.341s][info][gc,heap        ] GC(123) Archive regions: 2->2
[5.341s][info][gc,heap        ] GC(123) Humongous regions: 10->10
[5.341s][info][gc,metaspace   ] GC(123) Metaspace: 786K(1024K)->786K(1024K) NonClass: 718K(832K)->718K(832K) Class: 67K(192K)->67K(192K)
[5.341s][info][gc             ] GC(123) Pause Young (Normal) (G1 Preventive Collection) 198M->200M(204M) 4.094ms
[5.341s][info][gc,cpu         ] GC(123) User=0.01s Sys=0.00s Real=0.00s
[5.347s][info][gc,start       ] GC(124) Pause Young (Normal) (G1 Evacuation Pause)
[5.347s][info][gc,task        ] GC(124) Using 4 workers of 8 for evacuation
[5.351s][info][gc             ] GC(124) To-space exhausted
[5.351s][info][gc,phases      ] GC(124)   Pre Evacuate Collection Set: 0.0ms
[5.351s][info][gc,phases      ] GC(124)   Merge Heap Roots: 0.0ms
[5.351s][info][gc,phases      ] GC(124)   Evacuate Collection Set: 2.8ms
[5.351s][info][gc,phases      ] GC(124)   Post Evacuate Collection Set: 1.5ms
[5.351s][info][gc,phases      ] GC(124)   Other: 0.1ms
[5.351s][info][gc,heap        ] GC(124) Eden regions: 1->0(10)
[5.351s][info][gc,heap        ] GC(124) Survivor regions: 1->0(0)
[5.351s][info][gc,heap        ] GC(124) Old regions: 190->192
[5.351s][info][gc,heap        ] GC(124) Archive regions: 2->2
[5.351s][info][gc,heap        ] GC(124) Humongous regions: 10->10
[5.351s][info][gc,metaspace   ] GC(124) Metaspace: 786K(1024K)->786K(1024K) NonClass: 718K(832K)->718K(832K) Class: 67K(192K)->67K(192K)
[5.351s][info][gc             ] GC(124) Pause Young (Normal) (G1 Evacuation Pause) 201M->201M(204M) 4.637ms
[5.351s][info][gc,cpu         ] GC(124) User=0.01s Sys=0.00s Real=0.00s
[5.351s][info][gc,ergo        ] Attempting full compaction
[5.351s][info][gc,task        ] GC(125) Using 4 workers of 8 for full compaction
[5.351s][info][gc,start       ] GC(125) Pause Full (G1 Compaction Pause)
[5.352s][info][gc,phases,start] GC(125) Phase 1: Mark live objects
[5.408s][info][gc,phases      ] GC(125) Phase 1: Mark live objects 56.929ms
[5.409s][info][gc,phases,start] GC(125) Phase 2: Prepare for compaction
[5.409s][info][gc,phases      ] GC(125) Phase 2: Prepare for compaction 0.605ms
[5.409s][info][gc,phases,start] GC(125) Phase 3: Adjust pointers
[5.424s][info][gc,phases      ] GC(125) Phase 3: Adjust pointers 15.035ms
[5.424s][info][gc,phases,start] GC(125) Phase 4: Compact heap
[5.425s][info][gc,phases      ] GC(125) Phase 4: Compact heap 0.541ms
[5.425s][info][gc,heap        ] GC(125) Eden regions: 0->0(10)
[5.425s][info][gc,heap        ] GC(125) Survivor regions: 0->0(0)
[5.425s][info][gc,heap        ] GC(125) Old regions: 192->189
[5.425s][info][gc,heap        ] GC(125) Archive regions: 2->2
[5.425s][info][gc,heap        ] GC(125) Humongous regions: 10->10
[5.425s][info][gc,metaspace   ] GC(125) Metaspace: 786K(1024K)->786K(1024K) NonClass: 718K(832K)->718K(832K) Class: 67K(192K)->67K(192K)
[5.425s][info][gc             ] GC(125) Pause Full (G1 Compaction Pause) 201M->197M(204M) 73.958ms
[5.425s][info][gc,cpu         ] GC(125) User=0.29s Sys=0.00s Real=0.08s
[5.425s][info][gc,marking     ] GC(121) Concurrent Mark From Roots 122.539ms
[5.425s][info][gc,marking     ] GC(121) Concurrent Mark Abort
[5.426s][info][gc             ] GC(121) Concurrent Mark Cycle 123.106ms
[5.430s][info][gc,start       ] GC(126) Pause Young (Normal) (G1 Preventive Collection)
[5.430s][info][gc,task        ] GC(126) Using 4 workers of 8 for evacuation
[5.432s][info][gc,phases      ] GC(126)   Pre Evacuate Collection Set: 0.0ms
[5.432s][info][gc,phases      ] GC(126)   Merge Heap Roots: 0.0ms
[5.432s][info][gc,phases      ] GC(126)   Evacuate Collection Set: 1.5ms
[5.432s][info][gc,phases      ] GC(126)   Post Evacuate Collection Set: 0.1ms
[5.432s][info][gc,phases      ] GC(126)   Other: 0.1ms
[5.432s][info][gc,heap        ] GC(126) Eden regions: 1->0(8)
[5.432s][info][gc,heap        ] GC(126) Survivor regions: 0->2(2)
[5.432s][info][gc,heap        ] GC(126) Old regions: 189->189
[5.432s][info][gc,heap        ] GC(126) Archive regions: 2->2
[5.432s][info][gc,heap        ] GC(126) Humongous regions: 10->10
[5.432s][info][gc,metaspace   ] GC(126) Metaspace: 786K(1024K)->786K(1024K) NonClass: 718K(832K)->718K(832K) Class: 67K(192K)->67K(192K)
[5.432s][info][gc             ] GC(126) Pause Young (Normal) (G1 Preventive Collection) 198M->198M(204M) 1.952ms
[5.432s][info][gc,cpu         ] GC(126) User=0.01s Sys=0.00s Real=0.00s
[5.437s][info][gc,start       ] GC(127) Pause Young (Concurrent Start) (G1 Evacuation Pause)
[5.437s][info][gc,task        ] GC(127) Using 4 workers of 8 for evacuation
[5.442s][info][gc             ] GC(127) To-space exhausted
[5.442s][info][gc,phases      ] GC(127)   Pre Evacuate Collection Set: 0.0ms
[5.442s][info][gc,phases      ] GC(127)   Merge Heap Roots: 0.0ms
[5.442s][info][gc,phases      ] GC(127)   Evacuate Collection Set: 2.7ms
[5.442s][info][gc,phases      ] GC(127)   Post Evacuate Collection Set: 2.1ms
[5.442s][info][gc,phases      ] GC(127)   Other: 0.1ms
[5.442s][info][gc,heap        ] GC(127) Eden regions: 1->0(10)
[5.442s][info][gc,heap        ] GC(127) Survivor regions: 2->0(0)
[5.442s][info][gc,heap        ] GC(127) Old regions: 189->192
[5.442s][info][gc,heap        ] GC(127) Archive regions: 2->2
[5.442s][info][gc,heap        ] GC(127) Humongous regions: 10->10
[5.442s][info][gc,metaspace   ] GC(127) Metaspace: 786K(1024K)->786K(1024K) NonClass: 718K(832K)->718K(832K) Class: 67K(192K)->67K(192K)
[5.442s][info][gc             ] GC(127) Pause Young (Concurrent Start) (G1 Evacuation Pause) 199M->199M(204M) 5.154ms
[5.442s][info][gc,cpu         ] GC(127) User=0.02s Sys=0.00s Real=0.00s
[5.442s][info][gc,ergo        ] Attempting full compaction
[5.442s][info][gc,task        ] GC(128) Using 4 workers of 8 for full compaction
[5.442s][info][gc             ] GC(129) Concurrent Mark Cycle
[5.442s][info][gc,start       ] GC(128) Pause Full (G1 Compaction Pause)
[5.442s][info][gc,marking     ] GC(129) Concurrent Clear Claimed Marks
[5.442s][info][gc,marking     ] GC(129) Concurrent Clear Claimed Marks 0.077ms
[5.442s][info][gc,marking     ] GC(129) Concurrent Scan Root Regions
[5.442s][info][gc,marking     ] GC(129) Concurrent Scan Root Regions 0.021ms
[5.442s][info][gc,marking     ] GC(129) Concurrent Mark
[5.442s][info][gc,marking     ] GC(129) Concurrent Mark From Roots
[5.442s][info][gc,task        ] GC(129) Using 2 workers of 2 for marking
[5.442s][info][gc,phases,start] GC(128) Phase 1: Mark live objects
[5.503s][info][gc,phases      ] GC(128) Phase 1: Mark live objects 61.157ms
[5.503s][info][gc,phases,start] GC(128) Phase 2: Prepare for compaction
[5.504s][info][gc,phases      ] GC(128) Phase 2: Prepare for compaction 0.308ms
[5.504s][info][gc,phases,start] GC(128) Phase 3: Adjust pointers
[5.520s][info][gc,phases      ] GC(128) Phase 3: Adjust pointers 16.250ms
[5.520s][info][gc,phases,start] GC(128) Phase 4: Compact heap
[5.520s][info][gc,phases      ] GC(128) Phase 4: Compact heap 0.208ms
[5.521s][info][gc,heap        ] GC(128) Eden regions: 0->0(10)
[5.521s][info][gc,heap        ] GC(128) Survivor regions: 0->0(0)
[5.521s][info][gc,heap        ] GC(128) Old regions: 192->191
[5.521s][info][gc,heap        ] GC(128) Archive regions: 2->2
[5.521s][info][gc,heap        ] GC(128) Humongous regions: 10->10
[5.521s][info][gc,metaspace   ] GC(128) Metaspace: 786K(1024K)->786K(1024K) NonClass: 718K(832K)->718K(832K) Class: 67K(192K)->67K(192K)
[5.521s][info][gc             ] GC(128) Pause Full (G1 Compaction Pause) 199M->199M(204M) 78.892ms
[5.521s][info][gc,cpu         ] GC(128) User=0.31s Sys=0.01s Real=0.08s
[5.521s][info][gc,marking     ] GC(129) Concurrent Mark From Roots 78.888ms
[5.521s][info][gc,marking     ] GC(129) Concurrent Mark Abort
[5.521s][info][gc             ] GC(129) Concurrent Mark Cycle 79.127ms
[5.526s][info][gc,start       ] GC(130) Pause Young (Normal) (G1 Evacuation Pause)
[5.526s][info][gc,task        ] GC(130) Using 4 workers of 8 for evacuation
[5.530s][info][gc             ] GC(130) To-space exhausted
[5.530s][info][gc,phases      ] GC(130)   Pre Evacuate Collection Set: 0.0ms
[5.530s][info][gc,phases      ] GC(130)   Merge Heap Roots: 0.0ms
[5.530s][info][gc,phases      ] GC(130)   Evacuate Collection Set: 2.2ms
[5.530s][info][gc,phases      ] GC(130)   Post Evacuate Collection Set: 2.0ms
[5.530s][info][gc,phases      ] GC(130)   Other: 0.2ms
[5.530s][info][gc,heap        ] GC(130) Eden regions: 1->0(10)
[5.530s][info][gc,heap        ] GC(130) Survivor regions: 0->0(0)
[5.530s][info][gc,heap        ] GC(130) Old regions: 191->192
[5.530s][info][gc,heap        ] GC(130) Archive regions: 2->2
[5.530s][info][gc,heap        ] GC(130) Humongous regions: 10->10
[5.530s][info][gc,metaspace   ] GC(130) Metaspace: 786K(1024K)->786K(1024K) NonClass: 718K(832K)->718K(832K) Class: 67K(192K)->67K(192K)
[5.530s][info][gc             ] GC(130) Pause Young (Normal) (G1 Evacuation Pause) 200M->200M(204M) 4.710ms
[5.530s][info][gc,cpu         ] GC(130) User=0.01s Sys=0.00s Real=0.00s
[5.530s][info][gc,ergo        ] Attempting full compaction
[5.530s][info][gc,task        ] GC(131) Using 4 workers of 8 for full compaction
[5.531s][info][gc,start       ] GC(131) Pause Full (G1 Compaction Pause)
[5.531s][info][gc,phases,start] GC(131) Phase 1: Mark live objects
[5.595s][info][gc,phases      ] GC(131) Phase 1: Mark live objects 63.946ms
[5.595s][info][gc,phases,start] GC(131) Phase 2: Prepare for compaction
[5.595s][info][gc,phases      ] GC(131) Phase 2: Prepare for compaction 0.663ms
[5.595s][info][gc,phases,start] GC(131) Phase 3: Adjust pointers
[5.611s][info][gc,phases      ] GC(131) Phase 3: Adjust pointers 15.806ms
[5.611s][info][gc,phases,start] GC(131) Phase 4: Compact heap
[5.612s][info][gc,phases      ] GC(131) Phase 4: Compact heap 0.391ms
[5.612s][info][gc,heap        ] GC(131) Eden regions: 0->0(10)
[5.612s][info][gc,heap        ] GC(131) Survivor regions: 0->0(0)
[5.612s][info][gc,heap        ] GC(131) Old regions: 192->190
[5.612s][info][gc,heap        ] GC(131) Archive regions: 2->2
[5.612s][info][gc,heap        ] GC(131) Humongous regions: 10->10
[5.612s][info][gc,metaspace   ] GC(131) Metaspace: 786K(1024K)->786K(1024K) NonClass: 718K(832K)->718K(832K) Class: 67K(192K)->67K(192K)
[5.612s][info][gc             ] GC(131) Pause Full (G1 Compaction Pause) 200M->200M(204M) 81.543ms
[5.612s][info][gc,cpu         ] GC(131) User=0.32s Sys=0.00s Real=0.08s
[5.617s][info][gc,start       ] GC(132) Pause Young (Concurrent Start) (G1 Preventive Collection)
[5.617s][info][gc,task        ] GC(132) Using 4 workers of 8 for evacuation
[5.619s][info][gc             ] GC(132) To-space exhausted
[5.619s][info][gc,phases      ] GC(132)   Pre Evacuate Collection Set: 0.0ms
[5.619s][info][gc,phases      ] GC(132)   Merge Heap Roots: 0.1ms
[5.619s][info][gc,phases      ] GC(132)   Evacuate Collection Set: 1.6ms
[5.619s][info][gc,phases      ] GC(132)   Post Evacuate Collection Set: 0.6ms
[5.619s][info][gc,phases      ] GC(132)   Other: 0.1ms
[5.619s][info][gc,heap        ] GC(132) Eden regions: 1->0(9)
[5.619s][info][gc,heap        ] GC(132) Survivor regions: 0->1(1)
[5.619s][info][gc,heap        ] GC(132) Old regions: 190->191
[5.619s][info][gc,heap        ] GC(132) Archive regions: 2->2
[5.619s][info][gc,heap        ] GC(132) Humongous regions: 10->10
[5.619s][info][gc,metaspace   ] GC(132) Metaspace: 786K(1024K)->786K(1024K) NonClass: 718K(832K)->718K(832K) Class: 67K(192K)->67K(192K)
[5.619s][info][gc             ] GC(132) Pause Young (Concurrent Start) (G1 Preventive Collection) 201M->202M(204M) 2.480ms
[5.619s][info][gc,cpu         ] GC(132) User=0.01s Sys=0.00s Real=0.00s
[5.619s][info][gc,ergo        ] Attempting full compaction
[5.619s][info][gc,task        ] GC(133) Using 4 workers of 8 for full compaction
[5.619s][info][gc             ] GC(134) Concurrent Mark Cycle
[5.619s][info][gc,start       ] GC(133) Pause Full (G1 Compaction Pause)
[5.619s][info][gc,marking     ] GC(134) Concurrent Clear Claimed Marks
[5.619s][info][gc,marking     ] GC(134) Concurrent Clear Claimed Marks 0.042ms
[5.619s][info][gc,marking     ] GC(134) Concurrent Scan Root Regions
[5.619s][info][gc,marking     ] GC(134) Concurrent Scan Root Regions 0.023ms
[5.619s][info][gc,marking     ] GC(134) Concurrent Mark
[5.619s][info][gc,marking     ] GC(134) Concurrent Mark From Roots
[5.619s][info][gc,task        ] GC(134) Using 2 workers of 2 for marking
[5.619s][info][gc,phases,start] GC(133) Phase 1: Mark live objects
[5.683s][info][gc,phases      ] GC(133) Phase 1: Mark live objects 63.709ms
[5.683s][info][gc,phases,start] GC(133) Phase 2: Prepare for compaction
[5.684s][info][gc,phases      ] GC(133) Phase 2: Prepare for compaction 0.450ms
[5.684s][info][gc,phases,start] GC(133) Phase 3: Adjust pointers
[5.699s][info][gc,phases      ] GC(133) Phase 3: Adjust pointers 15.803ms
[5.699s][info][gc,phases,start] GC(133) Phase 4: Compact heap
[5.700s][info][gc,phases      ] GC(133) Phase 4: Compact heap 0.170ms
[5.700s][info][gc,heap        ] GC(133) Eden regions: 0->0(10)
[5.700s][info][gc,heap        ] GC(133) Survivor regions: 1->0(1)
[5.700s][info][gc,heap        ] GC(133) Old regions: 191->191
[5.700s][info][gc,heap        ] GC(133) Archive regions: 2->2
[5.700s][info][gc,heap        ] GC(133) Humongous regions: 10->10
[5.700s][info][gc,metaspace   ] GC(133) Metaspace: 786K(1024K)->786K(1024K) NonClass: 718K(832K)->718K(832K) Class: 67K(192K)->67K(192K)
[5.700s][info][gc             ] GC(133) Pause Full (G1 Compaction Pause) 202M->201M(204M) 81.061ms
[5.700s][info][gc,cpu         ] GC(133) User=0.32s Sys=0.00s Real=0.08s
[5.700s][info][gc,marking     ] GC(134) Concurrent Mark From Roots 81.096ms
[5.700s][info][gc,marking     ] GC(134) Concurrent Mark Abort
[5.700s][info][gc             ] GC(134) Concurrent Mark Cycle 81.278ms
[5.705s][info][gc,start       ] GC(135) Pause Young (Normal) (G1 Evacuation Pause)
[5.705s][info][gc,task        ] GC(135) Using 4 workers of 8 for evacuation
[5.708s][info][gc             ] GC(135) To-space exhausted
[5.708s][info][gc,phases      ] GC(135)   Pre Evacuate Collection Set: 0.1ms
[5.708s][info][gc,phases      ] GC(135)   Merge Heap Roots: 0.0ms
[5.708s][info][gc,phases      ] GC(135)   Evacuate Collection Set: 1.8ms
[5.708s][info][gc,phases      ] GC(135)   Post Evacuate Collection Set: 1.5ms
[5.708s][info][gc,phases      ] GC(135)   Other: 0.2ms
[5.708s][info][gc,heap        ] GC(135) Eden regions: 1->0(10)
[5.708s][info][gc,heap        ] GC(135) Survivor regions: 0->0(0)
[5.708s][info][gc,heap        ] GC(135) Old regions: 191->192
[5.708s][info][gc,heap        ] GC(135) Archive regions: 2->2
[5.708s][info][gc,heap        ] GC(135) Humongous regions: 10->10
[5.708s][info][gc,metaspace   ] GC(135) Metaspace: 786K(1024K)->786K(1024K) NonClass: 718K(832K)->718K(832K) Class: 67K(192K)->67K(192K)
[5.709s][info][gc             ] GC(135) Pause Young (Normal) (G1 Evacuation Pause) 202M->202M(204M) 3.668ms
[5.709s][info][gc,cpu         ] GC(135) User=0.01s Sys=0.00s Real=0.00s
[5.709s][info][gc,ergo        ] Attempting full compaction
[5.709s][info][gc,task        ] GC(136) Using 4 workers of 8 for full compaction
[5.709s][info][gc,start       ] GC(136) Pause Full (G1 Compaction Pause)
[5.709s][info][gc,phases,start] GC(136) Phase 1: Mark live objects
[5.778s][info][gc,phases      ] GC(136) Phase 1: Mark live objects 69.674ms
[5.778s][info][gc,phases,start] GC(136) Phase 2: Prepare for compaction
[5.779s][info][gc,phases      ] GC(136) Phase 2: Prepare for compaction 0.206ms
[5.779s][info][gc,phases,start] GC(136) Phase 3: Adjust pointers
[5.794s][info][gc,phases      ] GC(136) Phase 3: Adjust pointers 15.423ms
[5.794s][info][gc,phases,start] GC(136) Phase 4: Compact heap
[5.794s][info][gc,phases      ] GC(136) Phase 4: Compact heap 0.134ms
[5.795s][info][gc,heap        ] GC(136) Eden regions: 0->0(10)
[5.795s][info][gc,heap        ] GC(136) Survivor regions: 0->0(0)
[5.795s][info][gc,heap        ] GC(136) Old regions: 192->192
[5.795s][info][gc,heap        ] GC(136) Archive regions: 2->2
[5.795s][info][gc,heap        ] GC(136) Humongous regions: 10->10
[5.795s][info][gc,metaspace   ] GC(136) Metaspace: 786K(1024K)->786K(1024K) NonClass: 718K(832K)->718K(832K) Class: 67K(192K)->67K(192K)
[5.795s][info][gc             ] GC(136) Pause Full (G1 Compaction Pause) 202M->202M(204M) 86.111ms
[5.795s][info][gc,cpu         ] GC(136) User=0.33s Sys=0.00s Real=0.09s
[5.795s][info][gc,ergo        ] Attempting maximum full compaction clearing soft references
[5.795s][info][gc,task        ] GC(137) Using 4 workers of 8 for full compaction
[5.795s][info][gc,start       ] GC(137) Pause Full (G1 Compaction Pause)
[5.795s][info][gc,phases,start] GC(137) Phase 1: Mark live objects
[5.861s][info][gc,phases      ] GC(137) Phase 1: Mark live objects 66.072ms
[5.861s][info][gc,phases,start] GC(137) Phase 2: Prepare for compaction
[5.882s][info][gc,phases      ] GC(137) Phase 2: Prepare for compaction 20.997ms
[5.882s][info][gc,phases,start] GC(137) Phase 3: Adjust pointers
[5.914s][info][gc,phases      ] GC(137) Phase 3: Adjust pointers 31.596ms
[5.914s][info][gc,phases,start] GC(137) Phase 4: Compact heap
[5.933s][info][gc,phases      ] GC(137) Phase 4: Compact heap 19.082ms
[5.933s][info][gc,heap        ] GC(137) Eden regions: 0->0(10)
[5.933s][info][gc,heap        ] GC(137) Survivor regions: 0->0(0)
[5.933s][info][gc,heap        ] GC(137) Old regions: 192->191
[5.933s][info][gc,heap        ] GC(137) Archive regions: 2->2
[5.933s][info][gc,heap        ] GC(137) Humongous regions: 10->10
[5.933s][info][gc,metaspace   ] GC(137) Metaspace: 786K(1024K)->786K(1024K) NonClass: 718K(832K)->718K(832K) Class: 67K(192K)->67K(192K)
[5.933s][info][gc             ] GC(137) Pause Full (G1 Compaction Pause) 202M->201M(204M) 138.567ms
[5.934s][info][gc,cpu         ] GC(137) User=0.51s Sys=0.01s Real=0.13s
[5.938s][info][gc,start       ] GC(138) Pause Young (Concurrent Start) (G1 Evacuation Pause)
[5.938s][info][gc,task        ] GC(138) Using 4 workers of 8 for evacuation
[5.942s][info][gc             ] GC(138) To-space exhausted
[5.942s][info][gc,phases      ] GC(138)   Pre Evacuate Collection Set: 0.1ms
[5.942s][info][gc,phases      ] GC(138)   Merge Heap Roots: 0.0ms
[5.942s][info][gc,phases      ] GC(138)   Evacuate Collection Set: 1.8ms
[5.942s][info][gc,phases      ] GC(138)   Post Evacuate Collection Set: 2.0ms
[5.942s][info][gc,phases      ] GC(138)   Other: 0.1ms
[5.942s][info][gc,heap        ] GC(138) Eden regions: 1->0(10)
[5.942s][info][gc,heap        ] GC(138) Survivor regions: 0->0(0)
[5.942s][info][gc,heap        ] GC(138) Old regions: 191->192
[5.942s][info][gc,heap        ] GC(138) Archive regions: 2->2
[5.942s][info][gc,heap        ] GC(138) Humongous regions: 10->10
[5.942s][info][gc,metaspace   ] GC(138) Metaspace: 786K(1024K)->786K(1024K) NonClass: 718K(832K)->718K(832K) Class: 67K(192K)->67K(192K)
[5.942s][info][gc             ] GC(138) Pause Young (Concurrent Start) (G1 Evacuation Pause) 202M->202M(204M) 4.104ms
[5.942s][info][gc,cpu         ] GC(138) User=0.01s Sys=0.00s Real=0.00s
[5.942s][info][gc,ergo        ] Attempting full compaction
[5.942s][info][gc,task        ] GC(139) Using 4 workers of 8 for full compaction
[5.942s][info][gc             ] GC(140) Concurrent Mark Cycle
[5.942s][info][gc,start       ] GC(139) Pause Full (G1 Compaction Pause)
[5.942s][info][gc,marking     ] GC(140) Concurrent Clear Claimed Marks
[5.942s][info][gc,marking     ] GC(140) Concurrent Clear Claimed Marks 0.079ms
[5.942s][info][gc,marking     ] GC(140) Concurrent Scan Root Regions
[5.942s][info][gc,marking     ] GC(140) Concurrent Scan Root Regions 0.033ms
[5.942s][info][gc,marking     ] GC(140) Concurrent Mark
[5.942s][info][gc,marking     ] GC(140) Concurrent Mark From Roots
[5.942s][info][gc,phases,start] GC(139) Phase 1: Mark live objects
[5.942s][info][gc,task        ] GC(140) Using 2 workers of 2 for marking
[6.012s][info][gc,phases      ] GC(139) Phase 1: Mark live objects 69.320ms
[6.012s][info][gc,phases,start] GC(139) Phase 2: Prepare for compaction
[6.012s][info][gc,phases      ] GC(139) Phase 2: Prepare for compaction 0.387ms
[6.012s][info][gc,phases,start] GC(139) Phase 3: Adjust pointers
[6.030s][info][gc,phases      ] GC(139) Phase 3: Adjust pointers 18.247ms
[6.030s][info][gc,phases,start] GC(139) Phase 4: Compact heap
[6.031s][info][gc,phases      ] GC(139) Phase 4: Compact heap 0.297ms
[6.031s][info][gc,heap        ] GC(139) Eden regions: 0->0(10)
[6.031s][info][gc,heap        ] GC(139) Survivor regions: 0->0(0)
[6.031s][info][gc,heap        ] GC(139) Old regions: 192->192
[6.031s][info][gc,heap        ] GC(139) Archive regions: 2->2
[6.031s][info][gc,heap        ] GC(139) Humongous regions: 10->10
[6.031s][info][gc,metaspace   ] GC(139) Metaspace: 786K(1024K)->786K(1024K) NonClass: 718K(832K)->718K(832K) Class: 67K(192K)->67K(192K)
[6.031s][info][gc             ] GC(139) Pause Full (G1 Compaction Pause) 202M->202M(204M) 89.144ms
[6.031s][info][gc,cpu         ] GC(139) User=0.34s Sys=0.01s Real=0.09s
[6.031s][info][gc,ergo        ] Attempting maximum full compaction clearing soft references
[6.031s][info][gc,task        ] GC(141) Using 4 workers of 8 for full compaction
[6.031s][info][gc,start       ] GC(141) Pause Full (G1 Compaction Pause)
[6.031s][info][gc,phases,start] GC(141) Phase 1: Mark live objects
[6.103s][info][gc,phases      ] GC(141) Phase 1: Mark live objects 71.601ms
[6.103s][info][gc,phases,start] GC(141) Phase 2: Prepare for compaction
[6.120s][info][gc,phases      ] GC(141) Phase 2: Prepare for compaction 17.120ms
[6.120s][info][gc,phases,start] GC(141) Phase 3: Adjust pointers
[6.148s][info][gc,phases      ] GC(141) Phase 3: Adjust pointers 27.550ms
[6.148s][info][gc,phases,start] GC(141) Phase 4: Compact heap
[6.163s][info][gc,phases      ] GC(141) Phase 4: Compact heap 15.549ms
[6.164s][info][gc,heap        ] GC(141) Eden regions: 0->0(10)
[6.164s][info][gc,heap        ] GC(141) Survivor regions: 0->0(0)
[6.164s][info][gc,heap        ] GC(141) Old regions: 192->192
[6.164s][info][gc,heap        ] GC(141) Archive regions: 2->2
[6.164s][info][gc,heap        ] GC(141) Humongous regions: 10->10
[6.164s][info][gc,metaspace   ] GC(141) Metaspace: 786K(1024K)->786K(1024K) NonClass: 718K(832K)->718K(832K) Class: 67K(192K)->67K(192K)
[6.164s][info][gc             ] GC(141) Pause Full (G1 Compaction Pause) 202M->202M(204M) 132.653ms
[6.164s][info][gc,cpu         ] GC(141) User=0.49s Sys=0.00s Real=0.13s
[6.164s][info][gc,marking     ] GC(140) Concurrent Mark From Roots 221.909ms
[6.164s][info][gc,marking     ] GC(140) Concurrent Mark Abort
[6.164s][info][gc             ] GC(140) Concurrent Mark Cycle 222.141ms
[6.164s][info][gc,start       ] GC(142) Pause Young (Normal) (G1 Evacuation Pause)
[6.164s][info][gc,task        ] GC(142) Using 4 workers of 8 for evacuation
[6.165s][info][gc,phases      ] GC(142)   Pre Evacuate Collection Set: 0.0ms
[6.165s][info][gc,phases      ] GC(142)   Merge Heap Roots: 0.0ms
[6.165s][info][gc,phases      ] GC(142)   Evacuate Collection Set: 0.1ms
[6.165s][info][gc,phases      ] GC(142)   Post Evacuate Collection Set: 0.1ms
[6.165s][info][gc,phases      ] GC(142)   Other: 0.1ms
[6.165s][info][gc,heap        ] GC(142) Eden regions: 0->0(10)
[6.165s][info][gc,heap        ] GC(142) Survivor regions: 0->0(0)
[6.165s][info][gc,heap        ] GC(142) Old regions: 192->192
[6.165s][info][gc,heap        ] GC(142) Archive regions: 2->2
[6.165s][info][gc,heap        ] GC(142) Humongous regions: 10->10
[6.165s][info][gc,metaspace   ] GC(142) Metaspace: 786K(1024K)->786K(1024K) NonClass: 718K(832K)->718K(832K) Class: 67K(192K)->67K(192K)
[6.165s][info][gc             ] GC(142) Pause Young (Normal) (G1 Evacuation Pause) 202M->202M(204M) 0.492ms
[6.165s][info][gc,cpu         ] GC(142) User=0.00s Sys=0.00s Real=0.01s
[6.165s][info][gc,ergo        ] Attempting full compaction
[6.165s][info][gc,task        ] GC(143) Using 4 workers of 8 for full compaction
[6.165s][info][gc,start       ] GC(143) Pause Full (G1 Compaction Pause)
[6.165s][info][gc,phases,start] GC(143) Phase 1: Mark live objects
[6.226s][info][gc,phases      ] GC(143) Phase 1: Mark live objects 61.188ms
[6.226s][info][gc,phases,start] GC(143) Phase 2: Prepare for compaction
[6.226s][info][gc,phases      ] GC(143) Phase 2: Prepare for compaction 0.392ms
[6.227s][info][gc,phases,start] GC(143) Phase 3: Adjust pointers
[6.241s][info][gc,phases      ] GC(143) Phase 3: Adjust pointers 14.396ms
[6.241s][info][gc,phases,start] GC(143) Phase 4: Compact heap
[6.241s][info][gc,phases      ] GC(143) Phase 4: Compact heap 0.282ms
[6.242s][info][gc,heap        ] GC(143) Eden regions: 0->0(10)
[6.242s][info][gc,heap        ] GC(143) Survivor regions: 0->0(0)
[6.242s][info][gc,heap        ] GC(143) Old regions: 192->192
[6.242s][info][gc,heap        ] GC(143) Archive regions: 2->2
[6.242s][info][gc,heap        ] GC(143) Humongous regions: 10->10
[6.242s][info][gc,metaspace   ] GC(143) Metaspace: 786K(1024K)->786K(1024K) NonClass: 718K(832K)->718K(832K) Class: 67K(192K)->67K(192K)
[6.242s][info][gc             ] GC(143) Pause Full (G1 Compaction Pause) 202M->202M(204M) 77.001ms
[6.242s][info][gc,cpu         ] GC(143) User=0.30s Sys=0.00s Real=0.07s
[6.242s][info][gc,ergo        ] Attempting maximum full compaction clearing soft references
[6.242s][info][gc,task        ] GC(144) Using 4 workers of 8 for full compaction
[6.242s][info][gc,start       ] GC(144) Pause Full (G1 Compaction Pause)
[6.242s][info][gc,phases,start] GC(144) Phase 1: Mark live objects
[6.303s][info][gc,phases      ] GC(144) Phase 1: Mark live objects 61.125ms
[6.303s][info][gc,phases,start] GC(144) Phase 2: Prepare for compaction
[6.332s][info][gc,phases      ] GC(144) Phase 2: Prepare for compaction 28.922ms
[6.332s][info][gc,phases,start] GC(144) Phase 3: Adjust pointers
[6.357s][info][gc,phases      ] GC(144) Phase 3: Adjust pointers 24.928ms
[6.357s][info][gc,phases,start] GC(144) Phase 4: Compact heap
[6.370s][info][gc,phases      ] GC(144) Phase 4: Compact heap 13.216ms
[6.371s][info][gc,heap        ] GC(144) Eden regions: 0->0(10)
[6.371s][info][gc,heap        ] GC(144) Survivor regions: 0->0(0)
[6.371s][info][gc,heap        ] GC(144) Old regions: 192->192
[6.371s][info][gc,heap        ] GC(144) Archive regions: 2->2
[6.371s][info][gc,heap        ] GC(144) Humongous regions: 10->10
[6.371s][info][gc,metaspace   ] GC(144) Metaspace: 786K(1024K)->786K(1024K) NonClass: 718K(832K)->718K(832K) Class: 67K(192K)->67K(192K)
[6.371s][info][gc             ] GC(144) Pause Full (G1 Compaction Pause) 202M->202M(204M) 128.949ms
[6.371s][info][gc,cpu         ] GC(144) User=0.48s Sys=0.01s Real=0.13s
[6.371s][info][gc,start       ] GC(145) Pause Young (Concurrent Start) (G1 Evacuation Pause)
[6.371s][info][gc,task        ] GC(145) Using 4 workers of 8 for evacuation
[6.372s][info][gc,phases      ] GC(145)   Pre Evacuate Collection Set: 0.0ms
[6.372s][info][gc,phases      ] GC(145)   Merge Heap Roots: 0.1ms
[6.372s][info][gc,phases      ] GC(145)   Evacuate Collection Set: 0.2ms
[6.372s][info][gc,phases      ] GC(145)   Post Evacuate Collection Set: 0.1ms
[6.372s][info][gc,phases      ] GC(145)   Other: 0.1ms
[6.372s][info][gc,heap        ] GC(145) Eden regions: 0->0(10)
[6.372s][info][gc,heap        ] GC(145) Survivor regions: 0->0(0)
[6.372s][info][gc,heap        ] GC(145) Old regions: 192->192
[6.372s][info][gc,heap        ] GC(145) Archive regions: 2->2
[6.372s][info][gc,heap        ] GC(145) Humongous regions: 10->10
[6.372s][info][gc,metaspace   ] GC(145) Metaspace: 786K(1024K)->786K(1024K) NonClass: 718K(832K)->718K(832K) Class: 67K(192K)->67K(192K)
[6.372s][info][gc             ] GC(145) Pause Young (Concurrent Start) (G1 Evacuation Pause) 202M->202M(204M) 0.608ms
[6.372s][info][gc,cpu         ] GC(145) User=0.00s Sys=0.00s Real=0.00s
[6.372s][info][gc,ergo        ] Attempting full compaction
[6.372s][info][gc,task        ] GC(146) Using 4 workers of 8 for full compaction
[6.372s][info][gc             ] GC(147) Concurrent Mark Cycle
[6.372s][info][gc,start       ] GC(146) Pause Full (G1 Compaction Pause)
[6.372s][info][gc,marking     ] GC(147) Concurrent Clear Claimed Marks
[6.372s][info][gc,marking     ] GC(147) Concurrent Clear Claimed Marks 0.065ms
[6.372s][info][gc,marking     ] GC(147) Concurrent Scan Root Regions
[6.372s][info][gc,marking     ] GC(147) Concurrent Scan Root Regions 0.010ms
[6.372s][info][gc,marking     ] GC(147) Concurrent Mark
[6.372s][info][gc,marking     ] GC(147) Concurrent Mark From Roots
[6.372s][info][gc,task        ] GC(147) Using 2 workers of 2 for marking
[6.372s][info][gc,phases,start] GC(146) Phase 1: Mark live objects
[6.412s][info][gc,phases      ] GC(146) Phase 1: Mark live objects 39.305ms
[6.412s][info][gc,phases,start] GC(146) Phase 2: Prepare for compaction
[6.413s][info][gc,phases      ] GC(146) Phase 2: Prepare for compaction 1.200ms
[6.413s][info][gc,phases,start] GC(146) Phase 3: Adjust pointers
[6.425s][info][gc,phases      ] GC(146) Phase 3: Adjust pointers 12.516ms
[6.425s][info][gc,phases,start] GC(146) Phase 4: Compact heap
[6.426s][info][gc,phases      ] GC(146) Phase 4: Compact heap 0.983ms
[6.427s][info][gc,heap        ] GC(146) Eden regions: 0->0(10)
[6.427s][info][gc,heap        ] GC(146) Survivor regions: 0->0(0)
[6.427s][info][gc,heap        ] GC(146) Old regions: 192->182
[6.427s][info][gc,heap        ] GC(146) Archive regions: 2->2
[6.427s][info][gc,heap        ] GC(146) Humongous regions: 10->5
[6.427s][info][gc,metaspace   ] GC(146) Metaspace: 786K(1024K)->786K(1024K) NonClass: 718K(832K)->718K(832K) Class: 67K(192K)->67K(192K)
[6.427s][info][gc             ] GC(146) Pause Full (G1 Compaction Pause) 202M->185M(204M) 54.863ms
[6.427s][info][gc,cpu         ] GC(146) User=0.21s Sys=0.00s Real=0.06s
[6.427s][info][gc,marking     ] GC(147) Concurrent Mark From Roots 54.877ms
[6.427s][info][gc,marking     ] GC(147) Concurrent Mark Abort
[6.427s][info][gc             ] GC(147) Concurrent Mark Cycle 55.073ms
[6.429s][info][gc,heap,exit   ] Heap
[6.429s][info][gc,heap,exit   ]  garbage-first heap   total 208896K, used 190677K [0x00000007f3400000, 0x0000000800000000)
[6.429s][info][gc,heap,exit   ]   region size 1024K, 1 young (1024K), 0 survivors (0K)
[6.429s][info][gc,heap,exit   ]  Metaspace       used 793K, committed 1024K, reserved 1056768K
[6.429s][info][gc,heap,exit   ]   class space    used 69K, committed 192K, reserved 1048576K
